<html>
<body>
<pre>
<h1>µVision Build Log</h1>
<h2>Tool Versions:</h2>
IDE-Version: µVision V5.20.0.0
Copyright (C) 2016 ARM Ltd and ARM Germany GmbH. All rights reserved.
License Information: A S, AS, LIC=LJWDY-IWR9F-GNTA5-G7RBD-61JVX-YHPUE
 
Tool Versions:
Toolchain:       MDK-ARM Professional  Version: 5.20
Toolchain Path:  D:\Keil_v5.2\ARM\ARMCC\Bin
C Compiler:      Armcc.exe V5.06 update 2 (build 183)
Assembler:       Armasm.exe V5.06 update 2 (build 183)
Linker/Locator:  ArmLink.exe V5.06 update 2 (build 183)
Library Manager: ArmAr.exe V5.06 update 2 (build 183)
Hex Converter:   FromElf.exe V5.06 update 2 (build 183)
CPU DLL:         SARMCM3.DLL V5.20
Dialog DLL:      DCM.DLL V1.13.7.0
Target DLL:      STLink\ST-LINKIII-KEIL_SWO.dll V2.0.18.0
Dialog DLL:      TCM.DLL V1.14.9.0
 
<h2>Project:</h2>
D:\workspace\STM\QREC\PROJECT-01-STM32F429_FFT\project.uvprojx
Project File Date:  09/18/2016

<h2>Output:</h2>
*** Using Compiler 'V5.06 update 2 (build 183)', folder: 'D:\Keil_v5.2\ARM\ARMCC\Bin'
Build target 'STM32F429-Discovery'
compiling main.c...
compiling init_periph_irqs.c...
compiling usart.c...
User\usart.c(106): warning:  #167-D: argument of type "unsigned char *" is incompatible with parameter of type "char *restrict"
      sprintf(output, "%02X%02X%02X%02X%02X%02X%02X", input[0], input[1], input[2], input[3], input[4], input[5], input[6]);
User\usart.c(258): warning:  #167-D: argument of type "unsigned char *" is incompatible with parameter of type "const char *"
      incoming_packet.packet_length = strlen(packet);
User\usart.c(285): warning:  #167-D: argument of type "char *" is incompatible with parameter of type "uint8_t *"
      outgoing_packet.crc8 = usart_crc8(
RC_INIT_VAL, data_for_crc8); 
User\usart.c(305): warning:  #167-D: argument of type "char *" is incompatible with parameter of type "uint8_t *"
  	char incoming_crc8 = usart_crc8(
RC_INIT_VAL, data_for_crc8);
User\usart.c(320): warning:  #167-D: argument of type "uint8_t *" is incompatible with parameter of type "const char *"
  	uint8_t len = strlen(packet);
User\usart.c: 5 warnings, 0 errors
compiling cup_detection.c...
compiling detect_whistle.c...
User\detect_whistle.c(217): warning:  #1035-D: single-precision operand implicitly converted to double-precision
  			setSilenceThresh( (silence_thresh_avg/
IL_AVG_SAMPLES) + 
ORRECTION_VALUE ); 			// Add correction value, 4 seems to be optimal
User\detect_whistle.c: 1 warning, 0 errors
compiling pulse_reading.c...
compiling movement_detection.c...
compiling leds.c...
linking...
Program Size: Code=17068 RO-data=35336 RW-data=160 ZI-data=5424  
FromELF: creating hex file...
".\Targets\STM32F429_Discovery\project.axf" - 0 Error(s), 6 Warning(s).

<h2>Collection of Component include folders:</h2>
  D:\workspace\STM\QREC\PROJECT-01-STM32F429_FFT\RTE
  D:\Keil_v5.2\ARM\PACK\Keil\STM32F4xx_DFP\2.9.0\Drivers\CMSIS\Device\ST\STM32F4xx\Include

<h2>Collection of Component Files used:</h2>
Build Time Elapsed:  00:00:04
</pre>
</body>
</html>
