Component: ARM Compiler 5.06 update 2 (build 183) Tool: armlink [4d35b7]

==============================================================================

Section Cross References

    startup_stm32f427_437xx.o(STACK) refers (Special) to heapauxi.o(.text) for __use_two_region_memory
    startup_stm32f427_437xx.o(HEAP) refers (Special) to heapauxi.o(.text) for __use_two_region_memory
    startup_stm32f427_437xx.o(RESET) refers (Special) to heapauxi.o(.text) for __use_two_region_memory
    startup_stm32f427_437xx.o(RESET) refers to startup_stm32f427_437xx.o(STACK) for __initial_sp
    startup_stm32f427_437xx.o(RESET) refers to startup_stm32f427_437xx.o(.text) for Reset_Handler
    startup_stm32f427_437xx.o(RESET) refers to stm32f4xx_it.o(.text) for NMI_Handler
    startup_stm32f427_437xx.o(RESET) refers to init_periph_irqs.o(.text) for TIM2_IRQHandler
    startup_stm32f427_437xx.o(RESET) refers to usart.o(.text) for USART3_IRQHandler
    startup_stm32f427_437xx.o(.text) refers (Special) to heapauxi.o(.text) for __use_two_region_memory
    startup_stm32f427_437xx.o(.text) refers to system_stm32f4xx.o(.text) for SystemInit
    startup_stm32f427_437xx.o(.text) refers to __main.o(!!!main) for __main
    startup_stm32f427_437xx.o(.text) refers to startup_stm32f427_437xx.o(HEAP) for Heap_Mem
    startup_stm32f427_437xx.o(.text) refers to startup_stm32f427_437xx.o(STACK) for Stack_Mem
    stm32f4xx_rcc.o(.text) refers to stm32f4xx_rcc.o(.data) for .data
    stm32f4xx_gpio.o(.text) refers to stm32f4xx_rcc.o(.text) for RCC_AHB1PeriphResetCmd
    stm32f4xx_adc.o(.text) refers to stm32f4xx_rcc.o(.text) for RCC_APB2PeriphResetCmd
    stm32f4xx_dac.o(.text) refers to stm32f4xx_rcc.o(.text) for RCC_APB1PeriphResetCmd
    stm32f4xx_tim.o(.text) refers to stm32f4xx_rcc.o(.text) for RCC_APB2PeriphResetCmd
    stm32f4xx_fmc.o(.text) refers to stm32f4xx_fmc.o(.constdata) for .constdata
    stm32f4xx_ltdc.o(.text) refers to stm32f4xx_rcc.o(.text) for RCC_APB2PeriphResetCmd
    stm32f4xx_spi.o(.text) refers to stm32f4xx_rcc.o(.text) for RCC_APB1PeriphResetCmd
    stm32f4xx_usart.o(.text) refers to stm32f4xx_rcc.o(.text) for RCC_APB2PeriphResetCmd
    stm32f4xx_syscfg.o(.text) refers to stm32f4xx_rcc.o(.text) for RCC_APB2PeriphResetCmd
    arm_cfft_radix4_f32.o(.text) refers to arm_bitreversal.o(.text) for arm_bitreversal_f32
    arm_cfft_radix4_init_f32.o(.text) refers to arm_common_tables.o(.constdata) for twiddleCoef_4096
    arm_cfft_radix4_init_f32.o(.text) refers to arm_common_tables.o(.constdata) for armBitRevTable
    tm_stm32f4_adc.o(.text) refers to stm32f4xx_rcc.o(.text) for RCC_APB2PeriphClockCmd
    tm_stm32f4_adc.o(.text) refers to stm32f4xx_adc.o(.text) for ADC_CommonInit
    tm_stm32f4_adc.o(.text) refers to stm32f4xx_gpio.o(.text) for GPIO_Init
    tm_stm32f4_adc.o(.text) refers to tm_stm32f4_adc.o(.data) for .data
    tm_stm32f4_dac_signal.o(.text) refers to stm32f4xx_rcc.o(.text) for RCC_AHB1PeriphClockCmd
    tm_stm32f4_dac_signal.o(.text) refers to stm32f4xx_gpio.o(.text) for GPIO_Init
    tm_stm32f4_dac_signal.o(.text) refers to tm_stm32f4_timer_properties.o(.text) for TM_TIMER_PROPERTIES_GetTimerProperties
    tm_stm32f4_dac_signal.o(.text) refers to dflt_clz.o(x$fpl$dfltu) for __aeabi_ui2d
    tm_stm32f4_dac_signal.o(.text) refers to dmul.o(x$fpl$dmul) for __aeabi_dmul
    tm_stm32f4_dac_signal.o(.text) refers to stm32f4xx_dac.o(.text) for DAC_Init
    tm_stm32f4_dac_signal.o(.text) refers to stm32f4xx_tim.o(.text) for TIM_TimeBaseStructInit
    tm_stm32f4_dac_signal.o(.text) refers to stm32f4xx_dma.o(.text) for DMA_DeInit
    tm_stm32f4_dac_signal.o(.text) refers to tm_stm32f4_dac_signal.o(.data) for .data
    tm_stm32f4_delay.o(.text) refers to stm32f4xx_rcc.o(.text) for RCC_HSEConfig
    tm_stm32f4_delay.o(.text) refers to tm_stm32f4_delay.o(.data) for .data
    tm_stm32f4_delay.o(.text) refers to system_stm32f4xx.o(.data) for SystemCoreClock
    tm_stm32f4_disco.o(.text) refers to stm32f4xx_rcc.o(.text) for RCC_AHB1PeriphClockCmd
    tm_stm32f4_disco.o(.text) refers to stm32f4xx_gpio.o(.text) for GPIO_Init
    tm_stm32f4_fonts.o(.data) refers to tm_stm32f4_fonts.o(.constdata) for TM_Font7x10
    tm_stm32f4_fonts.o(.data) refers to tm_stm32f4_fonts.o(.constdata) for TM_Font11x18
    tm_stm32f4_fonts.o(.data) refers to tm_stm32f4_fonts.o(.constdata) for TM_Font16x26
    tm_stm32f4_ili9341_ltdc.o(.text) refers to stm32f4xx_ltdc.o(.text) for LTDC_LayerInit
    tm_stm32f4_ili9341_ltdc.o(.text) refers to stm32f4xx_rcc.o(.text) for RCC_APB2PeriphClockCmd
    tm_stm32f4_ili9341_ltdc.o(.text) refers to stm32f4xx_gpio.o(.text) for GPIO_ResetBits
    tm_stm32f4_ili9341_ltdc.o(.text) refers to tm_stm32f4_spi.o(.text) for TM_SPI_Send
    tm_stm32f4_ili9341_ltdc.o(.text) refers to tm_stm32f4_ili9341_ltdc.o(.bss) for .bss
    tm_stm32f4_ili9341_ltdc.o(.text) refers to tm_stm32f4_sdram.o(.text) for TM_SDRAM_Init
    tm_stm32f4_ili9341_ltdc.o(.text) refers to tm_stm32f4_ili9341_ltdc.o(.data) for .data
[...]
    __rt_lib_init_exceptions_1               0x08000255   Thumb Code     0  libinit2.o(.ARM.Collect$$libinit$$00000030)
    __rt_lib_init_fp_trap_1                  0x08000255   Thumb Code     0  libinit2.o(.ARM.Collect$$libinit$$0000001F)
    __rt_lib_init_getenv_1                   0x08000255   Thumb Code     0  libinit2.o(.ARM.Collect$$libinit$$00000023)
    __rt_lib_init_lc_numeric_1               0x08000255   Thumb Code     0  libinit2.o(.ARM.Collect$$libinit$$00000017)
    __rt_lib_init_lc_time_1                  0x08000255   Thumb Code     0  libinit2.o(.ARM.Collect$$libinit$$00000019)
    __rt_lib_init_return                     0x08000255   Thumb Code     0  libinit2.o(.ARM.Collect$$libinit$$00000033)
    __rt_lib_init_signal_1                   0x08000255   Thumb Code     0  libinit2.o(.ARM.Collect$$libinit$$0000001D)
    __rt_lib_init_stdio_1                    0x08000255   Thumb Code     0  libinit2.o(.ARM.Collect$$libinit$$00000025)
    __rt_lib_shutdown                        0x08000257   Thumb Code     0  libshutdown.o(.ARM.Collect$$libshutdown$$00000000)
    __rt_lib_shutdown_cpp_1                  0x08000259   Thumb Code     0  libshutdown2.o(.ARM.Collect$$libshutdown$$00000002)
    __rt_lib_shutdown_fp_trap_1              0x08000259   Thumb Code     0  libshutdown2.o(.ARM.Collect$$libshutdown$$00000007)
    __rt_lib_shutdown_heap_1                 0x08000259   Thumb Code     0  libshutdown2.o(.ARM.Collect$$libshutdown$$0000000F)
    __rt_lib_shutdown_return                 0x08000259   Thumb Code     0  libshutdown2.o(.ARM.Collect$$libshutdown$$00000010)
    __rt_lib_shutdown_signal_1               0x08000259   Thumb Code     0  libshutdown2.o(.ARM.Collect$$libshutdown$$0000000A)
    __rt_lib_shutdown_stdio_1                0x08000259   Thumb Code     0  libshutdown2.o(.ARM.Collect$$libshutdown$$00000004)
    __rt_lib_shutdown_user_alloc_1           0x08000259   Thumb Code     0  libshutdown2.o(.ARM.Collect$$libshutdown$$0000000C)
    __rt_entry                               0x0800025b   Thumb Code     0  __rtentry.o(.ARM.Collect$$rtentry$$00000000)
    __rt_entry_presh_1                       0x0800025b   Thumb Code     0  __rtentry2.o(.ARM.Collect$$rtentry$$00000002)
    __rt_entry_sh                            0x0800025b   Thumb Code     0  __rtentry4.o(.ARM.Collect$$rtentry$$00000004)
    __rt_entry_li                            0x08000261   Thumb Code     0  __rtentry2.o(.ARM.Collect$$rtentry$$0000000A)
    __rt_entry_postsh_1                      0x08000261   Thumb Code     0  __rtentry2.o(.ARM.Collect$$rtentry$$00000009)
    __rt_entry_main                          0x08000265   Thumb Code     0  __rtentry2.o(.ARM.Collect$$rtentry$$0000000D)
    __rt_entry_postli_1                      0x08000265   Thumb Code     0  __rtentry2.o(.ARM.Collect$$rtentry$$0000000C)
    __rt_exit                                0x0800026d   Thumb Code     0  rtexit.o(.ARM.Collect$$rtexit$$00000000)
    __rt_exit_ls                             0x0800026f   Thumb Code     0  rtexit2.o(.ARM.Collect$$rtexit$$00000003)
    __rt_exit_prels_1                        0x0800026f   Thumb Code     0  rtexit2.o(.ARM.Collect$$rtexit$$00000002)
    __rt_exit_exit                           0x08000273   Thumb Code     0  rtexit2.o(.ARM.Collect$$rtexit$$00000004)
    Reset_Handler                            0x08000279   Thumb Code     8  startup_stm32f427_437xx.o(.text)
    _maybe_terminate_alloc                   0x08000279   Thumb Code     0  maybetermalloc1.o(.emb_text)
    ADC_IRQHandler                           0x08000293   Thumb Code     0  startup_stm32f427_437xx.o(.text)
    CAN1_RX0_IRQHandler                      0x08000293   Thumb Code     0  startup_stm32f427_437xx.o(.text)
    CAN1_RX1_IRQHandler                      0x08000293   Thumb Code     0  startup_stm32f427_437xx.o(.text)
    CAN1_SCE_IRQHandler                      0x08000293   Thumb Code     0  startup_stm32f427_437xx.o(.text)
    CAN1_TX_IRQHandler                       0x08000293   Thumb Code     0  startup_stm32f427_437xx.o(.text)
    CAN2_RX0_IRQHandler                      0x08000293   Thumb Code     0  startup_stm32f427_437xx.o(.text)
    CAN2_RX1_IRQHandler                      0x08000293   Thumb Code     0  startup_stm32f427_437xx.o(.text)
    CAN2_SCE_IRQHandler                      0x08000293   Thumb Code     0  startup_stm32f427_437xx.o(.text)
    CAN2_TX_IRQHandler                       0x08000293   Thumb Code     0  startup_stm32f427_437xx.o(.text)
    CRYP_IRQHandler                          0x08000293   Thumb Code     0  startup_stm32f427_437xx.o(.text)
    DCMI_IRQHandler                          0x08000293   Thumb Code     0  startup_stm32f427_437xx.o(.text)
    DMA1_Stream0_IRQHandler                  0x08000293   Thumb Code     0  startup_stm32f427_437xx.o(.text)
    DMA1_Stream1_IRQHandler                  0x08000293   Thumb Code     0  startup_stm32f427_437xx.o(.text)
    DMA1_Stream2_IRQHandler                  0x08000293   Thumb Code     0  startup_stm32f427_437xx.o(.text)
    DMA1_Stream3_IRQHandler                  0x08000293   Thumb Code     0  startup_stm32f427_437xx.o(.text)
    DMA1_Stream4_IRQHandler                  0x08000293   Thumb Code     0  startup_stm32f427_437xx.o(.text)
    DMA1_Stream5_IRQHandler                  0x08000293   Thumb Code     0  startup_stm32f427_437xx.o(.text)
    DMA1_Stream6_IRQHandler                  0x08000293   Thumb Code     0  startup_stm32f427_437xx.o(.text)
    DMA1_Stream7_IRQHandler                  0x08000293   Thumb Code     0  startup_stm32f427_437xx.o(.text)
    DMA2D_IRQHandler                         0x08000293   Thumb Code     0  startup_stm32f427_437xx.o(.text)
    DMA2_Stream0_IRQHandler                  0x08000293   Thumb Code     0  startup_stm32f427_437xx.o(.text)
    DMA2_Stream1_IRQHandler                  0x08000293   Thumb Code     0  startup_stm32f427_437xx.o(.text)
    DMA2_Stream2_IRQHandler                  0x08000293   Thumb Code     0  startup_stm32f427_437xx.o(.text)
    DMA2_Stream3_IRQHandler                  0x08000293   Thumb Code     0  startup_stm32f427_437xx.o(.text)
    DMA2_Stream4_IRQHandler                  0x08000293   Thumb Code     0  startup_stm32f427_437xx.o(.text)
    DMA2_Stream5_IRQHandler                  0x08000293   Thumb Code     0  startup_stm32f427_437xx.o(.text)
    DMA2_Stream6_IRQHandler                  0x08000293   Thumb Code     0  startup_stm32f427_437xx.o(.text)
    DMA2_Stream7_IRQHandler                  0x08000293   Thumb Code     0  startup_stm32f427_437xx.o(.text)
    ETH_IRQHandler                           0x08000293   Thumb Code     0  startup_stm32f427_437xx.o(.text)
    ETH_WKUP_IRQHandler                      0x08000293   Thumb Code     0  startup_stm32f427_437xx.o(.text)
    EXTI0_IRQHandler                         0x08000293   Thumb Code     0  startup_stm32f427_437xx.o(.text)
    EXTI15_10_IRQHandler                     0x08000293   Thumb Code     0  startup_stm32f427_437xx.o(.text)
    EXTI1_IRQHandler                         0x08000293   Thumb Code     0  startup_stm32f427_437xx.o(.text)
    EXTI2_IRQHandler                         0x08000293   Thumb Code     0  startup_stm32f427_437xx.o(.text)
    EXTI3_IRQHandler                         0x08000293   Thumb Code     0  startup_stm32f427_437xx.o(.text)
    EXTI4_IRQHandler                         0x08000293   Thumb Code     0  startup_stm32f427_437xx.o(.text)
    EXTI9_5_IRQHandler                       0x08000293   Thumb Code     0  startup_stm32f427_437xx.o(.text)
    FLASH_IRQHandler                         0x08000293   Thumb Code     0  startup_stm32f427_437xx.o(.text)
    FMC_IRQHandler                           0x08000293   Thumb Code     0  startup_stm32f427_437xx.o(.text)
    FPU_IRQHandler                           0x08000293   Thumb Code     0  startup_stm32f427_437xx.o(.text)
    HASH_RNG_IRQHandler                      0x08000293   Thumb Code     0  startup_stm32f427_437xx.o(.text)
    I2C1_ER_IRQHandler                       0x08000293   Thumb Code     0  startup_stm32f427_437xx.o(.text)
    I2C1_EV_IRQHandler                       0x08000293   Thumb Code     0  startup_stm32f427_437xx.o(.text)
    I2C2_ER_IRQHandler                       0x08000293   Thumb Code     0  startup_stm32f427_437xx.o(.text)
    I2C2_EV_IRQHandler                       0x08000293   Thumb Code     0  startup_stm32f427_437xx.o(.text)
    I2C3_ER_IRQHandler                       0x08000293   Thumb Code     0  startup_stm32f427_437xx.o(.text)
    I2C3_EV_IRQHandler                       0x08000293   Thumb Code     0  startup_stm32f427_437xx.o(.text)
    OTG_FS_IRQHandler                        0x08000293   Thumb Code     0  startup_stm32f427_437xx.o(.text)
    OTG_FS_WKUP_IRQHandler                   0x08000293   Thumb Code     0  startup_stm32f427_437xx.o(.text)
    OTG_HS_EP1_IN_IRQHandler                 0x08000293   Thumb Code     0  startup_stm32f427_437xx.o(.text)
    OTG_HS_EP1_OUT_IRQHandler                0x08000293   Thumb Code     0  startup_stm32f427_437xx.o(.text)
    OTG_HS_IRQHandler                        0x08000293   Thumb Code     0  startup_stm32f427_437xx.o(.text)
    OTG_HS_WKUP_IRQHandler                   0x08000293   Thumb Code     0  startup_stm32f427_437xx.o(.text)
    PVD_IRQHandler                           0x08000293   Thumb Code     0  startup_stm32f427_437xx.o(.text)
    RCC_IRQHandler                           0x08000293   Thumb Code     0  startup_stm32f427_437xx.o(.text)
    RTC_Alarm_IRQHandler                     0x08000293   Thumb Code     0  startup_stm32f427_437xx.o(.text)
    RTC_WKUP_IRQHandler                      0x08000293   Thumb Code     0  startup_stm32f427_437xx.o(.text)
    SAI1_IRQHandler                          0x08000293   Thumb Code     0  startup_stm32f427_437xx.o(.text)
    SDIO_IRQHandler                          0x08000293   Thumb Code     0  startup_stm32f427_437xx.o(.text)
    SPI1_IRQHandler                          0x08000293   Thumb Code     0  startup_stm32f427_437xx.o(.text)
    SPI2_IRQHandler                          0x08000293   Thumb Code     0  startup_stm32f427_437xx.o(.text)
    SPI3_IRQHandler                          0x08000293   Thumb Code     0  startup_stm32f427_437xx.o(.text)
    SPI4_IRQHandler                          0x08000293   Thumb Code     0  startup_stm32f427_437xx.o(.text)
    SPI5_IRQHandler                          0x08000293   Thumb Code     0  startup_stm32f427_437xx.o(.text)
    SPI6_IRQHandler                          0x08000293   Thumb Code     0  startup_stm32f427_437xx.o(.text)
    TAMP_STAMP_IRQHandler                    0x08000293   Thumb Code     0  startup_stm32f427_437xx.o(.text)
    TIM1_BRK_TIM9_IRQHandler                 0x08000293   Thumb Code     0  startup_stm32f427_437xx.o(.text)
    TIM1_CC_IRQHandler                       0x08000293   Thumb Code     0  startup_stm32f427_437xx.o(.text)
    TIM1_TRG_COM_TIM11_IRQHandler            0x08000293   Thumb Code     0  startup_stm32f427_437xx.o(.text)
    TIM1_UP_TIM10_IRQHandler                 0x08000293   Thumb Code     0  startup_stm32f427_437xx.o(.text)
    TIM6_DAC_IRQHandler                      0x08000293   Thumb Code     0  startup_stm32f427_437xx.o(.text)
    TIM7_IRQHandler                          0x08000293   Thumb Code     0  startup_stm32f427_437xx.o(.text)
    TIM8_BRK_TIM12_IRQHandler                0x08000293   Thumb Code     0  startup_stm32f427_437xx.o(.text)
    TIM8_CC_IRQHandler                       0x08000293   Thumb Code     0  startup_stm32f427_437xx.o(.text)
    TIM8_TRG_COM_TIM14_IRQHandler            0x08000293   Thumb Code     0  startup_stm32f427_437xx.o(.text)
    TIM8_UP_TIM13_IRQHandler                 0x08000293   Thumb Code     0  startup_stm32f427_437xx.o(.text)
    UART4_IRQHandler                         0x08000293   Thumb Code     0  startup_stm32f427_437xx.o(.text)
    UART5_IRQHandler                         0x08000293   Thumb Code     0  startup_stm32f427_437xx.o(.text)
    UART7_IRQHandler                         0x08000293   Thumb Code     0  startup_stm32f427_437xx.o(.text)
    UART8_IRQHandler                         0x08000293   Thumb Code     0  startup_stm32f427_437xx.o(.text)
    USART1_IRQHandler                        0x08000293   Thumb Code     0  startup_stm32f427_437xx.o(.text)
    USART2_IRQHandler                        0x08000293   Thumb Code     0  startup_stm32f427_437xx.o(.text)
    USART6_IRQHandler                        0x08000293   Thumb Code     0  startup_stm32f427_437xx.o(.text)
    WWDG_IRQHandler                          0x08000293   Thumb Code     0  startup_stm32f427_437xx.o(.text)
    __user_initial_stackheap                 0x08000295   Thumb Code     0  startup_stm32f427_437xx.o(.text)
    NVIC_PriorityGroupConfig                 0x080002b9   Thumb Code    10  misc.o(.text)
    NVIC_Init                                0x080002c3   Thumb Code    96  misc.o(.text)
    NVIC_SetVectorTable                      0x08000323   Thumb Code    14  misc.o(.text)
    NVIC_SystemLPConfig                      0x08000331   Thumb Code    20  misc.o(.text)
    SysTick_CLKSourceConfig                  0x08000345   Thumb Code    24  misc.o(.text)
    RCC_DeInit                               0x08000369   Thumb Code    68  stm32f4xx_rcc.o(.text)
    RCC_HSEConfig                            0x080003ad   Thumb Code    12  stm32f4xx_rcc.o(.text)
    RCC_GetFlagStatus                        0x080003b9   Thumb Code    46  stm32f4xx_rcc.o(.text)
    RCC_WaitForHSEStartUp                    0x080003e7   Thumb Code    44  stm32f4xx_rcc.o(.text)
    RCC_AdjustHSICalibrationValue            0x08000413   Thumb Code    16  stm32f4xx_rcc.o(.text)
    RCC_HSICmd                               0x08000423   Thumb Code     6  stm32f4xx_rcc.o(.text)
    RCC_LSEConfig                            0x08000429   Thumb Code    24  stm32f4xx_rcc.o(.text)
    RCC_LSICmd                               0x08000441   Thumb Code     6  stm32f4xx_rcc.o(.text)
    RCC_PLLConfig                            0x08000447   Thumb Code    32  stm32f4xx_rcc.o(.text)
    RCC_PLLCmd                               0x08000467   Thumb Code     6  stm32f4xx_rcc.o(.text)
    RCC_PLLI2SConfig                         0x0800046d   Thumb Code    18  stm32f4xx_rcc.o(.text)
    RCC_PLLI2SCmd                            0x0800047f   Thumb Code     6  stm32f4xx_rcc.o(.text)
    RCC_PLLSAIConfig                         0x08000485   Thumb Code    18  stm32f4xx_rcc.o(.text)
    RCC_PLLSAICmd                            0x08000497   Thumb Code     6  stm32f4xx_rcc.o(.text)
    RCC_ClockSecuritySystemCmd               0x0800049d   Thumb Code     6  stm32f4xx_rcc.o(.text)
    RCC_MCO1Config                           0x080004a3   Thumb Code    18  stm32f4xx_rcc.o(.text)
    RCC_MCO2Config                           0x080004b5   Thumb Code    18  stm32f4xx_rcc.o(.text)
    RCC_SYSCLKConfig                         0x080004c7   Thumb Code    16  stm32f4xx_rcc.o(.text)
    RCC_GetSYSCLKSource                      0x080004d7   Thumb Code    12  stm32f4xx_rcc.o(.text)
    RCC_HCLKConfig                           0x080004e3   Thumb Code    16  stm32f4xx_rcc.o(.text)
    RCC_PCLK1Config                          0x080004f3   Thumb Code    16  stm32f4xx_rcc.o(.text)
    RCC_PCLK2Config                          0x08000503   Thumb Code    18  stm32f4xx_rcc.o(.text)
    RCC_GetClocksFreq                        0x08000515   Thumb Code   134  stm32f4xx_rcc.o(.text)
    RCC_RTCCLKConfig                         0x0800059b   Thumb Code    42  stm32f4xx_rcc.o(.text)
    RCC_RTCCLKCmd                            0x080005c5   Thumb Code     8  stm32f4xx_rcc.o(.text)
    RCC_BackupResetCmd                       0x080005cd   Thumb Code     8  stm32f4xx_rcc.o(.text)
    RCC_I2SCLKConfig                         0x080005d5   Thumb Code     8  stm32f4xx_rcc.o(.text)
    RCC_SAIPLLI2SClkDivConfig                0x080005dd   Thumb Code    18  stm32f4xx_rcc.o(.text)
    RCC_SAIPLLSAIClkDivConfig                0x080005ef   Thumb Code    24  stm32f4xx_rcc.o(.text)
    RCC_SAIBlockACLKConfig                   0x08000607   Thumb Code    16  stm32f4xx_rcc.o(.text)
    RCC_SAIBlockBCLKConfig                   0x08000617   Thumb Code    16  stm32f4xx_rcc.o(.text)
    RCC_LTDCCLKDivConfig                     0x08000627   Thumb Code    16  stm32f4xx_rcc.o(.text)
    RCC_TIMCLKPresConfig                     0x08000637   Thumb Code     8  stm32f4xx_rcc.o(.text)
    RCC_AHB1PeriphClockCmd                   0x0800063f   Thumb Code    20  stm32f4xx_rcc.o(.text)
    RCC_AHB2PeriphClockCmd                   0x08000653   Thumb Code    20  stm32f4xx_rcc.o(.text)
    RCC_AHB3PeriphClockCmd                   0x08000667   Thumb Code    20  stm32f4xx_rcc.o(.text)
    RCC_APB1PeriphClockCmd                   0x0800067b   Thumb Code    20  stm32f4xx_rcc.o(.text)
    RCC_APB2PeriphClockCmd                   0x0800068f   Thumb Code    20  stm32f4xx_rcc.o(.text)
    RCC_AHB1PeriphResetCmd                   0x080006a3   Thumb Code    20  stm32f4xx_rcc.o(.text)
    RCC_AHB2PeriphResetCmd                   0x080006b7   Thumb Code    20  stm32f4xx_rcc.o(.text)
    RCC_AHB3PeriphResetCmd                   0x080006cb   Thumb Code    20  stm32f4xx_rcc.o(.text)
    RCC_APB1PeriphResetCmd                   0x080006df   Thumb Code    20  stm32f4xx_rcc.o(.text)
    RCC_APB2PeriphResetCmd                   0x080006f3   Thumb Code    20  stm32f4xx_rcc.o(.text)
    RCC_AHB1PeriphClockLPModeCmd             0x08000707   Thumb Code    20  stm32f4xx_rcc.o(.text)
    RCC_AHB2PeriphClockLPModeCmd             0x0800071b   Thumb Code    20  stm32f4xx_rcc.o(.text)
    RCC_AHB3PeriphClockLPModeCmd             0x0800072f   Thumb Code    20  stm32f4xx_rcc.o(.text)
    RCC_APB1PeriphClockLPModeCmd             0x08000743   Thumb Code    64  stm32f4xx_rcc.o(.text)
    RCC_APB2PeriphClockLPModeCmd             0x08000783   Thumb Code    18  stm32f4xx_rcc.o(.text)
    RCC_LSEModeConfig                        0x08000795   Thumb Code    24  stm32f4xx_rcc.o(.text)
    RCC_ITConfig                             0x080007ad   Thumb Code    20  stm32f4xx_rcc.o(.text)
    RCC_ClearFlag                            0x080007c1   Thumb Code    14  stm32f4xx_rcc.o(.text)
    RCC_GetITStatus                          0x080007cf   Thumb Code    18  stm32f4xx_rcc.o(.text)
    RCC_ClearITPendingBit                    0x080007e1   Thumb Code     8  stm32f4xx_rcc.o(.text)
    GPIO_DeInit                              0x080007ed   Thumb Code   216  stm32f4xx_gpio.o(.text)
    GPIO_Init                                0x080008c5   Thumb Code   120  stm32f4xx_gpio.o(.text)
    GPIO_StructInit                          0x0800093d   Thumb Code    18  stm32f4xx_gpio.o(.text)
    GPIO_PinLockConfig                       0x0800094f   Thumb Code    24  stm32f4xx_gpio.o(.text)
    GPIO_ReadInputDataBit                    0x08000967   Thumb Code    14  stm32f4xx_gpio.o(.text)
    GPIO_ReadInputData                       0x08000975   Thumb Code     6  stm32f4xx_gpio.o(.text)
    GPIO_ReadOutputDataBit                   0x0800097b   Thumb Code    14  stm32f4xx_gpio.o(.text)
    GPIO_ReadOutputData                      0x08000989   Thumb Code     6  stm32f4xx_gpio.o(.text)
    GPIO_SetBits                             0x0800098f   Thumb Code     4  stm32f4xx_gpio.o(.text)
    GPIO_ResetBits                           0x08000993   Thumb Code     4  stm32f4xx_gpio.o(.text)
    GPIO_WriteBit                            0x08000997   Thumb Code    10  stm32f4xx_gpio.o(.text)
    GPIO_Write                               0x080009a1   Thumb Code     4  stm32f4xx_gpio.o(.text)
    GPIO_ToggleBits                          0x080009a5   Thumb Code     8  stm32f4xx_gpio.o(.text)
    GPIO_PinAFConfig                         0x080009ad   Thumb Code    32  stm32f4xx_gpio.o(.text)
    ADC_DeInit                               0x080009f9   Thumb Code    24  stm32f4xx_adc.o(.text)
    ADC_Init                                 0x08000a11   Thumb Code    66  stm32f4xx_adc.o(.text)
    ADC_StructInit                           0x08000a53   Thumb Code    20  stm32f4xx_adc.o(.text)
    ADC_CommonInit                           0x08000a67   Thumb Code    34  stm32f4xx_adc.o(.text)
    ADC_CommonStructInit                     0x08000a89   Thumb Code    12  stm32f4xx_adc.o(.text)
    ADC_Cmd                                  0x08000a95   Thumb Code    20  stm32f4xx_adc.o(.text)
    ADC_AnalogWatchdogCmd                    0x08000aa9   Thumb Code    12  stm32f4xx_adc.o(.text)
    ADC_AnalogWatchdogThresholdsConfig       0x08000ab5   Thumb Code     6  stm32f4xx_adc.o(.text)
    ADC_AnalogWatchdogSingleChannelConfig    0x08000abb   Thumb Code    12  stm32f4xx_adc.o(.text)
    ADC_TempSensorVrefintCmd                 0x08000ac7   Thumb Code    26  stm32f4xx_adc.o(.text)
    ADC_VBATCmd                              0x08000ae1   Thumb Code    26  stm32f4xx_adc.o(.text)
    ADC_RegularChannelConfig                 0x08000afb   Thumb Code   116  stm32f4xx_adc.o(.text)
    ADC_SoftwareStartConv                    0x08000b6f   Thumb Code    10  stm32f4xx_adc.o(.text)
    ADC_GetSoftwareStartConvStatus           0x08000b79   Thumb Code    14  stm32f4xx_adc.o(.text)
    ADC_EOCOnEachRegularChannelCmd           0x08000b87   Thumb Code    20  stm32f4xx_adc.o(.text)
    ADC_ContinuousModeCmd                    0x08000b9b   Thumb Code    20  stm32f4xx_adc.o(.text)
    ADC_DiscModeChannelCountConfig           0x08000baf   Thumb Code    16  stm32f4xx_adc.o(.text)
    ADC_DiscModeCmd                          0x08000bbf   Thumb Code    20  stm32f4xx_adc.o(.text)
    ADC_GetConversionValue                   0x08000bd3   Thumb Code     6  stm32f4xx_adc.o(.text)
    ADC_GetMultiModeConversionValue          0x08000bd9   Thumb Code     8  stm32f4xx_adc.o(.text)
    ADC_DMACmd                               0x08000be1   Thumb Code    20  stm32f4xx_adc.o(.text)
    ADC_DMARequestAfterLastTransferCmd       0x08000bf5   Thumb Code    20  stm32f4xx_adc.o(.text)
    ADC_MultiModeDMARequestAfterLastTransferCmd 0x08000c09   Thumb Code    26  stm32f4xx_adc.o(.text)
    ADC_InjectedChannelConfig                0x08000c23   Thumb Code    74  stm32f4xx_adc.o(.text)
    ADC_InjectedSequencerLengthConfig        0x08000c6d   Thumb Code    16  stm32f4xx_adc.o(.text)
    ADC_SetInjectedOffset                    0x08000c7d   Thumb Code    10  stm32f4xx_adc.o(.text)
    ADC_ExternalTrigInjectedConvConfig       0x08000c87   Thumb Code    12  stm32f4xx_adc.o(.text)
    ADC_ExternalTrigInjectedConvEdgeConfig   0x08000c93   Thumb Code    12  stm32f4xx_adc.o(.text)
    ADC_SoftwareStartInjectedConv            0x08000c9f   Thumb Code    10  stm32f4xx_adc.o(.text)
    ADC_GetSoftwareStartInjectedConvCmdStatus 0x08000ca9   Thumb Code    14  stm32f4xx_adc.o(.text)
    ADC_AutoInjectedConvCmd                  0x08000cb7   Thumb Code    20  stm32f4xx_adc.o(.text)
    ADC_InjectedDiscModeCmd                  0x08000ccb   Thumb Code    20  stm32f4xx_adc.o(.text)
    ADC_GetInjectedConversionValue           0x08000cdf   Thumb Code    14  stm32f4xx_adc.o(.text)
    ADC_ITConfig                             0x08000ced   Thumb Code    18  stm32f4xx_adc.o(.text)
    ADC_GetFlagStatus                        0x08000cff   Thumb Code    14  stm32f4xx_adc.o(.text)
    ADC_ClearFlag                            0x08000d0d   Thumb Code     6  stm32f4xx_adc.o(.text)
    ADC_GetITStatus                          0x08000d13   Thumb Code    30  stm32f4xx_adc.o(.text)
    ADC_ClearITPendingBit                    0x08000d31   Thumb Code     8  stm32f4xx_adc.o(.text)
    TIM_DeInit                               0x08000d4d   Thumb Code   284  stm32f4xx_tim.o(.text)
    TIM_TimeBaseInit                         0x08000e69   Thumb Code    96  stm32f4xx_tim.o(.text)
    TIM_TimeBaseStructInit                   0x08000ec9   Thumb Code    18  stm32f4xx_tim.o(.text)
    TIM_PrescalerConfig                      0x08000edb   Thumb Code     6  stm32f4xx_tim.o(.text)
    TIM_CounterModeConfig                    0x08000ee1   Thumb Code    12  stm32f4xx_tim.o(.text)
    TIM_SetCounter                           0x08000eed   Thumb Code     4  stm32f4xx_tim.o(.text)
    TIM_SetAutoreload                        0x08000ef1   Thumb Code     4  stm32f4xx_tim.o(.text)
    TIM_GetCounter                           0x08000ef5   Thumb Code     4  stm32f4xx_tim.o(.text)
    TIM_GetPrescaler                         0x08000ef9   Thumb Code     4  stm32f4xx_tim.o(.text)
    TIM_UpdateDisableConfig                  0x08000efd   Thumb Code    20  stm32f4xx_tim.o(.text)
    TIM_UpdateRequestConfig                  0x08000f11   Thumb Code    20  stm32f4xx_tim.o(.text)
    TIM_ARRPreloadConfig                     0x08000f25   Thumb Code    20  stm32f4xx_tim.o(.text)
    TIM_SelectOnePulseMode                   0x08000f39   Thumb Code    16  stm32f4xx_tim.o(.text)
    TIM_SetClockDivision                     0x08000f49   Thumb Code    16  stm32f4xx_tim.o(.text)
    TIM_Cmd                                  0x08000f59   Thumb Code    20  stm32f4xx_tim.o(.text)
    TIM_OC1Init                              0x08000f6d   Thumb Code    88  stm32f4xx_tim.o(.text)
    TIM_OC2Init                              0x08000fc5   Thumb Code   120  stm32f4xx_tim.o(.text)
    TIM_OC3Init                              0x0800103d   Thumb Code   116  stm32f4xx_tim.o(.text)
    TIM_OC4Init                              0x080010b1   Thumb Code    88  stm32f4xx_tim.o(.text)
    TIM_OCStructInit                         0x08001109   Thumb Code    20  stm32f4xx_tim.o(.text)
    TIM_SelectOCxM                           0x0800111d   Thumb Code   130  stm32f4xx_tim.o(.text)
    TIM_SetCompare1                          0x0800119f   Thumb Code     4  stm32f4xx_tim.o(.text)
    TIM_SetCompare2                          0x080011a3   Thumb Code     4  stm32f4xx_tim.o(.text)
    TIM_SetCompare3                          0x080011a7   Thumb Code     4  stm32f4xx_tim.o(.text)
    TIM_SetCompare4                          0x080011ab   Thumb Code     4  stm32f4xx_tim.o(.text)
    TIM_ForcedOC1Config                      0x080011af   Thumb Code    12  stm32f4xx_tim.o(.text)
    TIM_ForcedOC2Config                      0x080011bb   Thumb Code    20  stm32f4xx_tim.o(.text)
    TIM_ForcedOC3Config                      0x080011cf   Thumb Code    12  stm32f4xx_tim.o(.text)
    TIM_ForcedOC4Config                      0x080011db   Thumb Code    20  stm32f4xx_tim.o(.text)
    TIM_OC1PreloadConfig                     0x080011ef   Thumb Code    12  stm32f4xx_tim.o(.text)
    TIM_OC2PreloadConfig                     0x080011fb   Thumb Code    20  stm32f4xx_tim.o(.text)
    TIM_OC3PreloadConfig                     0x0800120f   Thumb Code    12  stm32f4xx_tim.o(.text)
    TIM_OC4PreloadConfig                     0x0800121b   Thumb Code    20  stm32f4xx_tim.o(.text)
    TIM_OC1FastConfig                        0x0800122f   Thumb Code    12  stm32f4xx_tim.o(.text)
    TIM_OC2FastConfig                        0x0800123b   Thumb Code    20  stm32f4xx_tim.o(.text)
    TIM_OC3FastConfig                        0x0800124f   Thumb Code    12  stm32f4xx_tim.o(.text)
    TIM_OC4FastConfig                        0x0800125b   Thumb Code    20  stm32f4xx_tim.o(.text)
    TIM_ClearOC1Ref                          0x0800126f   Thumb Code    12  stm32f4xx_tim.o(.text)
    TIM_ClearOC2Ref                          0x0800127b   Thumb Code    20  stm32f4xx_tim.o(.text)
    TIM_ClearOC3Ref                          0x0800128f   Thumb Code    12  stm32f4xx_tim.o(.text)
    TIM_ClearOC4Ref                          0x0800129b   Thumb Code    20  stm32f4xx_tim.o(.text)
    TIM_OC1PolarityConfig                    0x080012af   Thumb Code    12  stm32f4xx_tim.o(.text)
    TIM_OC1NPolarityConfig                   0x080012bb   Thumb Code    12  stm32f4xx_tim.o(.text)
    TIM_OC2PolarityConfig                    0x080012c7   Thumb Code    20  stm32f4xx_tim.o(.text)
    TIM_OC2NPolarityConfig                   0x080012db   Thumb Code    20  stm32f4xx_tim.o(.text)
    TIM_OC3PolarityConfig                    0x080012ef   Thumb Code    20  stm32f4xx_tim.o(.text)
    TIM_OC3NPolarityConfig                   0x08001303   Thumb Code    20  stm32f4xx_tim.o(.text)
    TIM_OC4PolarityConfig                    0x08001317   Thumb Code    20  stm32f4xx_tim.o(.text)
    TIM_CCxCmd                               0x0800132b   Thumb Code    22  stm32f4xx_tim.o(.text)
    TIM_CCxNCmd                              0x08001341   Thumb Code    22  stm32f4xx_tim.o(.text)
    TIM_SetIC4Prescaler                      0x08001357   Thumb Code    24  stm32f4xx_tim.o(.text)
    TIM_SetIC3Prescaler                      0x0800136f   Thumb Code    16  stm32f4xx_tim.o(.text)
    TIM_SetIC2Prescaler                      0x0800137f   Thumb Code    24  stm32f4xx_tim.o(.text)
    TIM_SetIC1Prescaler                      0x080013cd   Thumb Code    16  stm32f4xx_tim.o(.text)
    TIM_ICInit                               0x080013dd   Thumb Code   164  stm32f4xx_tim.o(.text)
    TIM_ICStructInit                         0x08001481   Thumb Code    16  stm32f4xx_tim.o(.text)
    TIM_PWMIConfig                           0x08001491   Thumb Code   104  stm32f4xx_tim.o(.text)
    TIM_GetCapture1                          0x080014f9   Thumb Code     4  stm32f4xx_tim.o(.text)
    TIM_GetCapture2                          0x080014fd   Thumb Code     4  stm32f4xx_tim.o(.text)
    TIM_GetCapture3                          0x08001501   Thumb Code     4  stm32f4xx_tim.o(.text)
    TIM_GetCapture4                          0x08001505   Thumb Code     4  stm32f4xx_tim.o(.text)
    TIM_BDTRConfig                           0x08001509   Thumb Code    34  stm32f4xx_tim.o(.text)
    TIM_BDTRStructInit                       0x0800152b   Thumb Code    18  stm32f4xx_tim.o(.text)
    TIM_CtrlPWMOutputs                       0x0800153d   Thumb Code    22  stm32f4xx_tim.o(.text)
    TIM_SelectCOM                            0x08001553   Thumb Code    20  stm32f4xx_tim.o(.text)
    TIM_CCPreloadControl                     0x08001567   Thumb Code    20  stm32f4xx_tim.o(.text)
    TIM_ITConfig                             0x0800157b   Thumb Code    16  stm32f4xx_tim.o(.text)
    TIM_GenerateEvent                        0x0800158b   Thumb Code     4  stm32f4xx_tim.o(.text)
    TIM_GetFlagStatus                        0x0800158f   Thumb Code    14  stm32f4xx_tim.o(.text)
    TIM_ClearFlag                            0x0800159d   Thumb Code     6  stm32f4xx_tim.o(.text)
    TIM_GetITStatus                          0x080015a3   Thumb Code    24  stm32f4xx_tim.o(.text)
    TIM_ClearITPendingBit                    0x080015bb   Thumb Code     6  stm32f4xx_tim.o(.text)
    TIM_DMAConfig                            0x080015c1   Thumb Code     8  stm32f4xx_tim.o(.text)
    TIM_DMACmd                               0x080015c9   Thumb Code    16  stm32f4xx_tim.o(.text)
    TIM_SelectCCDMA                          0x080015d9   Thumb Code    20  stm32f4xx_tim.o(.text)
    TIM_InternalClockConfig                  0x080015ed   Thumb Code    10  stm32f4xx_tim.o(.text)
    TIM_SelectInputTrigger                   0x080015f7   Thumb Code    12  stm32f4xx_tim.o(.text)
    TIM_ITRxExternalClockConfig              0x08001603   Thumb Code    18  stm32f4xx_tim.o(.text)
    TIM_TIxExternalClockConfig               0x08001615   Thumb Code    46  stm32f4xx_tim.o(.text)
    TIM_ETRConfig                            0x08001643   Thumb Code    24  stm32f4xx_tim.o(.text)
    TIM_ETRClockMode1Config                  0x0800165b   Thumb Code    18  stm32f4xx_tim.o(.text)
    TIM_ETRClockMode2Config                  0x0800166d   Thumb Code    18  stm32f4xx_tim.o(.text)
    TIM_SelectOutputTrigger                  0x0800167f   Thumb Code    16  stm32f4xx_tim.o(.text)
    TIM_SelectSlaveMode                      0x0800168f   Thumb Code    16  stm32f4xx_tim.o(.text)
    TIM_SelectMasterSlaveMode                0x0800169f   Thumb Code    16  stm32f4xx_tim.o(.text)
    TIM_EncoderInterfaceConfig               0x080016af   Thumb Code    50  stm32f4xx_tim.o(.text)
    TIM_SelectHallSensor                     0x080016e1   Thumb Code    20  stm32f4xx_tim.o(.text)
    TIM_RemapConfig                          0x080016f5   Thumb Code     6  stm32f4xx_tim.o(.text)
    USART_DeInit                             0x08001729   Thumb Code   138  stm32f4xx_usart.o(.text)
    USART_Init                               0x080017b3   Thumb Code   164  stm32f4xx_usart.o(.text)
    USART_StructInit                         0x08001857   Thumb Code    22  stm32f4xx_usart.o(.text)
    USART_ClockInit                          0x0800186d   Thumb Code    28  stm32f4xx_usart.o(.text)
    USART_ClockStructInit                    0x08001889   Thumb Code    12  stm32f4xx_usart.o(.text)
    USART_Cmd                                0x08001895   Thumb Code    20  stm32f4xx_usart.o(.text)
    USART_SetPrescaler                       0x080018a9   Thumb Code    16  stm32f4xx_usart.o(.text)
    USART_OverSampling8Cmd                   0x080018b9   Thumb Code    20  stm32f4xx_usart.o(.text)
    USART_OneBitMethodCmd                    0x080018cd   Thumb Code    20  stm32f4xx_usart.o(.text)
    USART_SendData                           0x080018e1   Thumb Code     8  stm32f4xx_usart.o(.text)
    USART_ReceiveData                        0x080018e9   Thumb Code     8  stm32f4xx_usart.o(.text)
    USART_SetAddress                         0x080018f1   Thumb Code    16  stm32f4xx_usart.o(.text)
    USART_ReceiverWakeUpCmd                  0x08001901   Thumb Code    20  stm32f4xx_usart.o(.text)
    USART_WakeUpConfig                       0x08001915   Thumb Code    16  stm32f4xx_usart.o(.text)
    USART_LINBreakDetectLengthConfig         0x08001925   Thumb Code    16  stm32f4xx_usart.o(.text)
    USART_LINCmd                             0x08001935   Thumb Code    20  stm32f4xx_usart.o(.text)
    USART_SendBreak                          0x08001949   Thumb Code    10  stm32f4xx_usart.o(.text)
    USART_HalfDuplexCmd                      0x08001953   Thumb Code    20  stm32f4xx_usart.o(.text)
    USART_SetGuardTime                       0x08001967   Thumb Code    16  stm32f4xx_usart.o(.text)
    USART_SmartCardCmd                       0x08001977   Thumb Code    20  stm32f4xx_usart.o(.text)
    USART_SmartCardNACKCmd                   0x0800198b   Thumb Code    20  stm32f4xx_usart.o(.text)
    USART_IrDAConfig                         0x0800199f   Thumb Code    16  stm32f4xx_usart.o(.text)
    USART_IrDACmd                            0x080019af   Thumb Code    20  stm32f4xx_usart.o(.text)
    USART_DMACmd                             0x080019c3   Thumb Code    16  stm32f4xx_usart.o(.text)
    USART_ITConfig                           0x080019d3   Thumb Code    48  stm32f4xx_usart.o(.text)
    USART_GetFlagStatus                      0x08001a03   Thumb Code    14  stm32f4xx_usart.o(.text)
    USART_ClearFlag                          0x08001a11   Thumb Code     6  stm32f4xx_usart.o(.text)
    USART_GetITStatus                        0x08001a17   Thumb Code    62  stm32f4xx_usart.o(.text)
    USART_ClearITPendingBit                  0x08001a55   Thumb Code    12  stm32f4xx_usart.o(.text)
    arm_radix4_butterfly_f32                 0x08001a81   Thumb Code   776  arm_cfft_radix4_f32.o(.text)
    arm_radix4_butterfly_inverse_f32         0x08001d89   Thumb Code   804  arm_cfft_radix4_f32.o(.text)
    arm_cfft_radix4_f32                      0x080020ad   Thumb Code    60  arm_cfft_radix4_f32.o(.text)
    arm_cfft_radix4_init_f32                 0x080020e9   Thumb Code   142  arm_cfft_radix4_init_f32.o(.text)
    arm_cmplx_mag_f32                        0x08002199   Thumb Code   166  arm_cmplx_mag_f32.o(.text)
    arm_max_f32                              0x08002269   Thumb Code   146  arm_max_f32.o(.text)
    arm_bitreversal_f32                      0x080022fb   Thumb Code   170  arm_bitreversal.o(.text)
    arm_bitreversal_q31                      0x080023a5   Thumb Code   164  arm_bitreversal.o(.text)
    arm_bitreversal_q15                      0x08002449   Thumb Code    98  arm_bitreversal.o(.text)
    arm_min_f32                              0x080024ab   Thumb Code   146  arm_min_f32.o(.text)
    TM_ADC_InitADC                           0x0800253d   Thumb Code   110  tm_stm32f4_adc.o(.text)
    TM_ADC_INT_InitPin                       0x080025ab   Thumb Code    44  tm_stm32f4_adc.o(.text)
    TM_ADC_INT_Channel_15_Init               0x080025d7   Thumb Code    36  tm_stm32f4_adc.o(.text)
    TM_ADC_INT_Channel_14_Init               0x080025fb   Thumb Code    36  tm_stm32f4_adc.o(.text)
    TM_ADC_INT_Channel_13_Init               0x0800261f   Thumb Code     8  tm_stm32f4_adc.o(.text)
    TM_ADC_INT_Channel_12_Init               0x08002627   Thumb Code     8  tm_stm32f4_adc.o(.text)
    TM_ADC_INT_Channel_11_Init               0x0800262f   Thumb Code     8  tm_stm32f4_adc.o(.text)
    TM_ADC_INT_Channel_10_Init               0x08002637   Thumb Code     8  tm_stm32f4_adc.o(.text)
    TM_ADC_INT_Channel_9_Init                0x0800263f   Thumb Code    36  tm_stm32f4_adc.o(.text)
    TM_ADC_INT_Channel_8_Init                0x08002663   Thumb Code    36  tm_stm32f4_adc.o(.text)
    TM_ADC_INT_Channel_7_Init                0x08002687   Thumb Code    36  tm_stm32f4_adc.o(.text)
    TM_ADC_INT_Channel_6_Init                0x080026ab   Thumb Code    36  tm_stm32f4_adc.o(.text)
    TM_ADC_INT_Channel_5_Init                0x080026cf   Thumb Code    36  tm_stm32f4_adc.o(.text)
    TM_ADC_INT_Channel_4_Init                0x080026f3   Thumb Code    36  tm_stm32f4_adc.o(.text)
    TM_ADC_INT_Channel_3_Init                0x08002717   Thumb Code     8  tm_stm32f4_adc.o(.text)
    TM_ADC_INT_Channel_2_Init                0x0800271f   Thumb Code     8  tm_stm32f4_adc.o(.text)
    TM_ADC_INT_Channel_1_Init                0x08002727   Thumb Code     8  tm_stm32f4_adc.o(.text)
    TM_ADC_INT_Channel_0_Init                0x0800272f   Thumb Code     8  tm_stm32f4_adc.o(.text)
    TM_ADC_Init                              0x08002737   Thumb Code   170  tm_stm32f4_adc.o(.text)
    TM_ADC_Read                              0x080027e1   Thumb Code    40  tm_stm32f4_adc.o(.text)
    TM_ADC_EnableVbat                        0x08002809   Thumb Code    16  tm_stm32f4_adc.o(.text)
    TM_ADC_DisableVbat                       0x08002819   Thumb Code    16  tm_stm32f4_adc.o(.text)
    TM_ADC_ReadVbat                          0x08002829   Thumb Code    56  tm_stm32f4_adc.o(.text)
    Delay                                    0x08002881   Thumb Code    16  tm_stm32f4_delay.o(.text)
    Delayms                                  0x08002891   Thumb Code    22  tm_stm32f4_delay.o(.text)
    TimingDelay_Decrement                    0x080028a7   Thumb Code    32  tm_stm32f4_delay.o(.text)
    TM_DELAY_Init                            0x080028c7   Thumb Code    72  tm_stm32f4_delay.o(.text)
    TM_DELAY_Time                            0x0800290f   Thumb Code     6  tm_stm32f4_delay.o(.text)
    TM_DELAY_Time2                           0x08002915   Thumb Code     6  tm_stm32f4_delay.o(.text)
    TM_DELAY_SetTime                         0x0800291b   Thumb Code     6  tm_stm32f4_delay.o(.text)
    TM_DELAY_SetTime2                        0x08002921   Thumb Code     6  tm_stm32f4_delay.o(.text)
    TM_DELAY_EnableSystick                   0x08002927   Thumb Code    22  tm_stm32f4_delay.o(.text)
    TM_DELAY_DisableSystick                  0x0800293d   Thumb Code    14  tm_stm32f4_delay.o(.text)
    NMI_Handler                              0x0800295d   Thumb Code     2  stm32f4xx_it.o(.text)
    HardFault_Handler                        0x0800295f   Thumb Code     2  stm32f4xx_it.o(.text)
    MemManage_Handler                        0x08002961   Thumb Code     2  stm32f4xx_it.o(.text)
    BusFault_Handler                         0x08002963   Thumb Code     2  stm32f4xx_it.o(.text)
    UsageFault_Handler                       0x08002965   Thumb Code     2  stm32f4xx_it.o(.text)
    SVC_Handler                              0x08002967   Thumb Code     2  stm32f4xx_it.o(.text)
    DebugMon_Handler                         0x08002969   Thumb Code     2  stm32f4xx_it.o(.text)
    PendSV_Handler                           0x0800296b   Thumb Code     2  stm32f4xx_it.o(.text)
    SysTick_Handler                          0x0800296f   Thumb Code     8  stm32f4xx_it.o(.text)
    SystemInit                               0x08002a37   Thumb Code    74  system_stm32f4xx.o(.text)
    SystemCoreClockUpdate                    0x08002a81   Thumb Code   108  system_stm32f4xx.o(.text)
    main                                     0x08002b11   Thumb Code   430  main.o(.text)
    init_usart                               0x08002cd1   Thumb Code   164  usart.o(.text)
    usart_put_data_on_lcd                    0x08002d75   Thumb Code    40  usart.o(.text)
    USART3_IRQHandler                        0x08002d9d   Thumb Code   214  usart.o(.text)
    get_char                                 0x08002e73   Thumb Code    66  usart.o(.text)
    usart_has_data                           0x08002eb5   Thumb Code    12  usart.o(.text)
    usart_get_data_packet                    0x08002ec1   Thumb Code    36  usart.o(.text)
    usart_break_required                     0x08002ee5   Thumb Code     4  usart.o(.text)
    put_char                                 0x08002ee9   Thumb Code   118  usart.o(.text)
    put_str                                  0x08002f5f   Thumb Code    30  usart.o(.text)
    usart_packet_is_addressed_to_me          0x08002f7d   Thumb Code    16  usart.o(.text)
    usart_packet_parser                      0x08002f8d   Thumb Code    88  usart.o(.text)
    usart_crc8                               0x08002fe5   Thumb Code    58  usart.o(.text)
    usart_assemble_response                  0x0800301f   Thumb Code    74  usart.o(.text)
    usart_validate_crc8                      0x08003069   Thumb Code    44  usart.o(.text)
    usart_convert_outgoing_packet            0x08003095   Thumb Code    22  usart.o(.text)
    SendInstruction                          0x080030ab   Thumb Code   102  usart.o(.text)
    set_break_flag                           0x08003111   Thumb Code     6  usart.o(.text)
    check_usart_while_playing                0x08003117   Thumb Code   336  usart.o(.text)
    get_break_flag                           0x08003267   Thumb Code     6  usart.o(.text)
    INTTIM4_Config                           0x08003285   Thumb Code    80  init_periph_irqs.o(.text)
    INTTIM3_Config                           0x080032d5   Thumb Code    88  init_periph_irqs.o(.text)
    INTTIM2_Config                           0x0800332d   Thumb Code    80  init_periph_irqs.o(.text)
    INTTIM5_Config                           0x0800337d   Thumb Code    80  init_periph_irqs.o(.text)
    Configure_CupDetection                   0x080033cd   Thumb Code    48  init_periph_irqs.o(.text)
    Configure_485                            0x080033fd   Thumb Code    46  init_periph_irqs.o(.text)
    Configure_MotionSensorPort               0x0800342b   Thumb Code    44  init_periph_irqs.o(.text)
    Configure_Pulse_CapSens                  0x08003457   Thumb Code    46  init_periph_irqs.o(.text)
    TIM2_IRQHandler                          0x08003485   Thumb Code    38  init_periph_irqs.o(.text)
    TIM3_IRQHandler                          0x080034ab   Thumb Code    50  init_periph_irqs.o(.text)
    TIM5_IRQHandler                          0x080034dd   Thumb Code   108  init_periph_irqs.o(.text)
    TIM4_IRQHandler                          0x08003549   Thumb Code    44  init_periph_irqs.o(.text)
    getSecondCount                           0x08003575   Thumb Code     8  init_periph_irqs.o(.text)
    setSecondsCount                          0x0800357d   Thumb Code     6  init_periph_irqs.o(.text)
    getLEDCount                              0x08003583   Thumb Code     8  init_periph_irqs.o(.text)
    setLEDCount                              0x0800358b   Thumb Code     6  init_periph_irqs.o(.text)
    get_xLED                                 0x08003591   Thumb Code     8  init_periph_irqs.o(.text)
    set_xLED                                 0x08003599   Thumb Code     6  init_periph_irqs.o(.text)
    getQrSecondCount                         0x0800359f   Thumb Code     8  init_periph_irqs.o(.text)
    setQrSecondsCount                        0x080035a7   Thumb Code     6  init_periph_irqs.o(.text)
    getSampleCounterIRQ                      0x080035ad   Thumb Code     6  init_periph_irqs.o(.text)
    setSampleCounterIRQ                      0x080035b3   Thumb Code     6  init_periph_irqs.o(.text)
    getCounter                               0x080035b9   Thumb Code     8  init_periph_irqs.o(.text)
    setCounter                               0x080035c1   Thumb Code     6  init_periph_irqs.o(.text)
    getCounter2                              0x080035c7   Thumb Code     8  init_periph_irqs.o(.text)
    setCounter2                              0x080035cf   Thumb Code     6  init_periph_irqs.o(.text)
    getTIM5_count                            0x080035d5   Thumb Code     8  init_periph_irqs.o(.text)
    setTIM5_count                            0x080035dd   Thumb Code     6  init_periph_irqs.o(.text)
    getTIM5_count2                           0x080035e3   Thumb Code     8  init_periph_irqs.o(.text)
    setTIM5_count2                           0x080035eb   Thumb Code     6  init_periph_irqs.o(.text)
    getTIM5_count3                           0x080035f1   Thumb Code     8  init_periph_irqs.o(.text)
    setTIM5_count3                           0x080035f9   Thumb Code     6  init_periph_irqs.o(.text)
    getTIM5_count4                           0x080035ff   Thumb Code     8  init_periph_irqs.o(.text)
    setTIM5_count4                           0x08003607   Thumb Code     6  init_periph_irqs.o(.text)
    getTIM4_count0                           0x0800360d   Thumb Code     8  init_periph_irqs.o(.text)
    setTIM4_count0                           0x08003615   Thumb Code     6  init_periph_irqs.o(.text)
    ComputeFFT                               0x08003641   Thumb Code   174  detect_whistle.o(.text)
    DetectWhistle                            0x080036ef   Thumb Code   232  detect_whistle.o(.text)
    setClaps                                 0x080037d7   Thumb Code     6  detect_whistle.o(.text)
    getClaps                                 0x080037dd   Thumb Code     6  detect_whistle.o(.text)
    DetectClap                               0x080037e3   Thumb Code   334  detect_whistle.o(.text)
    setSilenceThresh                         0x08003931   Thumb Code    12  detect_whistle.o(.text)
    getSilenceThresh                         0x0800393d   Thumb Code     8  detect_whistle.o(.text)
    resetSilenceThresh                       0x08003945   Thumb Code    16  detect_whistle.o(.text)
    SilenceDetection                         0x08003955   Thumb Code   788  detect_whistle.o(.text)
    DrawBar                                  0x08003c69   Thumb Code     2  detect_whistle.o(.text)
    is_silence_thresh_set                    0x08003c6b   Thumb Code     6  detect_whistle.o(.text)
    reset_task_counter                       0x08003c95   Thumb Code     8  cup_detection.o(.text)
    get_task_counter                         0x08003c9d   Thumb Code     6  cup_detection.o(.text)
    set_task_counter                         0x08003ca3   Thumb Code    22  cup_detection.o(.text)
    DetectCups                               0x08003cb9   Thumb Code   126  cup_detection.o(.text)
    set_first_start                          0x08003d37   Thumb Code     6  cup_detection.o(.text)
    get_first_start                          0x08003d3d   Thumb Code     6  cup_detection.o(.text)
    getAll_cups_present                      0x08003d43   Thumb Code    48  cup_detection.o(.text)
    getCstate                                0x08003d73   Thumb Code     6  cup_detection.o(.text)
    setCstate                                0x08003d79   Thumb Code     6  cup_detection.o(.text)
    set_cups_override                        0x08003d7f   Thumb Code     8  cup_detection.o(.text)
    get_cups_override                        0x08003d87   Thumb Code     6  cup_detection.o(.text)
    getQS                                    0x08003d99   Thumb Code     6  pulse_reading.o(.text)
    setQS                                    0x08003d9f   Thumb Code     6  pulse_reading.o(.text)
    ReadPulse                                0x08003da5   Thumb Code   698  pulse_reading.o(.text)
    MotionDetection                          0x08004085   Thumb Code   134  movement_detection.o(.text)
    Configure_12V_LEDS                       0x08004115   Thumb Code    50  leds.o(.text)
    Configure_LED_indicator                  0x08004147   Thumb Code    48  leds.o(.text)
    Configure_Onboard_LEDS                   0x08004177   Thumb Code    56  leds.o(.text)
    shiftOut                                 0x080041af   Thumb Code   104  leds.o(.text)
    addToBuffer                              0x08004217   Thumb Code   176  leds.o(.text)
    clearBuffer                              0x080042c7   Thumb Code    46  leds.o(.text)
    Control_12V_LED_individually             0x080042f5   Thumb Code    74  leds.o(.text)
    Control_12V_LEDs                         0x0800433f   Thumb Code   120  leds.o(.text)
    BlinkOnboardLED                          0x080043b7   Thumb Code   102  leds.o(.text)
    Test_7Seg                                0x0800441d   Thumb Code   148  leds.o(.text)
    ClearOnboardLEDS                         0x080044b1   Thumb Code    24  leds.o(.text)
    set_dot2_always_on                       0x080044c9   Thumb Code     8  leds.o(.text)
    Configure_BiColor_LED                    0x080044d1   Thumb Code    48  leds.o(.text)
    ControlBiColorLED                        0x08004501   Thumb Code    18  leds.o(.text)
    PerformQuest                             0x08004525   Thumb Code   266  quest.o(.text)
    lcd_delay_us                             0x08004641   Thumb Code    12  lph8731-3c.o(.text)
    lcd_delay_ms                             0x0800464d   Thumb Code    12  lph8731-3c.o(.text)
    ClkPulse                                 0x08004659   Thumb Code    24  lph8731-3c.o(.text)
    Send_spi                                 0x08004671   Thumb Code   200  lph8731-3c.o(.text)
    Send_to_lcd                              0x08004739   Thumb Code    92  lph8731-3c.o(.text)
    LCD_init                                 0x08004795   Thumb Code   802  lph8731-3c.o(.text)
    SetRotation                              0x08004ab7   Thumb Code    56  lph8731-3c.o(.text)
    SetArea                                  0x08004aef   Thumb Code    74  lph8731-3c.o(.text)
    Put_Pixel                                0x08004b39   Thumb Code    34  lph8731-3c.o(.text)
    Send_Symbol                              0x08004b5b   Thumb Code   290  lph8731-3c.o(.text)
    LCD_Putchar                              0x08004c7d   Thumb Code    84  lph8731-3c.o(.text)
    LCD_Puts                                 0x08004cd1   Thumb Code    86  lph8731-3c.o(.text)
    Send_Symbol_Shadow                       0x08004d27   Thumb Code   284  lph8731-3c.o(.text)
    LCD_Putchar_Shadow                       0x08004e43   Thumb Code    70  lph8731-3c.o(.text)
    LCD_Puts_Shadow                          0x08004e89   Thumb Code    78  lph8731-3c.o(.text)
    LCD_FillScreen                           0x08004ed7   Thumb Code    46  lph8731-3c.o(.text)
    Send_Image                               0x08004f05   Thumb Code   156  lph8731-3c.o(.text)
    LCD_Output_image                         0x08004fa1   Thumb Code    58  lph8731-3c.o(.text)
    LCD_DrawLine                             0x08004fdb   Thumb Code   216  lph8731-3c.o(.text)
    LCD_FillRect                             0x080050b3   Thumb Code    88  lph8731-3c.o(.text)
    LCD_FillLine                             0x0800510b   Thumb Code   194  lph8731-3c.o(.text)
    LCD_DrawRect                             0x080051cd   Thumb Code   118  lph8731-3c.o(.text)
    LCD_DrawCircle                           0x08005243   Thumb Code   218  lph8731-3c.o(.text)
    LCD_FillCircle                           0x0800531d   Thumb Code   154  lph8731-3c.o(.text)
    LCD_DrawTriangle                         0x080053b7   Thumb Code    56  lph8731-3c.o(.text)
    LCD_FillTriangleA                        0x080053ef   Thumb Code   194  lph8731-3c.o(.text)
    LCD_FillTriangle                         0x080054b1   Thumb Code    70  lph8731-3c.o(.text)
    LCD_ON                                   0x080054f7   Thumb Code     8  lph8731-3c.o(.text)
    LCD_OFF                                  0x080054ff   Thumb Code     8  lph8731-3c.o(.text)
    malloc                                   0x0800550d   Thumb Code    94  h1_alloc.o(.text)
    free                                     0x0800556b   Thumb Code    78  h1_free.o(.text)
    __2sprintf                               0x080055b9   Thumb Code    34  noretval__2sprintf.o(.text)
    _printf_pre_padding                      0x080055e1   Thumb Code    44  _printf_pad.o(.text)
    _printf_post_padding                     0x0800560d   Thumb Code    34  _printf_pad.o(.text)
    _printf_int_dec                          0x08005631   Thumb Code   104  _printf_dec.o(.text)
    _printf_int_hex                          0x080056a9   Thumb Code    84  _printf_hex_int.o(.text)
    _printf_longlong_hex                     0x080056a9   Thumb Code     0  _printf_hex_int.o(.text)
    __printf                                 0x08005701   Thumb Code   308  __printf_flags_wp.o(.text)
    strlen                                   0x08005839   Thumb Code    62  strlen.o(.text)
    __aeabi_memcpy4                          0x08005877   Thumb Code     0  rt_memcpy_w.o(.text)
    __aeabi_memcpy8                          0x08005877   Thumb Code     0  rt_memcpy_w.o(.text)
    __rt_memcpy_w                            0x08005877   Thumb Code   100  rt_memcpy_w.o(.text)
    _memcpy_lastbytes_aligned                0x080058bf   Thumb Code     0  rt_memcpy_w.o(.text)
    __use_two_region_memory                  0x080058db   Thumb Code     2  heapauxi.o(.text)
    __rt_heap_escrow                         0x080058dd   Thumb Code     2  heapauxi.o(.text)
    __rt_heap_expand                         0x080058df   Thumb Code     2  heapauxi.o(.text)
    __rt_heap_descriptor                     0x080058e1   Thumb Code     8  rt_heap_descriptor_intlibspace.o(.text)
    __use_no_heap                            0x080058e9   Thumb Code     2  hguard.o(.text)
    __heap$guard                             0x080058eb   Thumb Code     2  hguard.o(.text)
    _terminate_user_alloc                    0x080058ed   Thumb Code     2  init_alloc.o(.text)
    _init_user_alloc                         0x080058ef   Thumb Code     2  init_alloc.o(.text)
    __Heap_Full                              0x080058f1   Thumb Code    34  init_alloc.o(.text)
    __Heap_Broken                            0x08005913   Thumb Code     6  init_alloc.o(.text)
    _init_alloc                              0x08005919   Thumb Code    94  init_alloc.o(.text)
    __Heap_Initialize                        0x08005977   Thumb Code    10  h1_init.o(.text)
    __Heap_DescSize                          0x08005981   Thumb Code     4  h1_init.o(.text)
    _printf_int_common                       0x08005985   Thumb Code   178  _printf_intcommon.o(.text)
    __lib_sel_fp_printf                      0x08005a37   Thumb Code     2  _printf_fp_dec.o(.text)
    _printf_fp_dec_real                      0x08005be5   Thumb Code   620  _printf_fp_dec.o(.text)
    _printf_char_common                      0x08005e5b   Thumb Code    32  _printf_char_common.o(.text)
    _sputc                                   0x08005e81   Thumb Code    10  _sputc.o(.text)
    __user_libspace                          0x08005e8d   Thumb Code     8  libspace.o(.text)
    __user_perproc_libspace                  0x08005e8d   Thumb Code     0  libspace.o(.text)
    __user_perthread_libspace                0x08005e8d   Thumb Code     0  libspace.o(.text)
    __rt_locale                              0x08005e95   Thumb Code     8  rt_locale_intlibspace.o(.text)
    __Heap_ProvideMemory                     0x08005e9d   Thumb Code    52  h1_extend.o(.text)
    _ll_udiv10                               0x08005ed1   Thumb Code   138  lludiv10.o(.text)
    _printf_fp_infnan                        0x08005f5d   Thumb Code   112  _printf_fp_infnan.o(.text)
    _btod_etento                             0x08005fdd   Thumb Code   216  bigflt0.o(.text)
    __rt_SIGRTMEM                            0x080060b9   Thumb Code    14  defsig_rtmem_outer.o(.text)
    __I$use$semihosting                      0x080060c7   Thumb Code     0  use_no_semi.o(.text)
    __use_no_semihosting_swi                 0x080060c7   Thumb Code     2  use_no_semi.o(.text)
    __semihosting_library_function           0x080060c9   Thumb Code     0  indicate_semi.o(.text)
    __user_setup_stackheap                   0x080060c9   Thumb Code    74  sys_stackheap_outer.o(.text)
    exit                                     0x08006113   Thumb Code    18  exit.o(.text)
    __sig_exit                               0x08006125   Thumb Code    10  defsig_exit.o(.text)
    __rt_SIGRTMEM_inner                      0x08006131   Thumb Code    22  defsig_rtmem_inner.o(.text)
    strcmp                                   0x08006181   Thumb Code   128  strcmpv7m.o(.text)
    _sys_exit                                0x08006201   Thumb Code     8  sys_exit.o(.text)
    __default_signal_display                 0x0800620d   Thumb Code    50  defsig_general.o(.text)
    _ttywrch                                 0x0800623f   Thumb Code    14  sys_wrch.o(.text)
    _btod_d2e                                0x0800624d   Thumb Code    62  btod.o(CL$$btod_d2e)
    _d2e_denorm_low                          0x0800628b   Thumb Code    70  btod.o(CL$$btod_d2e_denorm_low)
    _d2e_norm_op1                            0x080062d1   Thumb Code    96  btod.o(CL$$btod_d2e_norm_op1)
    __btod_div_common                        0x08006331   Thumb Code   696  btod.o(CL$$btod_div_common)
    _e2e                                     0x08006669   Thumb Code   198  btod.o(CL$$btod_e2e)
    _btod_ediv                               0x0800672f   Thumb Code    40  btod.o(CL$$btod_ediv)
    _btod_emul                               0x08006757   Thumb Code    40  btod.o(CL$$btod_emul)
    __btod_mult_common                       0x0800677f   Thumb Code   580  btod.o(CL$$btod_mult_common)
    __ARM_fpclassify                         0x080069c3   Thumb Code    48  fpclassify.o(i.__ARM_fpclassify)
    _is_digit                                0x080069f3   Thumb Code    14  __printf_wp.o(i._is_digit)
    _get_lc_numeric                          0x08006a01   Thumb Code    44  lc_numeric_c.o(locale$$code)
    __fpl_dretinf                            0x08006a2d   Thumb Code    12  dretinf.o(x$fpl$dretinf)
    __aeabi_f2d                              0x08006a39   Thumb Code     0  f2d.o(x$fpl$f2d)
    _f2d                                     0x08006a39   Thumb Code    86  f2d.o(x$fpl$f2d)
    __fpl_fnaninf                            0x08006a8f   Thumb Code   140  fnaninf.o(x$fpl$fnaninf)
    _fp_init                                 0x08006b1b   Thumb Code    10  fpinit.o(x$fpl$fpinit)
    __fplib_config_fpu_vfp                   0x08006b23   Thumb Code     0  fpinit.o(x$fpl$fpinit)
    __fplib_config_pureend_doubles           0x08006b23   Thumb Code     0  fpinit.o(x$fpl$fpinit)
    _printf_fp_dec                           0x08006b25   Thumb Code     4  printf1.o(x$fpl$printf1)
    __I$use$fp                               0x08006b28   Number         0  usenofp.o(x$fpl$usenofp)
    armBitRevTable                           0x08006b28   Data        2048  arm_common_tables.o(.constdata)
    twiddleCoef_4096                         0x08007328   Data       32768  arm_common_tables.o(.constdata)
    font_5x8                                 0x0800f328   Data         800  lph8731-3c.o(.constdata)
    Region$$Table$$Base                      0x0800f718   Number         0  anon$$obj.o(Region$$Table)
    Region$$Table$$Limit                     0x0800f738   Number         0  anon$$obj.o(Region$$Table)
    vbatEnabled                              0x20000010   Data           1  tm_stm32f4_adc.o(.data)
    TM_DELAY_Initialized                     0x20000014   Data           1  tm_stm32f4_delay.o(.data)
    SystemCoreClock                          0x20000024   Data           4  system_stm32f4xx.o(.data)
    AHBPrescTable                            0x20000028   Data          16  system_stm32f4xx.o(.data)
    rx_buffer_overflow                       0x20000038   Data           1  usart.o(.data)
    break_flag                               0x20000039   Data           1  usart.o(.data)
    rx_wr_index                              0x2000003a   Data           2  usart.o(.data)
    rx_rd_index                              0x2000003c   Data           2  usart.o(.data)
    rx_counter                               0x2000003e   Data           2  usart.o(.data)
    tx_wr_index                              0x20000040   Data           2  usart.o(.data)
    tx_rd_index                              0x20000042   Data           2  usart.o(.data)
    tx_counter                               0x20000044   Data           2  usart.o(.data)
    secondsCount                             0x20000048   Data           4  init_periph_irqs.o(.data)
    tim2_count                               0x2000004c   Data           4  init_periph_irqs.o(.data)
    tim5_count                               0x20000050   Data           4  init_periph_irqs.o(.data)
    tim5_count2                              0x20000054   Data           4  init_periph_irqs.o(.data)
    tim5_count3                              0x20000058   Data           4  init_periph_irqs.o(.data)
    tim5_count4                              0x2000005c   Data           4  init_periph_irqs.o(.data)
    counter                                  0x20000060   Data           4  init_periph_irqs.o(.data)
    counter2                                 0x20000064   Data           4  init_periph_irqs.o(.data)
    counter3                                 0x20000068   Data           4  init_periph_irqs.o(.data)
    counter4                                 0x2000006c   Data           4  init_periph_irqs.o(.data)
    tim4_counter0                            0x20000070   Data           4  init_periph_irqs.o(.data)
    tim4_count0                              0x20000074   Data           4  init_periph_irqs.o(.data)
    led_counter                              0x20000078   Data           4  init_periph_irqs.o(.data)
    xLED                                     0x2000007c   Data           4  init_periph_irqs.o(.data)
    sampleCounterIRQ                         0x20000080   Data           4  init_periph_irqs.o(.data)
    silence_thresh_is_set                    0x20000084   Data           1  detect_whistle.o(.data)
    claps                                    0x20000088   Data           4  detect_whistle.o(.data)
    silence_thresh                           0x2000008c   Data           4  detect_whistle.o(.data)
    silence_thresh_avg                       0x20000090   Data           4  detect_whistle.o(.data)
    N                                        0x20000094   Data           4  detect_whistle.o(.data)
    correction_value                         0x20000098   Data           4  detect_whistle.o(.data)
    silence_value_biggest_old                0x2000009c   Data           4  detect_whistle.o(.data)
    freq                                     0x200000a0   Data           4  detect_whistle.o(.data)
    silence_thresh_incr                      0x200000a4   Data           4  detect_whistle.o(.data)
    silence_thresh_incr_old                  0x200000a8   Data           4  detect_whistle.o(.data)
    c1_state                                 0x200000ac   Data           1  cup_detection.o(.data)
    c2_state                                 0x200000ad   Data           1  cup_detection.o(.data)
    c3_state                                 0x200000ae   Data           1  cup_detection.o(.data)
    c4_state                                 0x200000af   Data           1  cup_detection.o(.data)
    c5_state                                 0x200000b0   Data           1  cup_detection.o(.data)
    _task_counter                            0x200000b1   Data           1  cup_detection.o(.data)
    cups_override                            0x200000b2   Data           1  cup_detection.o(.data)
    first_start                              0x200000b3   Data           1  cup_detection.o(.data)
    cstate                                   0x200000b4   Data           2  cup_detection.o(.data)
    IBI                                      0x200000b8   Data           2  pulse_reading.o(.data)
    Pulse                                    0x200000ba   Data           2  pulse_reading.o(.data)
    QS                                       0x200000bc   Data           2  pulse_reading.o(.data)
    P                                        0x200000be   Data           2  pulse_reading.o(.data)
    T                                        0x200000c0   Data           2  pulse_reading.o(.data)
    thresh                                   0x200000c2   Data           2  pulse_reading.o(.data)
    amp                                      0x200000c4   Data           2  pulse_reading.o(.data)
    firstBeat                                0x200000c6   Data           2  pulse_reading.o(.data)
    secondBeat                               0x200000c8   Data           2  pulse_reading.o(.data)
    old_tim5_count                           0x200000ca   Data           2  pulse_reading.o(.data)
    BPM                                      0x200000cc   Data           2  pulse_reading.o(.data)
    Signal                                   0x200000ce   Data           2  pulse_reading.o(.data)
    SignalToDraw                             0x200000d0   Data           2  pulse_reading.o(.data)
    threshToDraw                             0x200000d2   Data           2  pulse_reading.o(.data)
    prev_Signal                              0x200000d4   Data           2  pulse_reading.o(.data)
    lastBeatTime                             0x200000d8   Data           4  pulse_reading.o(.data)
    dot2_always_on                           0x200000dc   Data           1  leds.o(.data)
    numbers                                  0x200000dd   Data          10  leds.o(.data)
    LCD_state                                0x200000e8   Data           1  lph8731-3c.o(.data)
    RS_old                                   0x200000e9   Data           1  lph8731-3c.o(.data)
    rot                                      0x200000ec   Data           4  lph8731-3c.o(.data)
    rx_buffer                                0x200000f0   Data         350  usart.o(.bss)
    tx_buffer                                0x2000024e   Data         350  usart.o(.bss)
    Input                                    0x200003ac   Data        2048  detect_whistle.o(.bss)
    Output                                   0x20000bac   Data        1024  detect_whistle.o(.bss)
    silence_thresh_str                       0x20000fac   Data          15  detect_whistle.o(.bss)
    rate                                     0x20000fbc   Data          20  pulse_reading.o(.bss)
    BPM_result_str                           0x20000fd0   Data          15  pulse_reading.o(.bss)
    __libspace_start                         0x20000fe0   Data          96  libspace.o(.bss)
    __temporary_stack_top$libspace           0x20001040   Data           0  libspace.o(.bss)



==============================================================================

Memory Map of the image

  Image Entry point : 0x08000279

  Load Region LR_1 (Base: 0x08000000, Size: 0x0000f844, Max: 0xffffffff, ABSOLUTE)

    Execution Region ER_RO (Base: 0x08000000, Size: 0x0000f754, Max: 0xffffffff, ABSOLUTE)

    Base Addr    Size         Type   Attr      Idx    E Section Name        Object

    0x08000000   0x000001ac   Data   RO            3    RESET               startup_stm32f427_437xx.o
    0x080001ac   0x00000008   Code   RO         1392  * !!!main             c_w.l(__main.o)
    0x080001b4   0x00000034   Code   RO         1680    !!!scatter          c_w.l(__scatter.o)
    0x080001e8   0x0000001a   Code   RO         1682    !!handler_copy      c_w.l(__scatter_copy.o)
    0x08000202   0x00000002   PAD
    0x08000204   0x0000001c   Code   RO         1684    !!handler_zi        c_w.l(__scatter_zi.o)
    0x08000220   0x00000000   Code   RO         1385    .ARM.Collect$$_printf_percent$$00000000  c_w.l(_printf_percent.o)
    0x08000220   0x00000006   Code   RO         1384    .ARM.Collect$$_printf_percent$$00000003  c_w.l(_printf_f.o)
    0x08000226   0x00000006   Code   RO         1383    .ARM.Collect$$_printf_percent$$00000009  c_w.l(_printf_d.o)
    0x0800022c   0x00000006   Code   RO         1382    .ARM.Collect$$_printf_percent$$0000000C  c_w.l(_printf_x.o)
    0x08000232   0x00000004   Code   RO         1454    .ARM.Collect$$_printf_percent$$00000017  c_w.l(_printf_percent_end.o)
    0x08000236   0x00000002   Code   RO         1619    .ARM.Collect$$libinit$$00000000  c_w.l(libinit.o)
    0x08000238   0x00000004   Code   RO         1457    .ARM.Collect$$libinit$$00000001  c_w.l(libinit2.o)
    0x0800023c   0x00000000   Code   RO         1460    .ARM.Collect$$libinit$$00000004  c_w.l(libinit2.o)
    0x0800023c   0x00000008   Code   RO         1461    .ARM.Collect$$libinit$$00000005  c_w.l(libinit2.o)
    0x08000244   0x00000000   Code   RO         1463    .ARM.Collect$$libinit$$0000000A  c_w.l(libinit2.o)
    0x08000244   0x00000000   Code   RO         1465    .ARM.Collect$$libinit$$0000000C  c_w.l(libinit2.o)
    0x08000244   0x00000000   Code   RO         1467    .ARM.Collect$$libinit$$0000000E  c_w.l(libinit2.o)
    0x08000244   0x00000006   Code   RO         1468    .ARM.Collect$$libinit$$0000000F  c_w.l(libinit2.o)
    0x0800024a   0x00000000   Code   RO         1470    .ARM.Collect$$libinit$$00000011  c_w.l(libinit2.o)
    0x0800024a   0x00000000   Code   RO         1472    .ARM.Collect$$libinit$$00000013  c_w.l(libinit2.o)
    0x0800024a   0x00000000   Code   RO         1474    .ARM.Collect$$libinit$$00000015  c_w.l(libinit2.o)
    0x0800024a   0x0000000a   Code   RO         1475    .ARM.Collect$$libinit$$00000016  c_w.l(libinit2.o)
    0x08000254   0x00000000   Code   RO         1476    .ARM.Collect$$libinit$$00000017  c_w.l(libinit2.o)
    0x08000254   0x00000000   Code   RO         1478    .ARM.Collect$$libinit$$00000019  c_w.l(libinit2.o)
    0x08000254   0x00000000   Code   RO         1480    .ARM.Collect$$libinit$$0000001B  c_w.l(libinit2.o)
    0x08000254   0x00000000   Code   RO         1482    .ARM.Collect$$libinit$$0000001D  c_w.l(libinit2.o)
    0x08000254   0x00000000   Code   RO         1484    .ARM.Collect$$libinit$$0000001F  c_w.l(libinit2.o)
    0x08000254   0x00000000   Code   RO         1486    .ARM.Collect$$libinit$$00000021  c_w.l(libinit2.o)
    0x08000254   0x00000000   Code   RO         1488    .ARM.Collect$$libinit$$00000023  c_w.l(libinit2.o)
    0x08000254   0x00000000   Code   RO         1490    .ARM.Collect$$libinit$$00000025  c_w.l(libinit2.o)
    0x08000254   0x00000000   Code   RO         1494    .ARM.Collect$$libinit$$0000002C  c_w.l(libinit2.o)
    0x08000254   0x00000000   Code   RO         1496    .ARM.Collect$$libinit$$0000002E  c_w.l(libinit2.o)
    0x08000254   0x00000000   Code   RO         1498    .ARM.Collect$$libinit$$00000030  c_w.l(libinit2.o)
    0x08000254   0x00000000   Code   RO         1500    .ARM.Collect$$libinit$$00000032  c_w.l(libinit2.o)
    0x08000254   0x00000002   Code   RO         1501    .ARM.Collect$$libinit$$00000033  c_w.l(libinit2.o)
    0x08000256   0x00000002   Code   RO         1677    .ARM.Collect$$libshutdown$$00000000  c_w.l(libshutdown.o)
    0x08000258   0x00000000   Code   RO         1633    .ARM.Collect$$libshutdown$$00000002  c_w.l(libshutdown2.o)
    0x08000258   0x00000000   Code   RO         1635    .ARM.Collect$$libshutdown$$00000004  c_w.l(libshutdown2.o)
    0x08000258   0x00000000   Code   RO         1638    .ARM.Collect$$libshutdown$$00000007  c_w.l(libshutdown2.o)
    0x08000258   0x00000000   Code   RO         1641    .ARM.Collect$$libshutdown$$0000000A  c_w.l(libshutdown2.o)
    0x08000258   0x00000000   Code   RO         1643    .ARM.Collect$$libshutdown$$0000000C  c_w.l(libshutdown2.o)
    0x08000258   0x00000000   Code   RO         1646    .ARM.Collect$$libshutdown$$0000000F  c_w.l(libshutdown2.o)
    0x08000258   0x00000002   Code   RO         1647    .ARM.Collect$$libshutdown$$00000010  c_w.l(libshutdown2.o)
    0x0800025a   0x00000000   Code   RO         1420    .ARM.Collect$$rtentry$$00000000  c_w.l(__rtentry.o)
    0x0800025a   0x00000000   Code   RO         1517    .ARM.Collect$$rtentry$$00000002  c_w.l(__rtentry2.o)
    0x0800025a   0x00000006   Code   RO         1529    .ARM.Collect$$rtentry$$00000004  c_w.l(__rtentry4.o)
    0x08000260   0x00000000   Code   RO         1519    .ARM.Collect$$rtentry$$00000009  c_w.l(__rtentry2.o)
    0x08000260   0x00000004   Code   RO         1520    .ARM.Collect$$rtentry$$0000000A  c_w.l(__rtentry2.o)
    0x08000264   0x00000000   Code   RO         1522    .ARM.Collect$$rtentry$$0000000C  c_w.l(__rtentry2.o)
    0x08000264   0x00000008   Code   RO         1523    .ARM.Collect$$rtentry$$0000000D  c_w.l(__rtentry2.o)
    0x0800026c   0x00000002   Code   RO         1622    .ARM.Collect$$rtexit$$00000000  c_w.l(rtexit.o)
    0x0800026e   0x00000000   Code   RO         1651    .ARM.Collect$$rtexit$$00000002  c_w.l(rtexit2.o)
    0x0800026e   0x00000004   Code   RO         1652    .ARM.Collect$$rtexit$$00000003  c_w.l(rtexit2.o)
    0x08000272   0x00000006   Code   RO         1653    .ARM.Collect$$rtexit$$00000004  c_w.l(rtexit2.o)
    0x08000278   0x00000000   Code   RO         1538    .emb_text           c_w.l(maybetermalloc1.o)
    0x08000278   0x00000040   Code   RO            4  * .text               startup_stm32f427_437xx.o
    0x080002b8   0x000000b0   Code   RO           12    .text               misc.o
    0x08000368   0x00000484   Code   RO          143    .text               stm32f4xx_rcc.o
    0x080007ec   0x0000020c   Code   RO          165    .text               stm32f4xx_gpio.o
    0x080009f8   0x00000354   Code   RO          185    .text               stm32f4xx_adc.o
    0x08000d4c   0x000009dc   Code   RO          245    .text               stm32f4xx_tim.o
    0x08001728   0x00000358   Code   RO          332    .text               stm32f4xx_usart.o
    0x08001a80   0x00000668   Code   RO          392    .text               arm_cfft_radix4_f32.o
    0x080020e8   0x000000b0   Code   RO          425    .text               arm_cfft_radix4_init_f32.o
    0x08002198   0x000000d0   Code   RO          500    .text               arm_cmplx_mag_f32.o
    0x08002268   0x00000092   Code   RO          523    .text               arm_max_f32.o
    0x080022fa   0x000001b0   Code   RO          543    .text               arm_bitreversal.o
    0x080024aa   0x00000092   Code   RO          563    .text               arm_min_f32.o
    0x0800253c   0x00000344   Code   RO          583    .text               tm_stm32f4_adc.o
    0x08002880   0x000000dc   Code   RO          644    .text               tm_stm32f4_delay.o
    0x0800295c   0x0000001a   Code   RO          876    .text               stm32f4xx_it.o
    0x08002976   0x00000002   PAD
    0x08002978   0x00000198   Code   RO          902    .text               system_stm32f4xx.o
    0x08002b10   0x000001c0   Code   RO          928    .text               main.o
    0x08002cd0   0x000005b4   Code   RO         1023    .text               usart.o
    0x08003284   0x000003bc   Code   RO         1063    .text               init_periph_irqs.o
    0x08003640   0x00000654   Code   RO         1086    .text               detect_whistle.o
    0x08003c94   0x00000104   Code   RO         1121    .text               cup_detection.o
    0x08003d98   0x000002ec   Code   RO         1146    .text               pulse_reading.o
    0x08004084   0x00000090   Code   RO         1176    .text               movement_detection.o
    0x08004114   0x00000410   Code   RO         1196    .text               leds.o
    0x08004524   0x0000011c   Code   RO         1221    .text               quest.o
    0x08004640   0x00000ecc   Code   RO         1241    .text               lph8731-3c.o
    0x0800550c   0x0000005e   Code   RO         1273    .text               c_w.l(h1_alloc.o)
    0x0800556a   0x0000004e   Code   RO         1275    .text               c_w.l(h1_free.o)
    0x080055b8   0x00000028   Code   RO         1333    .text               c_w.l(noretval__2sprintf.o)
    0x080055e0   0x0000004e   Code   RO         1337    .text               c_w.l(_printf_pad.o)
    0x0800562e   0x00000002   PAD
    0x08005630   0x00000078   Code   RO         1339    .text               c_w.l(_printf_dec.o)
    0x080056a8   0x00000058   Code   RO         1344    .text               c_w.l(_printf_hex_int.o)
    0x08005700   0x00000138   Code   RO         1374    .text               c_w.l(__printf_flags_wp.o)
    0x08005838   0x0000003e   Code   RO         1386    .text               c_w.l(strlen.o)
    0x08005876   0x00000064   Code   RO         1388    .text               c_w.l(rt_memcpy_w.o)
    0x080058da   0x00000006   Code   RO         1390    .text               c_w.l(heapauxi.o)
    0x080058e0   0x00000008   Code   RO         1424    .text               c_w.l(rt_heap_descriptor_intlibspace.o)
    0x080058e8   0x00000004   Code   RO         1426    .text               c_w.l(hguard.o)
    0x080058ec   0x0000008a   Code   RO         1428    .text               c_w.l(init_alloc.o)
    0x08005976   0x0000000e   Code   RO         1432    .text               c_w.l(h1_init.o)
    0x08005984   0x000000b2   Code   RO         1446    .text               c_w.l(_printf_intcommon.o)
    0x08005a36   0x0000041a   Code   RO         1448    .text               c_w.l(_printf_fp_dec.o)
    0x08005e50   0x00000030   Code   RO         1450    .text               c_w.l(_printf_char_common.o)
    0x08005e80   0x0000000a   Code   RO         1452    .text               c_w.l(_sputc.o)
    0x08005e8a   0x00000002   PAD
    0x08005e8c   0x00000008   Code   RO         1513    .text               c_w.l(libspace.o)
    0x08005e94   0x00000008   Code   RO         1534    .text               c_w.l(rt_locale_intlibspace.o)
    0x08005e9c   0x00000034   Code   RO         1540    .text               c_w.l(h1_extend.o)
    0x08005ed0   0x0000008a   Code   RO         1544    .text               c_w.l(lludiv10.o)
    0x08005f5a   0x00000002   PAD
    0x08005f5c   0x00000080   Code   RO         1546    .text               c_w.l(_printf_fp_infnan.o)
    0x08005fdc   0x000000dc   Code   RO         1550    .text               c_w.l(bigflt0.o)
    0x080060b8   0x0000000e   Code   RO         1578    .text               c_w.l(defsig_rtmem_outer.o)
    0x080060c6   0x00000002   Code   RO         1593    .text               c_w.l(use_no_semi.o)
    0x080060c8   0x00000000   Code   RO         1595    .text               c_w.l(indicate_semi.o)
    0x080060c8   0x0000004a   Code   RO         1596    .text               c_w.l(sys_stackheap_outer.o)
    0x08006112   0x00000012   Code   RO         1602    .text               c_w.l(exit.o)
    0x08006124   0x0000000a   Code   RO         1604    .text               c_w.l(defsig_exit.o)
    0x0800612e   0x00000002   PAD
    0x08006130   0x00000050   Code   RO         1606    .text               c_w.l(defsig_rtmem_inner.o)
    0x08006180   0x00000080   Code   RO         1608    .text               c_w.l(strcmpv7m.o)
    0x08006200   0x0000000c   Code   RO         1620    .text               c_w.l(sys_exit.o)
    0x0800620c   0x00000032   Code   RO         1630    .text               c_w.l(defsig_general.o)
    0x0800623e   0x0000000e   Code   RO         1648    .text               c_w.l(sys_wrch.o)
    0x0800624c   0x0000003e   Code   RO         1553    CL$$btod_d2e        c_w.l(btod.o)
    0x0800628a   0x00000046   Code   RO         1555    CL$$btod_d2e_denorm_low  c_w.l(btod.o)
    0x080062d0   0x00000060   Code   RO         1554    CL$$btod_d2e_norm_op1  c_w.l(btod.o)
    0x08006330   0x00000338   Code   RO         1563    CL$$btod_div_common  c_w.l(btod.o)
    0x08006668   0x000000c6   Code   RO         1560    CL$$btod_e2e        c_w.l(btod.o)
    0x0800672e   0x00000028   Code   RO         1557    CL$$btod_ediv       c_w.l(btod.o)
    0x08006756   0x00000028   Code   RO         1556    CL$$btod_emul       c_w.l(btod.o)
    0x0800677e   0x00000244   Code   RO         1562    CL$$btod_mult_common  c_w.l(btod.o)
    0x080069c2   0x00000030   Code   RO         1591    i.__ARM_fpclassify  m_wm.l(fpclassify.o)
    0x080069f2   0x0000000e   Code   RO         1372    i._is_digit         c_w.l(__printf_wp.o)
    0x08006a00   0x0000002c   Code   RO         1576    locale$$code        c_w.l(lc_numeric_c.o)
    0x08006a2c   0x0000000c   Code   RO         1506    x$fpl$dretinf       fz_wm.l(dretinf.o)
    0x08006a38   0x00000056   Code   RO         1414    x$fpl$f2d           fz_wm.l(f2d.o)
    0x08006a8e   0x0000008c   Code   RO         1508    x$fpl$fnaninf       fz_wm.l(fnaninf.o)
    0x08006b1a   0x0000000a   Code   RO         1587    x$fpl$fpinit        fz_wm.l(fpinit.o)
    0x08006b24   0x00000004   Code   RO         1416    x$fpl$printf1       fz_wm.l(printf1.o)
    0x08006b28   0x00000000   Code   RO         1510    x$fpl$usenofp       fz_wm.l(usenofp.o)
    0x08006b28   0x00000800   Data   RO          449    .constdata          arm_common_tables.o
    0x08007328   0x00008000   Data   RO          458    .constdata          arm_common_tables.o
    0x0800f328   0x00000320   Data   RO         1242    .constdata          lph8731-3c.o
    0x0800f648   0x00000028   Data   RO         1345    .constdata          c_w.l(_printf_hex_int.o)
    0x0800f670   0x00000011   Data   RO         1375    .constdata          c_w.l(__printf_flags_wp.o)
    0x0800f681   0x00000003   PAD
    0x0800f684   0x00000094   Data   RO         1551    .constdata          c_w.l(bigflt0.o)
    0x0800f718   0x00000020   Data   RO         1678    Region$$Table       anon$$obj.o
    0x0800f738   0x0000001c   Data   RO         1575    locale$$data        c_w.l(lc_numeric_c.o)


    Execution Region ER_RW (Base: 0x20000000, Size: 0x000000f0, Max: 0xffffffff, ABSOLUTE)

    Base Addr    Size         Type   Attr      Idx    E Section Name        Object

    0x20000000   0x00000010   Data   RW          144    .data               stm32f4xx_rcc.o
    0x20000010   0x00000001   Data   RW          584    .data               tm_stm32f4_adc.o
    0x20000011   0x00000003   PAD
    0x20000014   0x00000010   Data   RW          645    .data               tm_stm32f4_delay.o
    0x20000024   0x00000014   Data   RW          903    .data               system_stm32f4xx.o
    0x20000038   0x0000000e   Data   RW         1029    .data               usart.o
    0x20000046   0x00000002   PAD
    0x20000048   0x0000003c   Data   RW         1064    .data               init_periph_irqs.o
    0x20000084   0x00000028   Data   RW         1094    .data               detect_whistle.o
    0x200000ac   0x0000000a   Data   RW         1122    .data               cup_detection.o
    0x200000b6   0x00000002   PAD
    0x200000b8   0x00000024   Data   RW         1152    .data               pulse_reading.o
    0x200000dc   0x0000000b   Data   RW         1198    .data               leds.o
    0x200000e7   0x00000001   PAD
    0x200000e8   0x00000008   Data   RW         1243    .data               lph8731-3c.o


    Execution Region ER_ZI (Base: 0x200000f0, Size: 0x00001550, Max: 0xffffffff, ABSOLUTE)

    Base Addr    Size         Type   Attr      Idx    E Section Name        Object

    0x200000f0   0x000002bc   Zero   RW         1026    .bss                usart.o
    0x200003ac   0x00000c0f   Zero   RW         1087    .bss                detect_whistle.o
    0x20000fbb   0x00000001   PAD
    0x20000fbc   0x00000023   Zero   RW         1147    .bss                pulse_reading.o
    0x20000fdf   0x00000001   PAD
    0x20000fe0   0x00000060   Zero   RW         1514    .bss                c_w.l(libspace.o)
    0x20001040   0x00000200   Zero   RW            2    HEAP                startup_stm32f427_437xx.o
    0x20001240   0x00000400   Zero   RW            1    STACK               startup_stm32f427_437xx.o


==============================================================================

Image component sizes


      Code (inc. data)   RO Data    RW Data    ZI Data      Debug   Object Name

       432          0          0          0          0       3014   arm_bitreversal.o
      1640          0          0          0          0      18884   arm_cfft_radix4_f32.o
       176         34          0          0          0       1019   arm_cfft_radix4_init_f32.o
       208          6          0          0          0      13748   arm_cmplx_mag_f32.o
         0          0      34816          0          0       2817   arm_common_tables.o
       146          0          0          0          0       1734   arm_max_f32.o
       146          0          0          0          0       1734   arm_min_f32.o
       260         12          0         10          0       3147   cup_detection.o
      1620        212          0         40       3087       5762   detect_whistle.o
       956         38          0         60          0       6996   init_periph_irqs.o
      1040         30          0         11          0       4598   leds.o
      3788         26        800          8          0      15278   lph8731-3c.o
       448         18          0          0          0      29750   main.o
       176         12          0          0          0     305593   misc.o
       144         10          0          0          0        702   movement_detection.o
       748         38          0         36         35       3100   pulse_reading.o
       284         30          0          0          0        735   quest.o
        64         26        428          0       1536       1036   startup_stm32f427_437xx.o
       852         20          0          0          0      11258   stm32f4xx_adc.o
       524         44          0          0          0       4813   stm32f4xx_gpio.o
        26          0          0          0          0       1452   stm32f4xx_it.o
      1156         48          0         16          0      13772   stm32f4xx_rcc.o
      2524         52          0          0          0      24338   stm32f4xx_tim.o
       856         32          0          0          0       8628   stm32f4xx_usart.o
       408         36          0         20          0       2003   system_stm32f4xx.o
       836         32          0          1          0       5815   tm_stm32f4_adc.o
       220         18          0         16          0      29877   tm_stm32f4_delay.o
      1460         86          0         14        700       7577   usart.o

    ----------------------------------------------------------------------
     21140        860      36076        240       5360     529180   Object Totals
         0          0         32          0          0          0   (incl. Generated)
         2          0          0          8          2          0   (incl. Padding)

    ----------------------------------------------------------------------

      Code (inc. data)   RO Data    RW Data    ZI Data      Debug   Library Member Name

         8          0          0          0          0         68   __main.o
       312          4         17          0          0         92   __printf_flags_wp.o
        14          0          0          0          0         68   __printf_wp.o
         0          0          0          0          0          0   __rtentry.o
        12          0          0          0          0          0   __rtentry2.o
         6          0          0          0          0          0   __rtentry4.o
        52          8          0          0          0          0   __scatter.o
        26          0          0          0          0          0   __scatter_copy.o
        28          0          0          0          0          0   __scatter_zi.o
        48          6          0          0          0         96   _printf_char_common.o
         6          0          0          0          0          0   _printf_d.o
       120         16          0          0          0         92   _printf_dec.o
         6          0          0          0          0          0   _printf_f.o
      1050          0          0          0          0        216   _printf_fp_dec.o
       128         16          0          0          0         84   _printf_fp_infnan.o
        88          4         40          0          0         88   _printf_hex_int.o
       178          0          0          0          0         88   _printf_intcommon.o
        78          0          0          0          0        108   _printf_pad.o
         0          0          0          0          0          0   _printf_percent.o
         4          0          0          0          0          0   _printf_percent_end.o
         6          0          0          0          0          0   _printf_x.o
        10          0          0          0          0         68   _sputc.o
       220          4        148          0          0         96   bigflt0.o
      1910        128          0          0          0        672   btod.o
        10          0          0          0          0         68   defsig_exit.o
        50          0          0          0          0         88   defsig_general.o
        80         58          0          0          0         76   defsig_rtmem_inner.o
        14          0          0          0          0         80   defsig_rtmem_outer.o
        18          0          0          0          0         80   exit.o
        94          0          0          0          0         80   h1_alloc.o
        52          0          0          0          0         68   h1_extend.o
        78          0          0          0          0         80   h1_free.o
        14          0          0          0          0         84   h1_init.o
         6          0          0          0          0        152   heapauxi.o
         4          0          0          0          0        136   hguard.o
         0          0          0          0          0          0   indicate_semi.o
       138          0          0          0          0        168   init_alloc.o
        44         10         28          0          0         76   lc_numeric_c.o
         2          0          0          0          0          0   libinit.o
        30          0          0          0          0          0   libinit2.o
         2          0          0          0          0          0   libshutdown.o
         2          0          0          0          0          0   libshutdown2.o
         8          4          0          0         96         68   libspace.o
       138          0          0          0          0         80   lludiv10.o
         0          0          0          0          0          0   maybetermalloc1.o
        40          6          0          0          0         84   noretval__2sprintf.o
         8          4          0          0          0         68   rt_heap_descriptor_intlibspace.o
         8          4          0          0          0         68   rt_locale_intlibspace.o
       100          0          0          0          0         80   rt_memcpy_w.o
         2          0          0          0          0          0   rtexit.o
        10          0          0          0          0          0   rtexit2.o
       128          0          0          0          0         68   strcmpv7m.o
        62          0          0          0          0         76   strlen.o
        12          4          0          0          0         68   sys_exit.o
        74          0          0          0          0         80   sys_stackheap_outer.o
        14          0          0          0          0         76   sys_wrch.o
         2          0          0          0          0         68   use_no_semi.o
        12          0          0          0          0        116   dretinf.o
        86          4          0          0          0        132   f2d.o
       140          4          0          0          0        132   fnaninf.o
        10          0          0          0          0        116   fpinit.o
         4          0          0          0          0        116   printf1.o
         0          0          0          0          0          0   usenofp.o
        48          0          0          0          0        124   fpclassify.o

    ----------------------------------------------------------------------
      5864        284        236          0         96       4692   Library Totals
        10          0          3          0          0          0   (incl. Padding)

    ----------------------------------------------------------------------

      Code (inc. data)   RO Data    RW Data    ZI Data      Debug   Library Name

      5554        276        233          0         96       3956   c_w.l
       252          8          0          0          0        612   fz_wm.l
        48          0          0          0          0        124   m_wm.l

    ----------------------------------------------------------------------
      5864        284        236          0         96       4692   Library Totals

    ----------------------------------------------------------------------

==============================================================================


      Code (inc. data)   RO Data    RW Data    ZI Data      Debug   

     27004       1144      36312        240       5456     525236   Grand Totals
     27004       1144      36312        240       5456     525236   ELF Image Totals
     27004       1144      36312        240          0          0   ROM Totals

==============================================================================

    Total RO  Size (Code + RO Data)                63316 (  61.83kB)
    Total RW  Size (RW Data + ZI Data)              5696 (   5.56kB)
    Total ROM Size (Code + RO Data + RW Data)      63556 (  62.07kB)

==============================================================================

