Component: ARM Compiler 5.06 update 2 (build 183) Tool: armlink [4d35b7]

==============================================================================

Section Cross References

    startup_stm32f427_437xx.o(STACK) refers (Special) to heapauxi.o(.text) for __use_two_region_memory
    startup_stm32f427_437xx.o(HEAP) refers (Special) to heapauxi.o(.text) for __use_two_region_memory
    startup_stm32f427_437xx.o(RESET) refers (Special) to heapauxi.o(.text) for __use_two_region_memory
    startup_stm32f427_437xx.o(RESET) refers to startup_stm32f427_437xx.o(STACK) for __initial_sp
    startup_stm32f427_437xx.o(RESET) refers to startup_stm32f427_437xx.o(.text) for Reset_Handler
    startup_stm32f427_437xx.o(RESET) refers to stm32f4xx_it.o(.text) for NMI_Handler
    startup_stm32f427_437xx.o(RESET) refers to init_periph_irqs.o(.text) for TIM2_IRQHandler
    startup_stm32f427_437xx.o(RESET) refers to usart.o(.text) for USART3_IRQHandler
    startup_stm32f427_437xx.o(.text) refers (Special) to heapauxi.o(.text) for __use_two_region_memory
    startup_stm32f427_437xx.o(.text) refers to system_stm32f4xx.o(.text) for SystemInit
    startup_stm32f427_437xx.o(.text) refers to __main.o(!!!main) for __main
    startup_stm32f427_437xx.o(.text) refers to startup_stm32f427_437xx.o(HEAP) for Heap_Mem
    startup_stm32f427_437xx.o(.text) refers to startup_stm32f427_437xx.o(STACK) for Stack_Mem
    stm32f4xx_rcc.o(.text) refers to stm32f4xx_rcc.o(.data) for .data
    stm32f4xx_gpio.o(.text) refers to stm32f4xx_rcc.o(.text) for RCC_AHB1PeriphResetCmd
    stm32f4xx_adc.o(.text) refers to stm32f4xx_rcc.o(.text) for RCC_APB2PeriphResetCmd
    stm32f4xx_dac.o(.text) refers to stm32f4xx_rcc.o(.text) for RCC_APB1PeriphResetCmd
    stm32f4xx_tim.o(.text) refers to stm32f4xx_rcc.o(.text) for RCC_APB2PeriphResetCmd
    stm32f4xx_fmc.o(.text) refers to stm32f4xx_fmc.o(.constdata) for .constdata
    stm32f4xx_ltdc.o(.text) refers to stm32f4xx_rcc.o(.text) for RCC_APB2PeriphResetCmd
    stm32f4xx_spi.o(.text) refers to stm32f4xx_rcc.o(.text) for RCC_APB1PeriphResetCmd
    stm32f4xx_usart.o(.text) refers to stm32f4xx_rcc.o(.text) for RCC_APB2PeriphResetCmd
    stm32f4xx_syscfg.o(.text) refers to stm32f4xx_rcc.o(.text) for RCC_APB2PeriphResetCmd
    arm_cfft_radix4_f32.o(.text) refers to arm_bitreversal.o(.text) for arm_bitreversal_f32
    arm_cfft_radix4_init_f32.o(.text) refers to arm_common_tables.o(.constdata) for twiddleCoef_4096
    arm_cfft_radix4_init_f32.o(.text) refers to arm_common_tables.o(.constdata) for armBitRevTable
    tm_stm32f4_adc.o(.text) refers to stm32f4xx_rcc.o(.text) for RCC_APB2PeriphClockCmd
    tm_stm32f4_adc.o(.text) refers to stm32f4xx_adc.o(.text) for ADC_CommonInit
    tm_stm32f4_adc.o(.text) refers to stm32f4xx_gpio.o(.text) for GPIO_Init
    tm_stm32f4_adc.o(.text) refers to tm_stm32f4_adc.o(.data) for .data
    tm_stm32f4_dac_signal.o(.text) refers to stm32f4xx_rcc.o(.text) for RCC_AHB1PeriphClockCmd
    tm_stm32f4_dac_signal.o(.text) refers to stm32f4xx_gpio.o(.text) for GPIO_Init
    tm_stm32f4_dac_signal.o(.text) refers to tm_stm32f4_timer_properties.o(.text) for TM_TIMER_PROPERTIES_GetTimerProperties
    tm_stm32f4_dac_signal.o(.text) refers to dflt_clz.o(x$fpl$dfltu) for __aeabi_ui2d
    tm_stm32f4_dac_signal.o(.text) refers to dmul.o(x$fpl$dmul) for __aeabi_dmul
    tm_stm32f4_dac_signal.o(.text) refers to stm32f4xx_dac.o(.text) for DAC_Init
    tm_stm32f4_dac_signal.o(.text) refers to stm32f4xx_tim.o(.text) for TIM_TimeBaseStructInit
    tm_stm32f4_dac_signal.o(.text) refers to stm32f4xx_dma.o(.text) for DMA_DeInit
    tm_stm32f4_dac_signal.o(.text) refers to tm_stm32f4_dac_signal.o(.data) for .data
    tm_stm32f4_delay.o(.text) refers to stm32f4xx_rcc.o(.text) for RCC_HSEConfig
    tm_stm32f4_delay.o(.text) refers to tm_stm32f4_delay.o(.data) for .data
    tm_stm32f4_delay.o(.text) refers to system_stm32f4xx.o(.data) for SystemCoreClock
    tm_stm32f4_disco.o(.text) refers to stm32f4xx_rcc.o(.text) for RCC_AHB1PeriphClockCmd
    tm_stm32f4_disco.o(.text) refers to stm32f4xx_gpio.o(.text) for GPIO_Init
    tm_stm32f4_fonts.o(.data) refers to tm_stm32f4_fonts.o(.constdata) for TM_Font7x10
    tm_stm32f4_fonts.o(.data) refers to tm_stm32f4_fonts.o(.constdata) for TM_Font11x18
    tm_stm32f4_fonts.o(.data) refers to tm_stm32f4_fonts.o(.constdata) for TM_Font16x26
    tm_stm32f4_ili9341_ltdc.o(.text) refers to stm32f4xx_ltdc.o(.text) for LTDC_LayerInit
    tm_stm32f4_ili9341_ltdc.o(.text) refers to stm32f4xx_rcc.o(.text) for RCC_APB2PeriphClockCmd
    tm_stm32f4_ili9341_ltdc.o(.text) refers to stm32f4xx_gpio.o(.text) for GPIO_ResetBits
    tm_stm32f4_ili9341_ltdc.o(.text) refers to tm_stm32f4_spi.o(.text) for TM_SPI_Send
    tm_stm32f4_ili9341_ltdc.o(.text) refers to tm_stm32f4_ili9341_ltdc.o(.bss) for .bss
    tm_stm32f4_ili9341_ltdc.o(.text) refers to tm_stm32f4_sdram.o(.text) for TM_SDRAM_Init
    tm_stm32f4_ili9341_ltdc.o(.text) refers to tm_stm32f4_ili9341_ltdc.o(.data) for .data
[...]
    RCC_APB1PeriphResetCmd                   0x080006df   Thumb Code    20  stm32f4xx_rcc.o(.text)
    RCC_APB2PeriphResetCmd                   0x080006f3   Thumb Code    20  stm32f4xx_rcc.o(.text)
    RCC_AHB1PeriphClockLPModeCmd             0x08000707   Thumb Code    20  stm32f4xx_rcc.o(.text)
    RCC_AHB2PeriphClockLPModeCmd             0x0800071b   Thumb Code    20  stm32f4xx_rcc.o(.text)
    RCC_AHB3PeriphClockLPModeCmd             0x0800072f   Thumb Code    20  stm32f4xx_rcc.o(.text)
    RCC_APB1PeriphClockLPModeCmd             0x08000743   Thumb Code    64  stm32f4xx_rcc.o(.text)
    RCC_APB2PeriphClockLPModeCmd             0x08000783   Thumb Code    18  stm32f4xx_rcc.o(.text)
    RCC_LSEModeConfig                        0x08000795   Thumb Code    24  stm32f4xx_rcc.o(.text)
    RCC_ITConfig                             0x080007ad   Thumb Code    20  stm32f4xx_rcc.o(.text)
    RCC_ClearFlag                            0x080007c1   Thumb Code    14  stm32f4xx_rcc.o(.text)
    RCC_GetITStatus                          0x080007cf   Thumb Code    18  stm32f4xx_rcc.o(.text)
    RCC_ClearITPendingBit                    0x080007e1   Thumb Code     8  stm32f4xx_rcc.o(.text)
    GPIO_DeInit                              0x080007ed   Thumb Code   216  stm32f4xx_gpio.o(.text)
    GPIO_Init                                0x080008c5   Thumb Code   120  stm32f4xx_gpio.o(.text)
    GPIO_StructInit                          0x0800093d   Thumb Code    18  stm32f4xx_gpio.o(.text)
    GPIO_PinLockConfig                       0x0800094f   Thumb Code    24  stm32f4xx_gpio.o(.text)
    GPIO_ReadInputDataBit                    0x08000967   Thumb Code    14  stm32f4xx_gpio.o(.text)
    GPIO_ReadInputData                       0x08000975   Thumb Code     6  stm32f4xx_gpio.o(.text)
    GPIO_ReadOutputDataBit                   0x0800097b   Thumb Code    14  stm32f4xx_gpio.o(.text)
    GPIO_ReadOutputData                      0x08000989   Thumb Code     6  stm32f4xx_gpio.o(.text)
    GPIO_SetBits                             0x0800098f   Thumb Code     4  stm32f4xx_gpio.o(.text)
    GPIO_ResetBits                           0x08000993   Thumb Code     4  stm32f4xx_gpio.o(.text)
    GPIO_WriteBit                            0x08000997   Thumb Code    10  stm32f4xx_gpio.o(.text)
    GPIO_Write                               0x080009a1   Thumb Code     4  stm32f4xx_gpio.o(.text)
    GPIO_ToggleBits                          0x080009a5   Thumb Code     8  stm32f4xx_gpio.o(.text)
    GPIO_PinAFConfig                         0x080009ad   Thumb Code    32  stm32f4xx_gpio.o(.text)
    ADC_DeInit                               0x080009f9   Thumb Code    24  stm32f4xx_adc.o(.text)
    ADC_Init                                 0x08000a11   Thumb Code    66  stm32f4xx_adc.o(.text)
    ADC_StructInit                           0x08000a53   Thumb Code    20  stm32f4xx_adc.o(.text)
    ADC_CommonInit                           0x08000a67   Thumb Code    34  stm32f4xx_adc.o(.text)
    ADC_CommonStructInit                     0x08000a89   Thumb Code    12  stm32f4xx_adc.o(.text)
    ADC_Cmd                                  0x08000a95   Thumb Code    20  stm32f4xx_adc.o(.text)
    ADC_AnalogWatchdogCmd                    0x08000aa9   Thumb Code    12  stm32f4xx_adc.o(.text)
    ADC_AnalogWatchdogThresholdsConfig       0x08000ab5   Thumb Code     6  stm32f4xx_adc.o(.text)
    ADC_AnalogWatchdogSingleChannelConfig    0x08000abb   Thumb Code    12  stm32f4xx_adc.o(.text)
    ADC_TempSensorVrefintCmd                 0x08000ac7   Thumb Code    26  stm32f4xx_adc.o(.text)
    ADC_VBATCmd                              0x08000ae1   Thumb Code    26  stm32f4xx_adc.o(.text)
    ADC_RegularChannelConfig                 0x08000afb   Thumb Code   116  stm32f4xx_adc.o(.text)
    ADC_SoftwareStartConv                    0x08000b6f   Thumb Code    10  stm32f4xx_adc.o(.text)
    ADC_GetSoftwareStartConvStatus           0x08000b79   Thumb Code    14  stm32f4xx_adc.o(.text)
    ADC_EOCOnEachRegularChannelCmd           0x08000b87   Thumb Code    20  stm32f4xx_adc.o(.text)
    ADC_ContinuousModeCmd                    0x08000b9b   Thumb Code    20  stm32f4xx_adc.o(.text)
    ADC_DiscModeChannelCountConfig           0x08000baf   Thumb Code    16  stm32f4xx_adc.o(.text)
    ADC_DiscModeCmd                          0x08000bbf   Thumb Code    20  stm32f4xx_adc.o(.text)
    ADC_GetConversionValue                   0x08000bd3   Thumb Code     6  stm32f4xx_adc.o(.text)
    ADC_GetMultiModeConversionValue          0x08000bd9   Thumb Code     8  stm32f4xx_adc.o(.text)
    ADC_DMACmd                               0x08000be1   Thumb Code    20  stm32f4xx_adc.o(.text)
    ADC_DMARequestAfterLastTransferCmd       0x08000bf5   Thumb Code    20  stm32f4xx_adc.o(.text)
    ADC_MultiModeDMARequestAfterLastTransferCmd 0x08000c09   Thumb Code    26  stm32f4xx_adc.o(.text)
    ADC_InjectedChannelConfig                0x08000c23   Thumb Code    74  stm32f4xx_adc.o(.text)
    ADC_InjectedSequencerLengthConfig        0x08000c6d   Thumb Code    16  stm32f4xx_adc.o(.text)
    ADC_SetInjectedOffset                    0x08000c7d   Thumb Code    10  stm32f4xx_adc.o(.text)
    ADC_ExternalTrigInjectedConvConfig       0x08000c87   Thumb Code    12  stm32f4xx_adc.o(.text)
    ADC_ExternalTrigInjectedConvEdgeConfig   0x08000c93   Thumb Code    12  stm32f4xx_adc.o(.text)
    ADC_SoftwareStartInjectedConv            0x08000c9f   Thumb Code    10  stm32f4xx_adc.o(.text)
    ADC_GetSoftwareStartInjectedConvCmdStatus 0x08000ca9   Thumb Code    14  stm32f4xx_adc.o(.text)
    ADC_AutoInjectedConvCmd                  0x08000cb7   Thumb Code    20  stm32f4xx_adc.o(.text)
    ADC_InjectedDiscModeCmd                  0x08000ccb   Thumb Code    20  stm32f4xx_adc.o(.text)
    ADC_GetInjectedConversionValue           0x08000cdf   Thumb Code    14  stm32f4xx_adc.o(.text)
    ADC_ITConfig                             0x08000ced   Thumb Code    18  stm32f4xx_adc.o(.text)
    ADC_GetFlagStatus                        0x08000cff   Thumb Code    14  stm32f4xx_adc.o(.text)
    ADC_ClearFlag                            0x08000d0d   Thumb Code     6  stm32f4xx_adc.o(.text)
    ADC_GetITStatus                          0x08000d13   Thumb Code    30  stm32f4xx_adc.o(.text)
    ADC_ClearITPendingBit                    0x08000d31   Thumb Code     8  stm32f4xx_adc.o(.text)
    TIM_DeInit                               0x08000d4d   Thumb Code   284  stm32f4xx_tim.o(.text)
    TIM_TimeBaseInit                         0x08000e69   Thumb Code    96  stm32f4xx_tim.o(.text)
    TIM_TimeBaseStructInit                   0x08000ec9   Thumb Code    18  stm32f4xx_tim.o(.text)
    TIM_PrescalerConfig                      0x08000edb   Thumb Code     6  stm32f4xx_tim.o(.text)
    TIM_CounterModeConfig                    0x08000ee1   Thumb Code    12  stm32f4xx_tim.o(.text)
    TIM_SetCounter                           0x08000eed   Thumb Code     4  stm32f4xx_tim.o(.text)
    TIM_SetAutoreload                        0x08000ef1   Thumb Code     4  stm32f4xx_tim.o(.text)
    TIM_GetCounter                           0x08000ef5   Thumb Code     4  stm32f4xx_tim.o(.text)
    TIM_GetPrescaler                         0x08000ef9   Thumb Code     4  stm32f4xx_tim.o(.text)
    TIM_UpdateDisableConfig                  0x08000efd   Thumb Code    20  stm32f4xx_tim.o(.text)
    TIM_UpdateRequestConfig                  0x08000f11   Thumb Code    20  stm32f4xx_tim.o(.text)
    TIM_ARRPreloadConfig                     0x08000f25   Thumb Code    20  stm32f4xx_tim.o(.text)
    TIM_SelectOnePulseMode                   0x08000f39   Thumb Code    16  stm32f4xx_tim.o(.text)
    TIM_SetClockDivision                     0x08000f49   Thumb Code    16  stm32f4xx_tim.o(.text)
    TIM_Cmd                                  0x08000f59   Thumb Code    20  stm32f4xx_tim.o(.text)
    TIM_OC1Init                              0x08000f6d   Thumb Code    88  stm32f4xx_tim.o(.text)
    TIM_OC2Init                              0x08000fc5   Thumb Code   120  stm32f4xx_tim.o(.text)
    TIM_OC3Init                              0x0800103d   Thumb Code   116  stm32f4xx_tim.o(.text)
    TIM_OC4Init                              0x080010b1   Thumb Code    88  stm32f4xx_tim.o(.text)
    TIM_OCStructInit                         0x08001109   Thumb Code    20  stm32f4xx_tim.o(.text)
    TIM_SelectOCxM                           0x0800111d   Thumb Code   130  stm32f4xx_tim.o(.text)
    TIM_SetCompare1                          0x0800119f   Thumb Code     4  stm32f4xx_tim.o(.text)
    TIM_SetCompare2                          0x080011a3   Thumb Code     4  stm32f4xx_tim.o(.text)
    TIM_SetCompare3                          0x080011a7   Thumb Code     4  stm32f4xx_tim.o(.text)
    TIM_SetCompare4                          0x080011ab   Thumb Code     4  stm32f4xx_tim.o(.text)
    TIM_ForcedOC1Config                      0x080011af   Thumb Code    12  stm32f4xx_tim.o(.text)
    TIM_ForcedOC2Config                      0x080011bb   Thumb Code    20  stm32f4xx_tim.o(.text)
    TIM_ForcedOC3Config                      0x080011cf   Thumb Code    12  stm32f4xx_tim.o(.text)
    TIM_ForcedOC4Config                      0x080011db   Thumb Code    20  stm32f4xx_tim.o(.text)
    TIM_OC1PreloadConfig                     0x080011ef   Thumb Code    12  stm32f4xx_tim.o(.text)
    TIM_OC2PreloadConfig                     0x080011fb   Thumb Code    20  stm32f4xx_tim.o(.text)
    TIM_OC3PreloadConfig                     0x0800120f   Thumb Code    12  stm32f4xx_tim.o(.text)
    TIM_OC4PreloadConfig                     0x0800121b   Thumb Code    20  stm32f4xx_tim.o(.text)
    TIM_OC1FastConfig                        0x0800122f   Thumb Code    12  stm32f4xx_tim.o(.text)
    TIM_OC2FastConfig                        0x0800123b   Thumb Code    20  stm32f4xx_tim.o(.text)
    TIM_OC3FastConfig                        0x0800124f   Thumb Code    12  stm32f4xx_tim.o(.text)
    TIM_OC4FastConfig                        0x0800125b   Thumb Code    20  stm32f4xx_tim.o(.text)
    TIM_ClearOC1Ref                          0x0800126f   Thumb Code    12  stm32f4xx_tim.o(.text)
    TIM_ClearOC2Ref                          0x0800127b   Thumb Code    20  stm32f4xx_tim.o(.text)
    TIM_ClearOC3Ref                          0x0800128f   Thumb Code    12  stm32f4xx_tim.o(.text)
    TIM_ClearOC4Ref                          0x0800129b   Thumb Code    20  stm32f4xx_tim.o(.text)
    TIM_OC1PolarityConfig                    0x080012af   Thumb Code    12  stm32f4xx_tim.o(.text)
    TIM_OC1NPolarityConfig                   0x080012bb   Thumb Code    12  stm32f4xx_tim.o(.text)
    TIM_OC2PolarityConfig                    0x080012c7   Thumb Code    20  stm32f4xx_tim.o(.text)
    TIM_OC2NPolarityConfig                   0x080012db   Thumb Code    20  stm32f4xx_tim.o(.text)
    TIM_OC3PolarityConfig                    0x080012ef   Thumb Code    20  stm32f4xx_tim.o(.text)
    TIM_OC3NPolarityConfig                   0x08001303   Thumb Code    20  stm32f4xx_tim.o(.text)
    TIM_OC4PolarityConfig                    0x08001317   Thumb Code    20  stm32f4xx_tim.o(.text)
    TIM_CCxCmd                               0x0800132b   Thumb Code    22  stm32f4xx_tim.o(.text)
    TIM_CCxNCmd                              0x08001341   Thumb Code    22  stm32f4xx_tim.o(.text)
    TIM_SetIC4Prescaler                      0x08001357   Thumb Code    24  stm32f4xx_tim.o(.text)
    TIM_SetIC3Prescaler                      0x0800136f   Thumb Code    16  stm32f4xx_tim.o(.text)
    TIM_SetIC2Prescaler                      0x0800137f   Thumb Code    24  stm32f4xx_tim.o(.text)
    TIM_SetIC1Prescaler                      0x080013cd   Thumb Code    16  stm32f4xx_tim.o(.text)
    TIM_ICInit                               0x080013dd   Thumb Code   164  stm32f4xx_tim.o(.text)
    TIM_ICStructInit                         0x08001481   Thumb Code    16  stm32f4xx_tim.o(.text)
    TIM_PWMIConfig                           0x08001491   Thumb Code   104  stm32f4xx_tim.o(.text)
    TIM_GetCapture1                          0x080014f9   Thumb Code     4  stm32f4xx_tim.o(.text)
    TIM_GetCapture2                          0x080014fd   Thumb Code     4  stm32f4xx_tim.o(.text)
    TIM_GetCapture3                          0x08001501   Thumb Code     4  stm32f4xx_tim.o(.text)
    TIM_GetCapture4                          0x08001505   Thumb Code     4  stm32f4xx_tim.o(.text)
    TIM_BDTRConfig                           0x08001509   Thumb Code    34  stm32f4xx_tim.o(.text)
    TIM_BDTRStructInit                       0x0800152b   Thumb Code    18  stm32f4xx_tim.o(.text)
    TIM_CtrlPWMOutputs                       0x0800153d   Thumb Code    22  stm32f4xx_tim.o(.text)
    TIM_SelectCOM                            0x08001553   Thumb Code    20  stm32f4xx_tim.o(.text)
    TIM_CCPreloadControl                     0x08001567   Thumb Code    20  stm32f4xx_tim.o(.text)
    TIM_ITConfig                             0x0800157b   Thumb Code    16  stm32f4xx_tim.o(.text)
    TIM_GenerateEvent                        0x0800158b   Thumb Code     4  stm32f4xx_tim.o(.text)
    TIM_GetFlagStatus                        0x0800158f   Thumb Code    14  stm32f4xx_tim.o(.text)
    TIM_ClearFlag                            0x0800159d   Thumb Code     6  stm32f4xx_tim.o(.text)
    TIM_GetITStatus                          0x080015a3   Thumb Code    24  stm32f4xx_tim.o(.text)
    TIM_ClearITPendingBit                    0x080015bb   Thumb Code     6  stm32f4xx_tim.o(.text)
    TIM_DMAConfig                            0x080015c1   Thumb Code     8  stm32f4xx_tim.o(.text)
    TIM_DMACmd                               0x080015c9   Thumb Code    16  stm32f4xx_tim.o(.text)
    TIM_SelectCCDMA                          0x080015d9   Thumb Code    20  stm32f4xx_tim.o(.text)
    TIM_InternalClockConfig                  0x080015ed   Thumb Code    10  stm32f4xx_tim.o(.text)
    TIM_SelectInputTrigger                   0x080015f7   Thumb Code    12  stm32f4xx_tim.o(.text)
    TIM_ITRxExternalClockConfig              0x08001603   Thumb Code    18  stm32f4xx_tim.o(.text)
    TIM_TIxExternalClockConfig               0x08001615   Thumb Code    46  stm32f4xx_tim.o(.text)
    TIM_ETRConfig                            0x08001643   Thumb Code    24  stm32f4xx_tim.o(.text)
    TIM_ETRClockMode1Config                  0x0800165b   Thumb Code    18  stm32f4xx_tim.o(.text)
    TIM_ETRClockMode2Config                  0x0800166d   Thumb Code    18  stm32f4xx_tim.o(.text)
    TIM_SelectOutputTrigger                  0x0800167f   Thumb Code    16  stm32f4xx_tim.o(.text)
    TIM_SelectSlaveMode                      0x0800168f   Thumb Code    16  stm32f4xx_tim.o(.text)
    TIM_SelectMasterSlaveMode                0x0800169f   Thumb Code    16  stm32f4xx_tim.o(.text)
    TIM_EncoderInterfaceConfig               0x080016af   Thumb Code    50  stm32f4xx_tim.o(.text)
    TIM_SelectHallSensor                     0x080016e1   Thumb Code    20  stm32f4xx_tim.o(.text)
    TIM_RemapConfig                          0x080016f5   Thumb Code     6  stm32f4xx_tim.o(.text)
    FMC_NORSRAMDeInit                        0x08001729   Thumb Code    38  stm32f4xx_fmc.o(.text)
    FMC_NORSRAMInit                          0x0800174f   Thumb Code   256  stm32f4xx_fmc.o(.text)
    FMC_NORSRAMStructInit                    0x0800184f   Thumb Code    46  stm32f4xx_fmc.o(.text)
    FMC_NORSRAMCmd                           0x0800187d   Thumb Code    26  stm32f4xx_fmc.o(.text)
    FMC_NANDDeInit                           0x08001897   Thumb Code    40  stm32f4xx_fmc.o(.text)
    FMC_NANDInit                             0x080018bf   Thumb Code   104  stm32f4xx_fmc.o(.text)
    FMC_NANDStructInit                       0x08001927   Thumb Code    54  stm32f4xx_fmc.o(.text)
    FMC_NANDCmd                              0x0800195d   Thumb Code    54  stm32f4xx_fmc.o(.text)
    FMC_NANDECCCmd                           0x08001993   Thumb Code    54  stm32f4xx_fmc.o(.text)
    FMC_GetECC                               0x080019c9   Thumb Code    18  stm32f4xx_fmc.o(.text)
    FMC_PCCARDDeInit                         0x080019db   Thumb Code    26  stm32f4xx_fmc.o(.text)
    FMC_PCCARDInit                           0x080019f5   Thumb Code   102  stm32f4xx_fmc.o(.text)
    FMC_PCCARDStructInit                     0x08001a5b   Thumb Code    60  stm32f4xx_fmc.o(.text)
    FMC_PCCARDCmd                            0x08001a97   Thumb Code    28  stm32f4xx_fmc.o(.text)
    FMC_SDRAMDeInit                          0x08001ab3   Thumb Code    42  stm32f4xx_fmc.o(.text)
    FMC_SDRAMInit                            0x08001add   Thumb Code   232  stm32f4xx_fmc.o(.text)
    FMC_SDRAMStructInit                      0x08001bc5   Thumb Code    60  stm32f4xx_fmc.o(.text)
    FMC_SDRAMCmdConfig                       0x08001c01   Thumb Code    34  stm32f4xx_fmc.o(.text)
    FMC_GetModeStatus                        0x08001c23   Thumb Code    26  stm32f4xx_fmc.o(.text)
    FMC_SetRefreshCount                      0x08001c3d   Thumb Code    18  stm32f4xx_fmc.o(.text)
    FMC_SetAutoRefresh_Number                0x08001c4f   Thumb Code    18  stm32f4xx_fmc.o(.text)
    FMC_SDRAMWriteProtectionConfig           0x08001c61   Thumb Code    32  stm32f4xx_fmc.o(.text)
    FMC_ITConfig                             0x08001c81   Thumb Code   102  stm32f4xx_fmc.o(.text)
    FMC_GetFlagStatus                        0x08001ce7   Thumb Code    54  stm32f4xx_fmc.o(.text)
    FMC_ClearFlag                            0x08001d1d   Thumb Code    56  stm32f4xx_fmc.o(.text)
    FMC_GetITStatus                          0x08001d55   Thumb Code    80  stm32f4xx_fmc.o(.text)
    FMC_ClearITPendingBit                    0x08001da5   Thumb Code    62  stm32f4xx_fmc.o(.text)
    LTDC_DeInit                              0x08001de5   Thumb Code    24  stm32f4xx_ltdc.o(.text)
    LTDC_Init                                0x08001dfd   Thumb Code   156  stm32f4xx_ltdc.o(.text)
    LTDC_StructInit                          0x08001e99   Thumb Code    34  stm32f4xx_ltdc.o(.text)
    LTDC_Cmd                                 0x08001ebb   Thumb Code    24  stm32f4xx_ltdc.o(.text)
    LTDC_DitherCmd                           0x08001ed3   Thumb Code    24  stm32f4xx_ltdc.o(.text)
    LTDC_GetRGBWidth                         0x08001eeb   Thumb Code    38  stm32f4xx_ltdc.o(.text)
    LTDC_RGBStructInit                       0x08001f11   Thumb Code    10  stm32f4xx_ltdc.o(.text)
    LTDC_LIPConfig                           0x08001f1b   Thumb Code     8  stm32f4xx_ltdc.o(.text)
    LTDC_ReloadConfig                        0x08001f23   Thumb Code     8  stm32f4xx_ltdc.o(.text)
    LTDC_LayerInit                           0x08001f2b   Thumb Code   150  stm32f4xx_ltdc.o(.text)
    LTDC_LayerStructInit                     0x08001fc1   Thumb Code    44  stm32f4xx_ltdc.o(.text)
    LTDC_LayerCmd                            0x08001fed   Thumb Code    20  stm32f4xx_ltdc.o(.text)
    LTDC_GetPosStatus                        0x08002001   Thumb Code    24  stm32f4xx_ltdc.o(.text)
    LTDC_PosStructInit                       0x08002019   Thumb Code     8  stm32f4xx_ltdc.o(.text)
    LTDC_GetCDStatus                         0x08002021   Thumb Code    18  stm32f4xx_ltdc.o(.text)
    LTDC_ColorKeyingConfig                   0x08002033   Thumb Code    60  stm32f4xx_ltdc.o(.text)
    LTDC_ColorKeyingStructInit               0x0800206f   Thumb Code    10  stm32f4xx_ltdc.o(.text)
    LTDC_CLUTCmd                             0x08002079   Thumb Code    28  stm32f4xx_ltdc.o(.text)
    LTDC_CLUTInit                            0x08002095   Thumb Code    26  stm32f4xx_ltdc.o(.text)
    LTDC_CLUTStructInit                      0x080020af   Thumb Code    12  stm32f4xx_ltdc.o(.text)
    LTDC_LayerPosition                       0x080020bb   Thumb Code   114  stm32f4xx_ltdc.o(.text)
    LTDC_LayerAlpha                          0x0800212d   Thumb Code     4  stm32f4xx_ltdc.o(.text)
    LTDC_LayerAddress                        0x08002131   Thumb Code     4  stm32f4xx_ltdc.o(.text)
    LTDC_LayerSize                           0x08002135   Thumb Code    86  stm32f4xx_ltdc.o(.text)
    LTDC_LayerPixelFormat                    0x0800218b   Thumb Code   110  stm32f4xx_ltdc.o(.text)
    LTDC_ITConfig                            0x080021f9   Thumb Code    18  stm32f4xx_ltdc.o(.text)
    LTDC_GetFlagStatus                       0x0800220b   Thumb Code    18  stm32f4xx_ltdc.o(.text)
    LTDC_ClearFlag                           0x0800221d   Thumb Code     8  stm32f4xx_ltdc.o(.text)
    LTDC_GetITStatus                         0x08002225   Thumb Code    32  stm32f4xx_ltdc.o(.text)
    LTDC_ClearITPendingBit                   0x08002245   Thumb Code     8  stm32f4xx_ltdc.o(.text)
    SPI_I2S_DeInit                           0x08002251   Thumb Code   108  stm32f4xx_spi.o(.text)
    SPI_Init                                 0x080022bd   Thumb Code    56  stm32f4xx_spi.o(.text)
    I2S_Init                                 0x080022f5   Thumb Code   198  stm32f4xx_spi.o(.text)
    SPI_StructInit                           0x080023bb   Thumb Code    24  stm32f4xx_spi.o(.text)
    I2S_StructInit                           0x080023d3   Thumb Code    18  stm32f4xx_spi.o(.text)
    SPI_Cmd                                  0x080023e5   Thumb Code    20  stm32f4xx_spi.o(.text)
    I2S_Cmd                                  0x080023f9   Thumb Code    20  stm32f4xx_spi.o(.text)
    SPI_DataSizeConfig                       0x0800240d   Thumb Code    16  stm32f4xx_spi.o(.text)
    SPI_BiDirectionalLineConfig              0x0800241d   Thumb Code    22  stm32f4xx_spi.o(.text)
    SPI_NSSInternalSoftwareConfig            0x08002433   Thumb Code    24  stm32f4xx_spi.o(.text)
    SPI_SSOutputCmd                          0x0800244b   Thumb Code    20  stm32f4xx_spi.o(.text)
    SPI_TIModeCmd                            0x0800245f   Thumb Code    20  stm32f4xx_spi.o(.text)
    I2S_FullDuplexConfig                     0x08002473   Thumb Code    58  stm32f4xx_spi.o(.text)
    SPI_I2S_ReceiveData                      0x080024ad   Thumb Code     4  stm32f4xx_spi.o(.text)
    SPI_I2S_SendData                         0x080024b1   Thumb Code     4  stm32f4xx_spi.o(.text)
    SPI_CalculateCRC                         0x080024b5   Thumb Code    20  stm32f4xx_spi.o(.text)
    SPI_TransmitCRC                          0x080024c9   Thumb Code    10  stm32f4xx_spi.o(.text)
    SPI_GetCRC                               0x080024d3   Thumb Code    12  stm32f4xx_spi.o(.text)
    SPI_GetCRCPolynomial                     0x080024df   Thumb Code     4  stm32f4xx_spi.o(.text)
    SPI_I2S_DMACmd                           0x080024e3   Thumb Code    16  stm32f4xx_spi.o(.text)
    SPI_I2S_ITConfig                         0x080024f3   Thumb Code    24  stm32f4xx_spi.o(.text)
    SPI_I2S_GetFlagStatus                    0x0800250b   Thumb Code    14  stm32f4xx_spi.o(.text)
    SPI_I2S_ClearFlag                        0x08002519   Thumb Code     6  stm32f4xx_spi.o(.text)
    SPI_I2S_GetITStatus                      0x0800251f   Thumb Code    44  stm32f4xx_spi.o(.text)
    SPI_I2S_ClearITPendingBit                0x0800254b   Thumb Code    14  stm32f4xx_spi.o(.text)
    USART_DeInit                             0x0800257d   Thumb Code   138  stm32f4xx_usart.o(.text)
    USART_Init                               0x08002607   Thumb Code   164  stm32f4xx_usart.o(.text)
    USART_StructInit                         0x080026ab   Thumb Code    22  stm32f4xx_usart.o(.text)
    USART_ClockInit                          0x080026c1   Thumb Code    28  stm32f4xx_usart.o(.text)
    USART_ClockStructInit                    0x080026dd   Thumb Code    12  stm32f4xx_usart.o(.text)
    USART_Cmd                                0x080026e9   Thumb Code    20  stm32f4xx_usart.o(.text)
    USART_SetPrescaler                       0x080026fd   Thumb Code    16  stm32f4xx_usart.o(.text)
    USART_OverSampling8Cmd                   0x0800270d   Thumb Code    20  stm32f4xx_usart.o(.text)
    USART_OneBitMethodCmd                    0x08002721   Thumb Code    20  stm32f4xx_usart.o(.text)
    USART_SendData                           0x08002735   Thumb Code     8  stm32f4xx_usart.o(.text)
    USART_ReceiveData                        0x0800273d   Thumb Code     8  stm32f4xx_usart.o(.text)
    USART_SetAddress                         0x08002745   Thumb Code    16  stm32f4xx_usart.o(.text)
    USART_ReceiverWakeUpCmd                  0x08002755   Thumb Code    20  stm32f4xx_usart.o(.text)
    USART_WakeUpConfig                       0x08002769   Thumb Code    16  stm32f4xx_usart.o(.text)
    USART_LINBreakDetectLengthConfig         0x08002779   Thumb Code    16  stm32f4xx_usart.o(.text)
    USART_LINCmd                             0x08002789   Thumb Code    20  stm32f4xx_usart.o(.text)
    USART_SendBreak                          0x0800279d   Thumb Code    10  stm32f4xx_usart.o(.text)
    USART_HalfDuplexCmd                      0x080027a7   Thumb Code    20  stm32f4xx_usart.o(.text)
    USART_SetGuardTime                       0x080027bb   Thumb Code    16  stm32f4xx_usart.o(.text)
    USART_SmartCardCmd                       0x080027cb   Thumb Code    20  stm32f4xx_usart.o(.text)
    USART_SmartCardNACKCmd                   0x080027df   Thumb Code    20  stm32f4xx_usart.o(.text)
    USART_IrDAConfig                         0x080027f3   Thumb Code    16  stm32f4xx_usart.o(.text)
    USART_IrDACmd                            0x08002803   Thumb Code    20  stm32f4xx_usart.o(.text)
    USART_DMACmd                             0x08002817   Thumb Code    16  stm32f4xx_usart.o(.text)
    USART_ITConfig                           0x08002827   Thumb Code    48  stm32f4xx_usart.o(.text)
    USART_GetFlagStatus                      0x08002857   Thumb Code    14  stm32f4xx_usart.o(.text)
    USART_ClearFlag                          0x08002865   Thumb Code     6  stm32f4xx_usart.o(.text)
    USART_GetITStatus                        0x0800286b   Thumb Code    62  stm32f4xx_usart.o(.text)
    USART_ClearITPendingBit                  0x080028a9   Thumb Code    12  stm32f4xx_usart.o(.text)
    arm_radix4_butterfly_f32                 0x080028d5   Thumb Code   776  arm_cfft_radix4_f32.o(.text)
    arm_radix4_butterfly_inverse_f32         0x08002bdd   Thumb Code   804  arm_cfft_radix4_f32.o(.text)
    arm_cfft_radix4_f32                      0x08002f01   Thumb Code    60  arm_cfft_radix4_f32.o(.text)
    arm_cfft_radix4_init_f32                 0x08002f3d   Thumb Code   142  arm_cfft_radix4_init_f32.o(.text)
    arm_cmplx_mag_f32                        0x08002fed   Thumb Code   166  arm_cmplx_mag_f32.o(.text)
    arm_max_f32                              0x080030bd   Thumb Code   146  arm_max_f32.o(.text)
    arm_bitreversal_f32                      0x0800314f   Thumb Code   170  arm_bitreversal.o(.text)
    arm_bitreversal_q31                      0x080031f9   Thumb Code   164  arm_bitreversal.o(.text)
    arm_bitreversal_q15                      0x0800329d   Thumb Code    98  arm_bitreversal.o(.text)
    arm_min_f32                              0x080032ff   Thumb Code   146  arm_min_f32.o(.text)
    arm_mean_f32                             0x08003391   Thumb Code    86  arm_mean_f32.o(.text)
    TM_ADC_InitADC                           0x080033ed   Thumb Code   110  tm_stm32f4_adc.o(.text)
    TM_ADC_INT_InitPin                       0x0800345b   Thumb Code    44  tm_stm32f4_adc.o(.text)
    TM_ADC_INT_Channel_15_Init               0x08003487   Thumb Code    36  tm_stm32f4_adc.o(.text)
    TM_ADC_INT_Channel_14_Init               0x080034ab   Thumb Code    36  tm_stm32f4_adc.o(.text)
    TM_ADC_INT_Channel_13_Init               0x080034cf   Thumb Code     8  tm_stm32f4_adc.o(.text)
    TM_ADC_INT_Channel_12_Init               0x080034d7   Thumb Code     8  tm_stm32f4_adc.o(.text)
    TM_ADC_INT_Channel_11_Init               0x080034df   Thumb Code     8  tm_stm32f4_adc.o(.text)
    TM_ADC_INT_Channel_10_Init               0x080034e7   Thumb Code     8  tm_stm32f4_adc.o(.text)
    TM_ADC_INT_Channel_9_Init                0x080034ef   Thumb Code    36  tm_stm32f4_adc.o(.text)
    TM_ADC_INT_Channel_8_Init                0x08003513   Thumb Code    36  tm_stm32f4_adc.o(.text)
    TM_ADC_INT_Channel_7_Init                0x08003537   Thumb Code    36  tm_stm32f4_adc.o(.text)
    TM_ADC_INT_Channel_6_Init                0x0800355b   Thumb Code    36  tm_stm32f4_adc.o(.text)
    TM_ADC_INT_Channel_5_Init                0x0800357f   Thumb Code    36  tm_stm32f4_adc.o(.text)
    TM_ADC_INT_Channel_4_Init                0x080035a3   Thumb Code    36  tm_stm32f4_adc.o(.text)
    TM_ADC_INT_Channel_3_Init                0x080035c7   Thumb Code     8  tm_stm32f4_adc.o(.text)
    TM_ADC_INT_Channel_2_Init                0x080035cf   Thumb Code     8  tm_stm32f4_adc.o(.text)
    TM_ADC_INT_Channel_1_Init                0x080035d7   Thumb Code     8  tm_stm32f4_adc.o(.text)
    TM_ADC_INT_Channel_0_Init                0x080035df   Thumb Code     8  tm_stm32f4_adc.o(.text)
    TM_ADC_Init                              0x080035e7   Thumb Code   170  tm_stm32f4_adc.o(.text)
    TM_ADC_Read                              0x08003691   Thumb Code    44  tm_stm32f4_adc.o(.text)
    TM_ADC_EnableVbat                        0x080036bd   Thumb Code    16  tm_stm32f4_adc.o(.text)
    TM_ADC_DisableVbat                       0x080036cd   Thumb Code    16  tm_stm32f4_adc.o(.text)
    TM_ADC_ReadVbat                          0x080036dd   Thumb Code    56  tm_stm32f4_adc.o(.text)
    Delay                                    0x08003735   Thumb Code    16  tm_stm32f4_delay.o(.text)
    Delayms                                  0x08003745   Thumb Code    22  tm_stm32f4_delay.o(.text)
    TimingDelay_Decrement                    0x0800375b   Thumb Code    32  tm_stm32f4_delay.o(.text)
    TM_DELAY_Init                            0x0800377b   Thumb Code    72  tm_stm32f4_delay.o(.text)
    TM_DELAY_Time                            0x080037c3   Thumb Code     6  tm_stm32f4_delay.o(.text)
    TM_DELAY_Time2                           0x080037c9   Thumb Code     6  tm_stm32f4_delay.o(.text)
    TM_DELAY_SetTime                         0x080037cf   Thumb Code     6  tm_stm32f4_delay.o(.text)
    TM_DELAY_SetTime2                        0x080037d5   Thumb Code     6  tm_stm32f4_delay.o(.text)
    TM_DELAY_EnableSystick                   0x080037db   Thumb Code    22  tm_stm32f4_delay.o(.text)
    TM_DELAY_DisableSystick                  0x080037f1   Thumb Code    14  tm_stm32f4_delay.o(.text)
    TM_ILI9341_SetLayer1                     0x08003811   Thumb Code    10  tm_stm32f4_ili9341_ltdc.o(.text)
    TM_ILI9341_Fill                          0x0800381b   Thumb Code    30  tm_stm32f4_ili9341_ltdc.o(.text)
    TM_ILI9341_SetLayer2                     0x08003839   Thumb Code    14  tm_stm32f4_ili9341_ltdc.o(.text)
    TM_ILI9341_InitLayers                    0x08003847   Thumb Code   176  tm_stm32f4_ili9341_ltdc.o(.text)
    TM_LCD9341_InitLTDC                      0x080038f7   Thumb Code   120  tm_stm32f4_ili9341_ltdc.o(.text)
    TM_ILI9341_SendCommand                   0x0800396f   Thumb Code    44  tm_stm32f4_ili9341_ltdc.o(.text)
    TM_ILI9341_Delay                         0x0800399b   Thumb Code    16  tm_stm32f4_ili9341_ltdc.o(.text)
    TM_ILI9341_SendData                      0x080039ab   Thumb Code    44  tm_stm32f4_ili9341_ltdc.o(.text)
    TM_ILI9341_InitLCD                       0x080039d7   Thumb Code   684  tm_stm32f4_ili9341_ltdc.o(.text)
    TM_ILI9341_InitPins                      0x08003c83   Thumb Code   406  tm_stm32f4_ili9341_ltdc.o(.text)
    TM_ILI9341_Init                          0x08003e19   Thumb Code   104  tm_stm32f4_ili9341_ltdc.o(.text)
    TM_ILI9341_DrawPixel                     0x08003e81   Thumb Code    82  tm_stm32f4_ili9341_ltdc.o(.text)
    TM_ILI9341_Rotate                        0x08003ed3   Thumb Code    34  tm_stm32f4_ili9341_ltdc.o(.text)
    TM_ILI9341_UpdateLayerOpacity            0x08003ef5   Thumb Code    32  tm_stm32f4_ili9341_ltdc.o(.text)
    TM_ILI9341_SetLayer1Opacity              0x08003f15   Thumb Code     6  tm_stm32f4_ili9341_ltdc.o(.text)
    TM_ILI9341_SetLayer2Opacity              0x08003f1b   Thumb Code     6  tm_stm32f4_ili9341_ltdc.o(.text)
    TM_ILI9341_ChangeLayers                  0x08003f21   Thumb Code    40  tm_stm32f4_ili9341_ltdc.o(.text)
    TM_ILI9341_Layer2To1                     0x08003f49   Thumb Code    32  tm_stm32f4_ili9341_ltdc.o(.text)
    TM_ILI9341_Layer1To2                     0x08003f69   Thumb Code    32  tm_stm32f4_ili9341_ltdc.o(.text)
    TM_ILI9341_Putc                          0x08003f89   Thumb Code   138  tm_stm32f4_ili9341_ltdc.o(.text)
    TM_ILI9341_Puts                          0x08004013   Thumb Code    86  tm_stm32f4_ili9341_ltdc.o(.text)
    TM_ILI9341_GetStringSize                 0x08004069   Thumb Code    28  tm_stm32f4_ili9341_ltdc.o(.text)
    TM_ILI9341_DrawLine                      0x08004085   Thumb Code   230  tm_stm32f4_ili9341_ltdc.o(.text)
    TM_ILI9341_DrawRectangle                 0x0800416b   Thumb Code    68  tm_stm32f4_ili9341_ltdc.o(.text)
    TM_ILI9341_DrawFilledRectangle           0x080041af   Thumb Code    40  tm_stm32f4_ili9341_ltdc.o(.text)
    TM_ILI9341_DrawCircle                    0x080041d7   Thumb Code   276  tm_stm32f4_ili9341_ltdc.o(.text)
    TM_ILI9341_DrawFilledCircle              0x080042eb   Thumb Code   254  tm_stm32f4_ili9341_ltdc.o(.text)
    TM_SDRAM_Read8                           0x080043e9   Thumb Code     8  tm_stm32f4_sdram.o(.text)
    TM_SDRAM_Write8                          0x080043f1   Thumb Code    20  tm_stm32f4_sdram.o(.text)
    TM_SDRAM_InitPins                        0x08004405   Thumb Code   546  tm_stm32f4_sdram.o(.text)
    TM_SDRAM_Init                            0x08004627   Thumb Code   282  tm_stm32f4_sdram.o(.text)
    TM_SDRAM_Write16                         0x08004741   Thumb Code    20  tm_stm32f4_sdram.o(.text)
    TM_SDRAM_Read16                          0x08004755   Thumb Code     8  tm_stm32f4_sdram.o(.text)
    TM_SDRAM_Write32                         0x0800475d   Thumb Code    22  tm_stm32f4_sdram.o(.text)
    TM_SDRAM_Read32                          0x08004773   Thumb Code     8  tm_stm32f4_sdram.o(.text)
    TM_SPI6_Init                             0x0800479d   Thumb Code   156  tm_stm32f4_spi.o(.text)
    TM_SPI5_Init                             0x08004839   Thumb Code   234  tm_stm32f4_spi.o(.text)
    TM_SPI4_Init                             0x08004923   Thumb Code   210  tm_stm32f4_spi.o(.text)
    TM_SPI3_Init                             0x080049f5   Thumb Code   212  tm_stm32f4_spi.o(.text)
    TM_SPI2_Init                             0x08004ac9   Thumb Code   334  tm_stm32f4_spi.o(.text)
    TM_SPI1_Init                             0x08004c17   Thumb Code   210  tm_stm32f4_spi.o(.text)
    TM_SPI_Init                              0x08004ce9   Thumb Code    62  tm_stm32f4_spi.o(.text)
    TM_SPI_Send                              0x08004d27   Thumb Code    48  tm_stm32f4_spi.o(.text)
    TM_SPI_SendMulti                         0x08004d57   Thumb Code    38  tm_stm32f4_spi.o(.text)
    TM_SPI_WriteMulti                        0x08004d7d   Thumb Code    32  tm_stm32f4_spi.o(.text)
    TM_SPI_ReadMulti                         0x08004d9d   Thumb Code    36  tm_stm32f4_spi.o(.text)
    TM_SPI_Send16                            0x08004dc1   Thumb Code    46  tm_stm32f4_spi.o(.text)
    TM_SPI_SendMulti16                       0x08004def   Thumb Code    40  tm_stm32f4_spi.o(.text)
    TM_SPI_WriteMulti16                      0x08004e17   Thumb Code    34  tm_stm32f4_spi.o(.text)
    TM_SPI_ReadMulti16                       0x08004e39   Thumb Code    38  tm_stm32f4_spi.o(.text)
    NMI_Handler                              0x08004e81   Thumb Code     2  stm32f4xx_it.o(.text)
    HardFault_Handler                        0x08004e83   Thumb Code     2  stm32f4xx_it.o(.text)
    MemManage_Handler                        0x08004e85   Thumb Code     2  stm32f4xx_it.o(.text)
    BusFault_Handler                         0x08004e87   Thumb Code     2  stm32f4xx_it.o(.text)
    UsageFault_Handler                       0x08004e89   Thumb Code     2  stm32f4xx_it.o(.text)
    SVC_Handler                              0x08004e8b   Thumb Code     2  stm32f4xx_it.o(.text)
    DebugMon_Handler                         0x08004e8d   Thumb Code     2  stm32f4xx_it.o(.text)
    PendSV_Handler                           0x08004e8f   Thumb Code     2  stm32f4xx_it.o(.text)
    SysTick_Handler                          0x08004e93   Thumb Code     8  stm32f4xx_it.o(.text)
    SystemInit                               0x08004f5b   Thumb Code    74  system_stm32f4xx.o(.text)
    SystemCoreClockUpdate                    0x08004fa5   Thumb Code   108  system_stm32f4xx.o(.text)
    main                                     0x08005035   Thumb Code   604  main.o(.text)
    init_usart                               0x080052c5   Thumb Code   164  usart.o(.text)
    usart_put_data_on_lcd                    0x08005369   Thumb Code    40  usart.o(.text)
    set_usart_active                         0x08005391   Thumb Code     6  usart.o(.text)
    USART3_IRQHandler                        0x08005397   Thumb Code   218  usart.o(.text)
    get_char                                 0x08005471   Thumb Code    66  usart.o(.text)
    usart_has_data                           0x080054b3   Thumb Code    12  usart.o(.text)
    usart_get_data_packet                    0x080054bf   Thumb Code    36  usart.o(.text)
    usart_break_required                     0x080054e3   Thumb Code     4  usart.o(.text)
    put_char                                 0x080054e7   Thumb Code   118  usart.o(.text)
    put_str                                  0x0800555d   Thumb Code    30  usart.o(.text)
    usart_packet_is_addressed_to_me          0x0800557b   Thumb Code    16  usart.o(.text)
    usart_packet_parser                      0x0800558b   Thumb Code    88  usart.o(.text)
    usart_crc8                               0x080055e3   Thumb Code    58  usart.o(.text)
    usart_assemble_response                  0x0800561d   Thumb Code    74  usart.o(.text)
    usart_validate_crc8                      0x08005667   Thumb Code    44  usart.o(.text)
    usart_convert_outgoing_packet            0x08005693   Thumb Code    22  usart.o(.text)
    SendInstruction                          0x080056a9   Thumb Code   104  usart.o(.text)
    set_break_flag                           0x08005711   Thumb Code     6  usart.o(.text)
    check_usart_while_playing                0x08005717   Thumb Code   444  usart.o(.text)
    get_break_flag                           0x080058d3   Thumb Code     6  usart.o(.text)
    get_usart_active                         0x080058d9   Thumb Code     6  usart.o(.text)
    INTTIM4_Config                           0x08005919   Thumb Code    80  init_periph_irqs.o(.text)
    INTTIM3_Config                           0x08005969   Thumb Code    88  init_periph_irqs.o(.text)
    INTTIM2_Config                           0x080059c1   Thumb Code    80  init_periph_irqs.o(.text)
    INTTIM5_Config                           0x08005a11   Thumb Code    80  init_periph_irqs.o(.text)
    Configure_CupDetection                   0x08005a61   Thumb Code    48  init_periph_irqs.o(.text)
    Configure_485                            0x08005a91   Thumb Code    46  init_periph_irqs.o(.text)
    Configure_MotionSensorPort               0x08005abf   Thumb Code    44  init_periph_irqs.o(.text)
    Configure_Pulse_CapSens                  0x08005aeb   Thumb Code    46  init_periph_irqs.o(.text)
    TIM2_IRQHandler                          0x08005b19   Thumb Code    38  init_periph_irqs.o(.text)
    TIM3_IRQHandler                          0x08005b3f   Thumb Code    50  init_periph_irqs.o(.text)
    TIM5_IRQHandler                          0x08005b71   Thumb Code   108  init_periph_irqs.o(.text)
    TIM4_IRQHandler                          0x08005bdd   Thumb Code    44  init_periph_irqs.o(.text)
    getSecondCount                           0x08005c09   Thumb Code     8  init_periph_irqs.o(.text)
    setSecondsCount                          0x08005c11   Thumb Code     6  init_periph_irqs.o(.text)
    getLEDCount                              0x08005c17   Thumb Code     8  init_periph_irqs.o(.text)
    setLEDCount                              0x08005c1f   Thumb Code     6  init_periph_irqs.o(.text)
    get_xLED                                 0x08005c25   Thumb Code     8  init_periph_irqs.o(.text)
    set_xLED                                 0x08005c2d   Thumb Code     6  init_periph_irqs.o(.text)
    getQrSecondCount                         0x08005c33   Thumb Code     8  init_periph_irqs.o(.text)
    setQrSecondsCount                        0x08005c3b   Thumb Code     6  init_periph_irqs.o(.text)
    getSampleCounterIRQ                      0x08005c41   Thumb Code     6  init_periph_irqs.o(.text)
    setSampleCounterIRQ                      0x08005c47   Thumb Code     6  init_periph_irqs.o(.text)
    getCounter                               0x08005c4d   Thumb Code     8  init_periph_irqs.o(.text)
    setCounter                               0x08005c55   Thumb Code     6  init_periph_irqs.o(.text)
    getCounter2                              0x08005c5b   Thumb Code     8  init_periph_irqs.o(.text)
    setCounter2                              0x08005c63   Thumb Code     6  init_periph_irqs.o(.text)
    getTIM5_count                            0x08005c69   Thumb Code     8  init_periph_irqs.o(.text)
    setTIM5_count                            0x08005c71   Thumb Code     6  init_periph_irqs.o(.text)
    getTIM5_count2                           0x08005c77   Thumb Code     8  init_periph_irqs.o(.text)
    setTIM5_count2                           0x08005c7f   Thumb Code     6  init_periph_irqs.o(.text)
    getTIM5_count3                           0x08005c85   Thumb Code     8  init_periph_irqs.o(.text)
    setTIM5_count3                           0x08005c8d   Thumb Code     6  init_periph_irqs.o(.text)
    getTIM5_count4                           0x08005c93   Thumb Code     8  init_periph_irqs.o(.text)
    setTIM5_count4                           0x08005c9b   Thumb Code     6  init_periph_irqs.o(.text)
    getTIM4_count0                           0x08005ca1   Thumb Code     8  init_periph_irqs.o(.text)
    setTIM4_count0                           0x08005ca9   Thumb Code     6  init_periph_irqs.o(.text)
    ComputeFFT                               0x08005cd5   Thumb Code   236  detect_whistle.o(.text)
    DetectWhistle                            0x08005dc1   Thumb Code   324  detect_whistle.o(.text)
    setClaps                                 0x08005f05   Thumb Code     6  detect_whistle.o(.text)
    getClaps                                 0x08005f0b   Thumb Code     6  detect_whistle.o(.text)
    DetectClap                               0x08005f11   Thumb Code   334  detect_whistle.o(.text)
    setSilenceThresh                         0x0800605f   Thumb Code    12  detect_whistle.o(.text)
    getSilenceThresh                         0x0800606b   Thumb Code     8  detect_whistle.o(.text)
    resetSilenceThresh                       0x08006073   Thumb Code    16  detect_whistle.o(.text)
    SilenceDetection                         0x08006083   Thumb Code  1092  detect_whistle.o(.text)
    SilenceDetectionByEnergy                 0x080064c7   Thumb Code  1040  detect_whistle.o(.text)
    SilenceDetectionByRAW_ADC                0x080068d7   Thumb Code   724  detect_whistle.o(.text)
    DrawBar                                  0x08006bab   Thumb Code   108  detect_whistle.o(.text)
    is_silence_thresh_set                    0x08006c17   Thumb Code     6  detect_whistle.o(.text)
    reset_task_counter                       0x08006c25   Thumb Code     8  cup_detection.o(.text)
    get_task_counter                         0x08006c2d   Thumb Code     6  cup_detection.o(.text)
    set_task_counter                         0x08006c33   Thumb Code    22  cup_detection.o(.text)
    DetectCups                               0x08006c49   Thumb Code   126  cup_detection.o(.text)
    set_first_start                          0x08006cc7   Thumb Code     6  cup_detection.o(.text)
    get_first_start                          0x08006ccd   Thumb Code     6  cup_detection.o(.text)
    getAll_cups_present                      0x08006cd3   Thumb Code    48  cup_detection.o(.text)
    getCstate                                0x08006d03   Thumb Code     6  cup_detection.o(.text)
    setCstate                                0x08006d09   Thumb Code     6  cup_detection.o(.text)
    set_cups_override                        0x08006d0f   Thumb Code     8  cup_detection.o(.text)
    get_cups_override                        0x08006d17   Thumb Code     6  cup_detection.o(.text)
    getQS                                    0x08006d29   Thumb Code     6  pulse_reading.o(.text)
    setQS                                    0x08006d2f   Thumb Code     6  pulse_reading.o(.text)
    ReadPulse                                0x08006d35   Thumb Code   698  pulse_reading.o(.text)
    MotionDetection                          0x08007015   Thumb Code   190  movement_detection.o(.text)
    Configure_12V_LEDS                       0x080070f5   Thumb Code    50  leds.o(.text)
    Configure_LED_indicator                  0x08007127   Thumb Code    48  leds.o(.text)
    Configure_Onboard_LEDS                   0x08007157   Thumb Code    56  leds.o(.text)
    shiftOut                                 0x0800718f   Thumb Code   104  leds.o(.text)
    addToBuffer                              0x080071f7   Thumb Code   176  leds.o(.text)
    clearBuffer                              0x080072a7   Thumb Code    46  leds.o(.text)
    Control_12V_LED_individually             0x080072d5   Thumb Code    74  leds.o(.text)
    Control_12V_LEDs                         0x0800731f   Thumb Code   120  leds.o(.text)
    BlinkOnboardLED                          0x08007397   Thumb Code   102  leds.o(.text)
    Test_7Seg                                0x080073fd   Thumb Code   148  leds.o(.text)
    ClearOnboardLEDS                         0x08007491   Thumb Code    24  leds.o(.text)
    set_dot2_always_on                       0x080074a9   Thumb Code     8  leds.o(.text)
    Configure_BiColor_LED                    0x080074b1   Thumb Code    48  leds.o(.text)
    ControlBiColorLED                        0x080074e1   Thumb Code    18  leds.o(.text)
    PerformQuest                             0x08007505   Thumb Code   230  quest.o(.text)
    lcd_delay_us                             0x080075fd   Thumb Code    12  lph8731-3c.o(.text)
    lcd_delay_ms                             0x08007609   Thumb Code    12  lph8731-3c.o(.text)
    ClkPulse                                 0x08007615   Thumb Code    24  lph8731-3c.o(.text)
    Send_spi                                 0x0800762d   Thumb Code   200  lph8731-3c.o(.text)
    Send_to_lcd                              0x080076f5   Thumb Code    92  lph8731-3c.o(.text)
    LCD_init                                 0x08007751   Thumb Code   802  lph8731-3c.o(.text)
    SetRotation                              0x08007a73   Thumb Code    56  lph8731-3c.o(.text)
    SetArea                                  0x08007aab   Thumb Code    74  lph8731-3c.o(.text)
    Put_Pixel                                0x08007af5   Thumb Code    34  lph8731-3c.o(.text)
    Send_Symbol                              0x08007b17   Thumb Code   290  lph8731-3c.o(.text)
    LCD_Putchar                              0x08007c39   Thumb Code    84  lph8731-3c.o(.text)
    LCD_Puts                                 0x08007c8d   Thumb Code    86  lph8731-3c.o(.text)
    Send_Symbol_Shadow                       0x08007ce3   Thumb Code   284  lph8731-3c.o(.text)
    LCD_Putchar_Shadow                       0x08007dff   Thumb Code    70  lph8731-3c.o(.text)
    LCD_Puts_Shadow                          0x08007e45   Thumb Code    78  lph8731-3c.o(.text)
    LCD_FillScreen                           0x08007e93   Thumb Code    46  lph8731-3c.o(.text)
    Send_Image                               0x08007ec1   Thumb Code   156  lph8731-3c.o(.text)
    LCD_Output_image                         0x08007f5d   Thumb Code    58  lph8731-3c.o(.text)
    LCD_DrawLine                             0x08007f97   Thumb Code   216  lph8731-3c.o(.text)
    LCD_FillRect                             0x0800806f   Thumb Code    88  lph8731-3c.o(.text)
    LCD_FillLine                             0x080080c7   Thumb Code   194  lph8731-3c.o(.text)
    LCD_DrawRect                             0x08008189   Thumb Code   118  lph8731-3c.o(.text)
    LCD_DrawCircle                           0x080081ff   Thumb Code   218  lph8731-3c.o(.text)
    LCD_FillCircle                           0x080082d9   Thumb Code   154  lph8731-3c.o(.text)
    LCD_DrawTriangle                         0x08008373   Thumb Code    56  lph8731-3c.o(.text)
    LCD_FillTriangleA                        0x080083ab   Thumb Code   194  lph8731-3c.o(.text)
    LCD_FillTriangle                         0x0800846d   Thumb Code    70  lph8731-3c.o(.text)
    LCD_ON                                   0x080084b3   Thumb Code     8  lph8731-3c.o(.text)
    LCD_OFF                                  0x080084bb   Thumb Code     8  lph8731-3c.o(.text)
    malloc                                   0x080084c9   Thumb Code    94  h1_alloc.o(.text)
    free                                     0x08008527   Thumb Code    78  h1_free.o(.text)
    __2sprintf                               0x08008575   Thumb Code    34  noretval__2sprintf.o(.text)
    _printf_pre_padding                      0x0800859d   Thumb Code    44  _printf_pad.o(.text)
    _printf_post_padding                     0x080085c9   Thumb Code    34  _printf_pad.o(.text)
    _printf_int_dec                          0x080085ed   Thumb Code   104  _printf_dec.o(.text)
    _printf_int_hex                          0x08008665   Thumb Code    84  _printf_hex_int.o(.text)
    _printf_longlong_hex                     0x08008665   Thumb Code     0  _printf_hex_int.o(.text)
    __printf                                 0x080086bd   Thumb Code   308  __printf_flags_wp.o(.text)
    strlen                                   0x080087f5   Thumb Code    62  strlen.o(.text)
    __aeabi_memcpy4                          0x08008833   Thumb Code     0  rt_memcpy_w.o(.text)
    __aeabi_memcpy8                          0x08008833   Thumb Code     0  rt_memcpy_w.o(.text)
    __rt_memcpy_w                            0x08008833   Thumb Code   100  rt_memcpy_w.o(.text)
    _memcpy_lastbytes_aligned                0x0800887b   Thumb Code     0  rt_memcpy_w.o(.text)
    __use_two_region_memory                  0x08008897   Thumb Code     2  heapauxi.o(.text)
    __rt_heap_escrow                         0x08008899   Thumb Code     2  heapauxi.o(.text)
    __rt_heap_expand                         0x0800889b   Thumb Code     2  heapauxi.o(.text)
    __rt_heap_descriptor                     0x0800889d   Thumb Code     8  rt_heap_descriptor_intlibspace.o(.text)
    __use_no_heap                            0x080088a5   Thumb Code     2  hguard.o(.text)
    __heap$guard                             0x080088a7   Thumb Code     2  hguard.o(.text)
    _terminate_user_alloc                    0x080088a9   Thumb Code     2  init_alloc.o(.text)
    _init_user_alloc                         0x080088ab   Thumb Code     2  init_alloc.o(.text)
    __Heap_Full                              0x080088ad   Thumb Code    34  init_alloc.o(.text)
    __Heap_Broken                            0x080088cf   Thumb Code     6  init_alloc.o(.text)
    _init_alloc                              0x080088d5   Thumb Code    94  init_alloc.o(.text)
    __Heap_Initialize                        0x08008933   Thumb Code    10  h1_init.o(.text)
    __Heap_DescSize                          0x0800893d   Thumb Code     4  h1_init.o(.text)
    _printf_int_common                       0x08008941   Thumb Code   178  _printf_intcommon.o(.text)
    __lib_sel_fp_printf                      0x080089f3   Thumb Code     2  _printf_fp_dec.o(.text)
    _printf_fp_dec_real                      0x08008ba1   Thumb Code   620  _printf_fp_dec.o(.text)
    _printf_char_common                      0x08008e17   Thumb Code    32  _printf_char_common.o(.text)
    _sputc                                   0x08008e3d   Thumb Code    10  _sputc.o(.text)
    __user_libspace                          0x08008e49   Thumb Code     8  libspace.o(.text)
    __user_perproc_libspace                  0x08008e49   Thumb Code     0  libspace.o(.text)
    __user_perthread_libspace                0x08008e49   Thumb Code     0  libspace.o(.text)
    __rt_locale                              0x08008e51   Thumb Code     8  rt_locale_intlibspace.o(.text)
    __Heap_ProvideMemory                     0x08008e59   Thumb Code    52  h1_extend.o(.text)
    _ll_udiv10                               0x08008e8d   Thumb Code   138  lludiv10.o(.text)
    _printf_fp_infnan                        0x08008f19   Thumb Code   112  _printf_fp_infnan.o(.text)
    _btod_etento                             0x08008f99   Thumb Code   216  bigflt0.o(.text)
    __rt_SIGRTMEM                            0x08009075   Thumb Code    14  defsig_rtmem_outer.o(.text)
    __I$use$semihosting                      0x08009083   Thumb Code     0  use_no_semi.o(.text)
    __use_no_semihosting_swi                 0x08009083   Thumb Code     2  use_no_semi.o(.text)
    __semihosting_library_function           0x08009085   Thumb Code     0  indicate_semi.o(.text)
    __user_setup_stackheap                   0x08009085   Thumb Code    74  sys_stackheap_outer.o(.text)
    exit                                     0x080090cf   Thumb Code    18  exit.o(.text)
    __sig_exit                               0x080090e1   Thumb Code    10  defsig_exit.o(.text)
    __rt_SIGRTMEM_inner                      0x080090ed   Thumb Code    22  defsig_rtmem_inner.o(.text)
    strcmp                                   0x0800913d   Thumb Code   128  strcmpv7m.o(.text)
    _sys_exit                                0x080091bd   Thumb Code     8  sys_exit.o(.text)
    __default_signal_display                 0x080091c9   Thumb Code    50  defsig_general.o(.text)
    _ttywrch                                 0x080091fb   Thumb Code    14  sys_wrch.o(.text)
    _btod_d2e                                0x08009209   Thumb Code    62  btod.o(CL$$btod_d2e)
    _d2e_denorm_low                          0x08009247   Thumb Code    70  btod.o(CL$$btod_d2e_denorm_low)
    _d2e_norm_op1                            0x0800928d   Thumb Code    96  btod.o(CL$$btod_d2e_norm_op1)
    __btod_div_common                        0x080092ed   Thumb Code   696  btod.o(CL$$btod_div_common)
    _e2e                                     0x08009625   Thumb Code   198  btod.o(CL$$btod_e2e)
    _btod_ediv                               0x080096eb   Thumb Code    40  btod.o(CL$$btod_ediv)
    _btod_emul                               0x08009713   Thumb Code    40  btod.o(CL$$btod_emul)
    __btod_mult_common                       0x0800973b   Thumb Code   580  btod.o(CL$$btod_mult_common)
    __ARM_fpclassify                         0x0800997f   Thumb Code    48  fpclassify.o(i.__ARM_fpclassify)
    _is_digit                                0x080099af   Thumb Code    14  __printf_wp.o(i._is_digit)
    _get_lc_numeric                          0x080099bd   Thumb Code    44  lc_numeric_c.o(locale$$code)
    __fpl_dretinf                            0x080099e9   Thumb Code    12  dretinf.o(x$fpl$dretinf)
    __aeabi_f2d                              0x080099f5   Thumb Code     0  f2d.o(x$fpl$f2d)
    _f2d                                     0x080099f5   Thumb Code    86  f2d.o(x$fpl$f2d)
    __fpl_fnaninf                            0x08009a4b   Thumb Code   140  fnaninf.o(x$fpl$fnaninf)
    _fp_init                                 0x08009ad7   Thumb Code    10  fpinit.o(x$fpl$fpinit)
    __fplib_config_fpu_vfp                   0x08009adf   Thumb Code     0  fpinit.o(x$fpl$fpinit)
    __fplib_config_pureend_doubles           0x08009adf   Thumb Code     0  fpinit.o(x$fpl$fpinit)
    _printf_fp_dec                           0x08009ae1   Thumb Code     4  printf1.o(x$fpl$printf1)
    FMC_DefaultTimingStruct                  0x08009ae4   Data          28  stm32f4xx_fmc.o(.constdata)
    __I$use$fp                               0x08009ae4   Number         0  usenofp.o(x$fpl$usenofp)
    armBitRevTable                           0x08009b00   Data        2048  arm_common_tables.o(.constdata)
    twiddleCoef_4096                         0x0800a300   Data       32768  arm_common_tables.o(.constdata)
    font_5x8                                 0x08012300   Data         800  lph8731-3c.o(.constdata)
    Region$$Table$$Base                      0x080126f0   Number         0  anon$$obj.o(Region$$Table)
    Region$$Table$$Limit                     0x08012710   Number         0  anon$$obj.o(Region$$Table)
    vbatEnabled                              0x20000010   Data           1  tm_stm32f4_adc.o(.data)
    TM_DELAY_Initialized                     0x20000014   Data           1  tm_stm32f4_delay.o(.data)
    ILI9341_x                                0x20000024   Data           2  tm_stm32f4_ili9341_ltdc.o(.data)
    ILI9341_y                                0x20000026   Data           2  tm_stm32f4_ili9341_ltdc.o(.data)
    SystemCoreClock                          0x20000028   Data           4  system_stm32f4xx.o(.data)
    AHBPrescTable                            0x2000002c   Data          16  system_stm32f4xx.o(.data)
    rx_buffer_overflow                       0x2000003c   Data           1  usart.o(.data)
    break_flag                               0x2000003d   Data           1  usart.o(.data)
    USART_ACTIVE                             0x2000003e   Data           1  usart.o(.data)
    rx_wr_index                              0x20000040   Data           2  usart.o(.data)
    rx_rd_index                              0x20000042   Data           2  usart.o(.data)
    rx_counter                               0x20000044   Data           2  usart.o(.data)
    tx_wr_index                              0x20000046   Data           2  usart.o(.data)
    tx_rd_index                              0x20000048   Data           2  usart.o(.data)
    tx_counter                               0x2000004a   Data           2  usart.o(.data)
    secondsCount                             0x2000004c   Data           4  init_periph_irqs.o(.data)
    tim2_count                               0x20000050   Data           4  init_periph_irqs.o(.data)
    tim5_count                               0x20000054   Data           4  init_periph_irqs.o(.data)
    tim5_count2                              0x20000058   Data           4  init_periph_irqs.o(.data)
    tim5_count3                              0x2000005c   Data           4  init_periph_irqs.o(.data)
    tim5_count4                              0x20000060   Data           4  init_periph_irqs.o(.data)
    counter                                  0x20000064   Data           4  init_periph_irqs.o(.data)
    counter2                                 0x20000068   Data           4  init_periph_irqs.o(.data)
    counter3                                 0x2000006c   Data           4  init_periph_irqs.o(.data)
    counter4                                 0x20000070   Data           4  init_periph_irqs.o(.data)
    tim4_counter0                            0x20000074   Data           4  init_periph_irqs.o(.data)
    tim4_count0                              0x20000078   Data           4  init_periph_irqs.o(.data)
    led_counter                              0x2000007c   Data           4  init_periph_irqs.o(.data)
    xLED                                     0x20000080   Data           4  init_periph_irqs.o(.data)
    sampleCounterIRQ                         0x20000084   Data           4  init_periph_irqs.o(.data)
    silence_thresh_is_set                    0x20000088   Data           1  detect_whistle.o(.data)
    raw_adc                                  0x2000008a   Data           2  detect_whistle.o(.data)
    claps                                    0x2000008c   Data           4  detect_whistle.o(.data)
    silence_thresh                           0x20000090   Data           4  detect_whistle.o(.data)
    silence_thresh_avg                       0x20000094   Data           4  detect_whistle.o(.data)
    N                                        0x20000098   Data           4  detect_whistle.o(.data)
    correction_value                         0x2000009c   Data           4  detect_whistle.o(.data)
    silence_value_biggest_old                0x200000a0   Data           4  detect_whistle.o(.data)
    freq                                     0x200000a4   Data           4  detect_whistle.o(.data)
    silence_thresh_incr                      0x200000a8   Data           4  detect_whistle.o(.data)
    silence_thresh_incr_old                  0x200000ac   Data           4  detect_whistle.o(.data)
    silence_value_biggest                    0x200000b0   Data           4  detect_whistle.o(.data)
    c1_state                                 0x200000b4   Data           1  cup_detection.o(.data)
    c2_state                                 0x200000b5   Data           1  cup_detection.o(.data)
    c3_state                                 0x200000b6   Data           1  cup_detection.o(.data)
    c4_state                                 0x200000b7   Data           1  cup_detection.o(.data)
    c5_state                                 0x200000b8   Data           1  cup_detection.o(.data)
    _task_counter                            0x200000b9   Data           1  cup_detection.o(.data)
    cups_override                            0x200000ba   Data           1  cup_detection.o(.data)
    first_start                              0x200000bb   Data           1  cup_detection.o(.data)
    cstate                                   0x200000bc   Data           2  cup_detection.o(.data)
    IBI                                      0x200000c0   Data           2  pulse_reading.o(.data)
    Pulse                                    0x200000c2   Data           2  pulse_reading.o(.data)
    QS                                       0x200000c4   Data           2  pulse_reading.o(.data)
    P                                        0x200000c6   Data           2  pulse_reading.o(.data)
    T                                        0x200000c8   Data           2  pulse_reading.o(.data)
    thresh                                   0x200000ca   Data           2  pulse_reading.o(.data)
    amp                                      0x200000cc   Data           2  pulse_reading.o(.data)
    firstBeat                                0x200000ce   Data           2  pulse_reading.o(.data)
    secondBeat                               0x200000d0   Data           2  pulse_reading.o(.data)
    old_tim5_count                           0x200000d2   Data           2  pulse_reading.o(.data)
    BPM                                      0x200000d4   Data           2  pulse_reading.o(.data)
    Signal                                   0x200000d6   Data           2  pulse_reading.o(.data)
    SignalToDraw                             0x200000d8   Data           2  pulse_reading.o(.data)
    threshToDraw                             0x200000da   Data           2  pulse_reading.o(.data)
    prev_Signal                              0x200000dc   Data           2  pulse_reading.o(.data)
    lastBeatTime                             0x200000e0   Data           4  pulse_reading.o(.data)
    dot2_always_on                           0x200000e4   Data           1  leds.o(.data)
    numbers                                  0x200000e5   Data          10  leds.o(.data)
    LCD_state                                0x200000f0   Data           1  lph8731-3c.o(.data)
    RS_old                                   0x200000f1   Data           1  lph8731-3c.o(.data)
    rot                                      0x200000f4   Data           4  lph8731-3c.o(.data)
    ILI9341_Opts                             0x200000f8   Data          16  tm_stm32f4_ili9341_ltdc.o(.bss)
    rx_buffer                                0x20000108   Data         350  usart.o(.bss)
    tx_buffer                                0x20000266   Data         350  usart.o(.bss)
    Input                                    0x200003c4   Data        2048  detect_whistle.o(.bss)
    Output                                   0x20000bc4   Data        1024  detect_whistle.o(.bss)
    OutputInVoiceRange                       0x20000fc4   Data          72  detect_whistle.o(.bss)
    silence_thresh_str                       0x2000100c   Data          15  detect_whistle.o(.bss)
    silence_value_str                        0x2000101b   Data          15  detect_whistle.o(.bss)
    silence_time_str                         0x2000102a   Data          15  detect_whistle.o(.bss)
    whistle_time_str                         0x20001039   Data          15  detect_whistle.o(.bss)
    whistle_freq_str                         0x20001048   Data          64  detect_whistle.o(.bss)
    silence_value_biggest_str                0x20001088   Data          15  detect_whistle.o(.bss)
    silence_thresh_time_str                  0x20001097   Data          15  detect_whistle.o(.bss)
    silence_energy_str                       0x200010a6   Data          15  detect_whistle.o(.bss)
    raw_adc_str                              0x200010b5   Data          15  detect_whistle.o(.bss)
    rate                                     0x200010c4   Data          20  pulse_reading.o(.bss)
    BPM_result_str                           0x200010d8   Data          15  pulse_reading.o(.bss)
    scd                                      0x200010e7   Data          15  movement_detection.o(.bss)
    __libspace_start                         0x200010f8   Data          96  libspace.o(.bss)
    __temporary_stack_top$libspace           0x20001158   Data           0  libspace.o(.bss)



==============================================================================

Memory Map of the image

  Image Entry point : 0x08000279

  Load Region LR_1 (Base: 0x08000000, Size: 0x00012824, Max: 0xffffffff, ABSOLUTE)

    Execution Region ER_RO (Base: 0x08000000, Size: 0x0001272c, Max: 0xffffffff, ABSOLUTE)

    Base Addr    Size         Type   Attr      Idx    E Section Name        Object

    0x08000000   0x000001ac   Data   RO            3    RESET               startup_stm32f427_437xx.o
    0x080001ac   0x00000008   Code   RO         1437  * !!!main             c_w.l(__main.o)
    0x080001b4   0x00000034   Code   RO         1725    !!!scatter          c_w.l(__scatter.o)
    0x080001e8   0x0000001a   Code   RO         1727    !!handler_copy      c_w.l(__scatter_copy.o)
    0x08000202   0x00000002   PAD
    0x08000204   0x0000001c   Code   RO         1729    !!handler_zi        c_w.l(__scatter_zi.o)
    0x08000220   0x00000000   Code   RO         1430    .ARM.Collect$$_printf_percent$$00000000  c_w.l(_printf_percent.o)
    0x08000220   0x00000006   Code   RO         1429    .ARM.Collect$$_printf_percent$$00000003  c_w.l(_printf_f.o)
    0x08000226   0x00000006   Code   RO         1428    .ARM.Collect$$_printf_percent$$00000009  c_w.l(_printf_d.o)
    0x0800022c   0x00000006   Code   RO         1427    .ARM.Collect$$_printf_percent$$0000000C  c_w.l(_printf_x.o)
    0x08000232   0x00000004   Code   RO         1499    .ARM.Collect$$_printf_percent$$00000017  c_w.l(_printf_percent_end.o)
    0x08000236   0x00000002   Code   RO         1664    .ARM.Collect$$libinit$$00000000  c_w.l(libinit.o)
    0x08000238   0x00000004   Code   RO         1502    .ARM.Collect$$libinit$$00000001  c_w.l(libinit2.o)
    0x0800023c   0x00000000   Code   RO         1505    .ARM.Collect$$libinit$$00000004  c_w.l(libinit2.o)
    0x0800023c   0x00000008   Code   RO         1506    .ARM.Collect$$libinit$$00000005  c_w.l(libinit2.o)
    0x08000244   0x00000000   Code   RO         1508    .ARM.Collect$$libinit$$0000000A  c_w.l(libinit2.o)
    0x08000244   0x00000000   Code   RO         1510    .ARM.Collect$$libinit$$0000000C  c_w.l(libinit2.o)
    0x08000244   0x00000000   Code   RO         1512    .ARM.Collect$$libinit$$0000000E  c_w.l(libinit2.o)
    0x08000244   0x00000006   Code   RO         1513    .ARM.Collect$$libinit$$0000000F  c_w.l(libinit2.o)
    0x0800024a   0x00000000   Code   RO         1515    .ARM.Collect$$libinit$$00000011  c_w.l(libinit2.o)
    0x0800024a   0x00000000   Code   RO         1517    .ARM.Collect$$libinit$$00000013  c_w.l(libinit2.o)
    0x0800024a   0x00000000   Code   RO         1519    .ARM.Collect$$libinit$$00000015  c_w.l(libinit2.o)
    0x0800024a   0x0000000a   Code   RO         1520    .ARM.Collect$$libinit$$00000016  c_w.l(libinit2.o)
    0x08000254   0x00000000   Code   RO         1521    .ARM.Collect$$libinit$$00000017  c_w.l(libinit2.o)
    0x08000254   0x00000000   Code   RO         1523    .ARM.Collect$$libinit$$00000019  c_w.l(libinit2.o)
    0x08000254   0x00000000   Code   RO         1525    .ARM.Collect$$libinit$$0000001B  c_w.l(libinit2.o)
    0x08000254   0x00000000   Code   RO         1527    .ARM.Collect$$libinit$$0000001D  c_w.l(libinit2.o)
    0x08000254   0x00000000   Code   RO         1529    .ARM.Collect$$libinit$$0000001F  c_w.l(libinit2.o)
    0x08000254   0x00000000   Code   RO         1531    .ARM.Collect$$libinit$$00000021  c_w.l(libinit2.o)
    0x08000254   0x00000000   Code   RO         1533    .ARM.Collect$$libinit$$00000023  c_w.l(libinit2.o)
    0x08000254   0x00000000   Code   RO         1535    .ARM.Collect$$libinit$$00000025  c_w.l(libinit2.o)
    0x08000254   0x00000000   Code   RO         1539    .ARM.Collect$$libinit$$0000002C  c_w.l(libinit2.o)
    0x08000254   0x00000000   Code   RO         1541    .ARM.Collect$$libinit$$0000002E  c_w.l(libinit2.o)
    0x08000254   0x00000000   Code   RO         1543    .ARM.Collect$$libinit$$00000030  c_w.l(libinit2.o)
    0x08000254   0x00000000   Code   RO         1545    .ARM.Collect$$libinit$$00000032  c_w.l(libinit2.o)
    0x08000254   0x00000002   Code   RO         1546    .ARM.Collect$$libinit$$00000033  c_w.l(libinit2.o)
    0x08000256   0x00000002   Code   RO         1722    .ARM.Collect$$libshutdown$$00000000  c_w.l(libshutdown.o)
    0x08000258   0x00000000   Code   RO         1678    .ARM.Collect$$libshutdown$$00000002  c_w.l(libshutdown2.o)
    0x08000258   0x00000000   Code   RO         1680    .ARM.Collect$$libshutdown$$00000004  c_w.l(libshutdown2.o)
    0x08000258   0x00000000   Code   RO         1683    .ARM.Collect$$libshutdown$$00000007  c_w.l(libshutdown2.o)
    0x08000258   0x00000000   Code   RO         1686    .ARM.Collect$$libshutdown$$0000000A  c_w.l(libshutdown2.o)
    0x08000258   0x00000000   Code   RO         1688    .ARM.Collect$$libshutdown$$0000000C  c_w.l(libshutdown2.o)
    0x08000258   0x00000000   Code   RO         1691    .ARM.Collect$$libshutdown$$0000000F  c_w.l(libshutdown2.o)
    0x08000258   0x00000002   Code   RO         1692    .ARM.Collect$$libshutdown$$00000010  c_w.l(libshutdown2.o)
    0x0800025a   0x00000000   Code   RO         1465    .ARM.Collect$$rtentry$$00000000  c_w.l(__rtentry.o)
    0x0800025a   0x00000000   Code   RO         1562    .ARM.Collect$$rtentry$$00000002  c_w.l(__rtentry2.o)
    0x0800025a   0x00000006   Code   RO         1574    .ARM.Collect$$rtentry$$00000004  c_w.l(__rtentry4.o)
    0x08000260   0x00000000   Code   RO         1564    .ARM.Collect$$rtentry$$00000009  c_w.l(__rtentry2.o)
    0x08000260   0x00000004   Code   RO         1565    .ARM.Collect$$rtentry$$0000000A  c_w.l(__rtentry2.o)
    0x08000264   0x00000000   Code   RO         1567    .ARM.Collect$$rtentry$$0000000C  c_w.l(__rtentry2.o)
    0x08000264   0x00000008   Code   RO         1568    .ARM.Collect$$rtentry$$0000000D  c_w.l(__rtentry2.o)
    0x0800026c   0x00000002   Code   RO         1667    .ARM.Collect$$rtexit$$00000000  c_w.l(rtexit.o)
    0x0800026e   0x00000000   Code   RO         1696    .ARM.Collect$$rtexit$$00000002  c_w.l(rtexit2.o)
    0x0800026e   0x00000004   Code   RO         1697    .ARM.Collect$$rtexit$$00000003  c_w.l(rtexit2.o)
    0x08000272   0x00000006   Code   RO         1698    .ARM.Collect$$rtexit$$00000004  c_w.l(rtexit2.o)
    0x08000278   0x00000000   Code   RO         1583    .emb_text           c_w.l(maybetermalloc1.o)
    0x08000278   0x00000040   Code   RO            4  * .text               startup_stm32f427_437xx.o
    0x080002b8   0x000000b0   Code   RO           12    .text               misc.o
    0x08000368   0x00000484   Code   RO          143    .text               stm32f4xx_rcc.o
    0x080007ec   0x0000020c   Code   RO          165    .text               stm32f4xx_gpio.o
    0x080009f8   0x00000354   Code   RO          185    .text               stm32f4xx_adc.o
    0x08000d4c   0x000009dc   Code   RO          245    .text               stm32f4xx_tim.o
    0x08001728   0x000006ba   Code   RO          266    .text               stm32f4xx_fmc.o
    0x08001de2   0x00000002   PAD
    0x08001de4   0x0000046c   Code   RO          289    .text               stm32f4xx_ltdc.o
    0x08002250   0x0000032c   Code   RO          312    .text               stm32f4xx_spi.o
    0x0800257c   0x00000358   Code   RO          332    .text               stm32f4xx_usart.o
    0x080028d4   0x00000668   Code   RO          392    .text               arm_cfft_radix4_f32.o
    0x08002f3c   0x000000b0   Code   RO          425    .text               arm_cfft_radix4_init_f32.o
    0x08002fec   0x000000d0   Code   RO          500    .text               arm_cmplx_mag_f32.o
    0x080030bc   0x00000092   Code   RO          523    .text               arm_max_f32.o
    0x0800314e   0x000001b0   Code   RO          543    .text               arm_bitreversal.o
    0x080032fe   0x00000092   Code   RO          563    .text               arm_min_f32.o
    0x08003390   0x0000005c   Code   RO          583    .text               arm_mean_f32.o
    0x080033ec   0x00000348   Code   RO          603    .text               tm_stm32f4_adc.o
    0x08003734   0x000000dc   Code   RO          729    .text               tm_stm32f4_delay.o
    0x08003810   0x00000bd8   Code   RO          808    .text               tm_stm32f4_ili9341_ltdc.o
    0x080043e8   0x000003b4   Code   RO          843    .text               tm_stm32f4_sdram.o
    0x0800479c   0x000006e4   Code   RO          864    .text               tm_stm32f4_spi.o
    0x08004e80   0x0000001a   Code   RO          961    .text               stm32f4xx_it.o
    0x08004e9a   0x00000002   PAD
    0x08004e9c   0x00000198   Code   RO          987    .text               system_stm32f4xx.o
    0x08005034   0x00000290   Code   RO         1013    .text               main.o
    0x080052c4   0x00000654   Code   RO         1076    .text               usart.o
    0x08005918   0x000003bc   Code   RO         1110    .text               init_periph_irqs.o
    0x08005cd4   0x00000f50   Code   RO         1133    .text               detect_whistle.o
    0x08006c24   0x00000104   Code   RO         1163    .text               cup_detection.o
    0x08006d28   0x000002ec   Code   RO         1188    .text               pulse_reading.o
    0x08007014   0x000000e0   Code   RO         1218    .text               movement_detection.o
    0x080070f4   0x00000410   Code   RO         1241    .text               leds.o
    0x08007504   0x000000f8   Code   RO         1266    .text               quest.o
    0x080075fc   0x00000ecc   Code   RO         1286    .text               lph8731-3c.o
    0x080084c8   0x0000005e   Code   RO         1318    .text               c_w.l(h1_alloc.o)
    0x08008526   0x0000004e   Code   RO         1320    .text               c_w.l(h1_free.o)
    0x08008574   0x00000028   Code   RO         1378    .text               c_w.l(noretval__2sprintf.o)
    0x0800859c   0x0000004e   Code   RO         1382    .text               c_w.l(_printf_pad.o)
    0x080085ea   0x00000002   PAD
    0x080085ec   0x00000078   Code   RO         1384    .text               c_w.l(_printf_dec.o)
    0x08008664   0x00000058   Code   RO         1389    .text               c_w.l(_printf_hex_int.o)
    0x080086bc   0x00000138   Code   RO         1419    .text               c_w.l(__printf_flags_wp.o)
    0x080087f4   0x0000003e   Code   RO         1431    .text               c_w.l(strlen.o)
    0x08008832   0x00000064   Code   RO         1433    .text               c_w.l(rt_memcpy_w.o)
    0x08008896   0x00000006   Code   RO         1435    .text               c_w.l(heapauxi.o)
    0x0800889c   0x00000008   Code   RO         1469    .text               c_w.l(rt_heap_descriptor_intlibspace.o)
    0x080088a4   0x00000004   Code   RO         1471    .text               c_w.l(hguard.o)
    0x080088a8   0x0000008a   Code   RO         1473    .text               c_w.l(init_alloc.o)
    0x08008932   0x0000000e   Code   RO         1477    .text               c_w.l(h1_init.o)
    0x08008940   0x000000b2   Code   RO         1491    .text               c_w.l(_printf_intcommon.o)
    0x080089f2   0x0000041a   Code   RO         1493    .text               c_w.l(_printf_fp_dec.o)
    0x08008e0c   0x00000030   Code   RO         1495    .text               c_w.l(_printf_char_common.o)
    0x08008e3c   0x0000000a   Code   RO         1497    .text               c_w.l(_sputc.o)
    0x08008e46   0x00000002   PAD
    0x08008e48   0x00000008   Code   RO         1558    .text               c_w.l(libspace.o)
    0x08008e50   0x00000008   Code   RO         1579    .text               c_w.l(rt_locale_intlibspace.o)
    0x08008e58   0x00000034   Code   RO         1585    .text               c_w.l(h1_extend.o)
    0x08008e8c   0x0000008a   Code   RO         1589    .text               c_w.l(lludiv10.o)
    0x08008f16   0x00000002   PAD
    0x08008f18   0x00000080   Code   RO         1591    .text               c_w.l(_printf_fp_infnan.o)
    0x08008f98   0x000000dc   Code   RO         1595    .text               c_w.l(bigflt0.o)
    0x08009074   0x0000000e   Code   RO         1623    .text               c_w.l(defsig_rtmem_outer.o)
    0x08009082   0x00000002   Code   RO         1638    .text               c_w.l(use_no_semi.o)
    0x08009084   0x00000000   Code   RO         1640    .text               c_w.l(indicate_semi.o)
    0x08009084   0x0000004a   Code   RO         1641    .text               c_w.l(sys_stackheap_outer.o)
    0x080090ce   0x00000012   Code   RO         1647    .text               c_w.l(exit.o)
    0x080090e0   0x0000000a   Code   RO         1649    .text               c_w.l(defsig_exit.o)
    0x080090ea   0x00000002   PAD
    0x080090ec   0x00000050   Code   RO         1651    .text               c_w.l(defsig_rtmem_inner.o)
    0x0800913c   0x00000080   Code   RO         1653    .text               c_w.l(strcmpv7m.o)
    0x080091bc   0x0000000c   Code   RO         1665    .text               c_w.l(sys_exit.o)
    0x080091c8   0x00000032   Code   RO         1675    .text               c_w.l(defsig_general.o)
    0x080091fa   0x0000000e   Code   RO         1693    .text               c_w.l(sys_wrch.o)
    0x08009208   0x0000003e   Code   RO         1598    CL$$btod_d2e        c_w.l(btod.o)
    0x08009246   0x00000046   Code   RO         1600    CL$$btod_d2e_denorm_low  c_w.l(btod.o)
    0x0800928c   0x00000060   Code   RO         1599    CL$$btod_d2e_norm_op1  c_w.l(btod.o)
    0x080092ec   0x00000338   Code   RO         1608    CL$$btod_div_common  c_w.l(btod.o)
    0x08009624   0x000000c6   Code   RO         1605    CL$$btod_e2e        c_w.l(btod.o)
    0x080096ea   0x00000028   Code   RO         1602    CL$$btod_ediv       c_w.l(btod.o)
    0x08009712   0x00000028   Code   RO         1601    CL$$btod_emul       c_w.l(btod.o)
    0x0800973a   0x00000244   Code   RO         1607    CL$$btod_mult_common  c_w.l(btod.o)
    0x0800997e   0x00000030   Code   RO         1636    i.__ARM_fpclassify  m_wm.l(fpclassify.o)
    0x080099ae   0x0000000e   Code   RO         1417    i._is_digit         c_w.l(__printf_wp.o)
    0x080099bc   0x0000002c   Code   RO         1621    locale$$code        c_w.l(lc_numeric_c.o)
    0x080099e8   0x0000000c   Code   RO         1551    x$fpl$dretinf       fz_wm.l(dretinf.o)
    0x080099f4   0x00000056   Code   RO         1459    x$fpl$f2d           fz_wm.l(f2d.o)
    0x08009a4a   0x0000008c   Code   RO         1553    x$fpl$fnaninf       fz_wm.l(fnaninf.o)
    0x08009ad6   0x0000000a   Code   RO         1632    x$fpl$fpinit        fz_wm.l(fpinit.o)
    0x08009ae0   0x00000004   Code   RO         1461    x$fpl$printf1       fz_wm.l(printf1.o)
    0x08009ae4   0x00000000   Code   RO         1555    x$fpl$usenofp       fz_wm.l(usenofp.o)
    0x08009ae4   0x0000001c   Data   RO          267    .constdata          stm32f4xx_fmc.o
    0x08009b00   0x00000800   Data   RO          449    .constdata          arm_common_tables.o
    0x0800a300   0x00008000   Data   RO          458    .constdata          arm_common_tables.o
    0x08012300   0x00000320   Data   RO         1287    .constdata          lph8731-3c.o
    0x08012620   0x00000028   Data   RO         1390    .constdata          c_w.l(_printf_hex_int.o)
    0x08012648   0x00000011   Data   RO         1420    .constdata          c_w.l(__printf_flags_wp.o)
    0x08012659   0x00000003   PAD
    0x0801265c   0x00000094   Data   RO         1596    .constdata          c_w.l(bigflt0.o)
    0x080126f0   0x00000020   Data   RO         1723    Region$$Table       anon$$obj.o
    0x08012710   0x0000001c   Data   RO         1620    locale$$data        c_w.l(lc_numeric_c.o)


    Execution Region ER_RW (Base: 0x20000000, Size: 0x000000f8, Max: 0xffffffff, ABSOLUTE)

    Base Addr    Size         Type   Attr      Idx    E Section Name        Object

    0x20000000   0x00000010   Data   RW          144    .data               stm32f4xx_rcc.o
    0x20000010   0x00000001   Data   RW          604    .data               tm_stm32f4_adc.o
    0x20000011   0x00000003   PAD
    0x20000014   0x00000010   Data   RW          730    .data               tm_stm32f4_delay.o
    0x20000024   0x00000004   Data   RW          810    .data               tm_stm32f4_ili9341_ltdc.o
    0x20000028   0x00000014   Data   RW          988    .data               system_stm32f4xx.o
    0x2000003c   0x00000010   Data   RW         1082    .data               usart.o
    0x2000004c   0x0000003c   Data   RW         1111    .data               init_periph_irqs.o
    0x20000088   0x0000002c   Data   RW         1135    .data               detect_whistle.o
    0x200000b4   0x0000000a   Data   RW         1164    .data               cup_detection.o
    0x200000be   0x00000002   PAD
    0x200000c0   0x00000024   Data   RW         1194    .data               pulse_reading.o
    0x200000e4   0x0000000b   Data   RW         1243    .data               leds.o
    0x200000ef   0x00000001   PAD
    0x200000f0   0x00000008   Data   RW         1288    .data               lph8731-3c.o


    Execution Region ER_ZI (Base: 0x200000f8, Size: 0x00001660, Max: 0xffffffff, ABSOLUTE)

    Base Addr    Size         Type   Attr      Idx    E Section Name        Object

    0x200000f8   0x00000010   Zero   RW          809    .bss                tm_stm32f4_ili9341_ltdc.o
    0x20000108   0x000002bc   Zero   RW         1079    .bss                usart.o
    0x200003c4   0x00000d00   Zero   RW         1134    .bss                detect_whistle.o
    0x200010c4   0x00000023   Zero   RW         1189    .bss                pulse_reading.o
    0x200010e7   0x0000000f   Zero   RW         1219    .bss                movement_detection.o
    0x200010f6   0x00000002   PAD
    0x200010f8   0x00000060   Zero   RW         1559    .bss                c_w.l(libspace.o)
    0x20001158   0x00000200   Zero   RW            2    HEAP                startup_stm32f427_437xx.o
    0x20001358   0x00000400   Zero   RW            1    STACK               startup_stm32f427_437xx.o


==============================================================================

Image component sizes


      Code (inc. data)   RO Data    RW Data    ZI Data      Debug   Object Name

       432          0          0          0          0       3014   arm_bitreversal.o
      1640          0          0          0          0      18884   arm_cfft_radix4_f32.o
       176         34          0          0          0       1019   arm_cfft_radix4_init_f32.o
       208          6          0          0          0      13748   arm_cmplx_mag_f32.o
         0          0      34816          0          0       2817   arm_common_tables.o
       146          0          0          0          0       1734   arm_max_f32.o
        92          6          0          0          0        927   arm_mean_f32.o
       146          0          0          0          0       1734   arm_min_f32.o
       260         12          0         10          0       3147   cup_detection.o
      3920        384          0         44       3328       7541   detect_whistle.o
       956         38          0         60          0       6996   init_periph_irqs.o
      1040         30          0         11          0       4598   leds.o
      3788         26        800          8          0      15278   lph8731-3c.o
       656         52          0          0          0      29886   main.o
       176         12          0          0          0     328185   misc.o
       224         34          0          0         15       1240   movement_detection.o
       748         38          0         36         35       3100   pulse_reading.o
       248         30          0          0          0        715   quest.o
        64         26        428          0       1536       1036   startup_stm32f427_437xx.o
       852         20          0          0          0      11258   stm32f4xx_adc.o
      1722         18         28          0          0       8706   stm32f4xx_fmc.o
       524         44          0          0          0       4813   stm32f4xx_gpio.o
        26          0          0          0          0       1452   stm32f4xx_it.o
      1132         18          0          0          0      15108   stm32f4xx_ltdc.o
      1156         48          0         16          0      13772   stm32f4xx_rcc.o
       812         36          0          0          0       7713   stm32f4xx_spi.o
      2524         52          0          0          0      24338   stm32f4xx_tim.o
       856         32          0          0          0       8628   stm32f4xx_usart.o
       408         36          0         20          0       2003   system_stm32f4xx.o
       840         32          0          1          0       5819   tm_stm32f4_adc.o
       220         18          0         16          0      29873   tm_stm32f4_delay.o
         0          0          0          0          0        500   tm_stm32f4_fonts.o
      3032         72          0          4         16      15615   tm_stm32f4_ili9341_ltdc.o
       948         34          0          0          0       3417   tm_stm32f4_sdram.o
      1764         78          0          0          0       5844   tm_stm32f4_spi.o
      1620        114          0         16        700       7944   usart.o

    ----------------------------------------------------------------------
     33360       1380      36104        248       5632     612402   Object Totals
         0          0         32          0          0          0   (incl. Generated)
         4          0          0          6          2          0   (incl. Padding)

    ----------------------------------------------------------------------

      Code (inc. data)   RO Data    RW Data    ZI Data      Debug   Library Member Name

         8          0          0          0          0         68   __main.o
       312          4         17          0          0         92   __printf_flags_wp.o
        14          0          0          0          0         68   __printf_wp.o
         0          0          0          0          0          0   __rtentry.o
        12          0          0          0          0          0   __rtentry2.o
         6          0          0          0          0          0   __rtentry4.o
        52          8          0          0          0          0   __scatter.o
        26          0          0          0          0          0   __scatter_copy.o
        28          0          0          0          0          0   __scatter_zi.o
        48          6          0          0          0         96   _printf_char_common.o
         6          0          0          0          0          0   _printf_d.o
       120         16          0          0          0         92   _printf_dec.o
         6          0          0          0          0          0   _printf_f.o
      1050          0          0          0          0        216   _printf_fp_dec.o
       128         16          0          0          0         84   _printf_fp_infnan.o
        88          4         40          0          0         88   _printf_hex_int.o
       178          0          0          0          0         88   _printf_intcommon.o
        78          0          0          0          0        108   _printf_pad.o
         0          0          0          0          0          0   _printf_percent.o
         4          0          0          0          0          0   _printf_percent_end.o
         6          0          0          0          0          0   _printf_x.o
        10          0          0          0          0         68   _sputc.o
       220          4        148          0          0         96   bigflt0.o
      1910        128          0          0          0        672   btod.o
        10          0          0          0          0         68   defsig_exit.o
        50          0          0          0          0         88   defsig_general.o
        80         58          0          0          0         76   defsig_rtmem_inner.o
        14          0          0          0          0         80   defsig_rtmem_outer.o
        18          0          0          0          0         80   exit.o
        94          0          0          0          0         80   h1_alloc.o
        52          0          0          0          0         68   h1_extend.o
        78          0          0          0          0         80   h1_free.o
        14          0          0          0          0         84   h1_init.o
         6          0          0          0          0        152   heapauxi.o
         4          0          0          0          0        136   hguard.o
         0          0          0          0          0          0   indicate_semi.o
       138          0          0          0          0        168   init_alloc.o
        44         10         28          0          0         76   lc_numeric_c.o
         2          0          0          0          0          0   libinit.o
        30          0          0          0          0          0   libinit2.o
         2          0          0          0          0          0   libshutdown.o
         2          0          0          0          0          0   libshutdown2.o
         8          4          0          0         96         68   libspace.o
       138          0          0          0          0         80   lludiv10.o
         0          0          0          0          0          0   maybetermalloc1.o
        40          6          0          0          0         84   noretval__2sprintf.o
         8          4          0          0          0         68   rt_heap_descriptor_intlibspace.o
         8          4          0          0          0         68   rt_locale_intlibspace.o
       100          0          0          0          0         80   rt_memcpy_w.o
         2          0          0          0          0          0   rtexit.o
        10          0          0          0          0          0   rtexit2.o
       128          0          0          0          0         68   strcmpv7m.o
        62          0          0          0          0         76   strlen.o
        12          4          0          0          0         68   sys_exit.o
        74          0          0          0          0         80   sys_stackheap_outer.o
        14          0          0          0          0         76   sys_wrch.o
         2          0          0          0          0         68   use_no_semi.o
        12          0          0          0          0        116   dretinf.o
        86          4          0          0          0        132   f2d.o
       140          4          0          0          0        132   fnaninf.o
        10          0          0          0          0        116   fpinit.o
         4          0          0          0          0        116   printf1.o
         0          0          0          0          0          0   usenofp.o
        48          0          0          0          0        124   fpclassify.o

    ----------------------------------------------------------------------
      5864        284        236          0         96       4692   Library Totals
        10          0          3          0          0          0   (incl. Padding)

    ----------------------------------------------------------------------

      Code (inc. data)   RO Data    RW Data    ZI Data      Debug   Library Name

      5554        276        233          0         96       3956   c_w.l
       252          8          0          0          0        612   fz_wm.l
        48          0          0          0          0        124   m_wm.l

    ----------------------------------------------------------------------
      5864        284        236          0         96       4692   Library Totals

    ----------------------------------------------------------------------

==============================================================================


      Code (inc. data)   RO Data    RW Data    ZI Data      Debug   

     39224       1664      36340        248       5728     606358   Grand Totals
     39224       1664      36340        248       5728     606358   ELF Image Totals
     39224       1664      36340        248          0          0   ROM Totals

==============================================================================

    Total RO  Size (Code + RO Data)                75564 (  73.79kB)
    Total RW  Size (RW Data + ZI Data)              5976 (   5.84kB)
    Total ROM Size (Code + RO Data + RW Data)      75812 (  74.04kB)

==============================================================================

